Run 1:
S3 Test file path: bnl/ch330a.pc19790301-def.nc
Target Variable: UM_m01s16i202_vn1106
Dataset loaded from S3 with s3fs and Pyfive: bnl/ch330a.pc19790301-def.nc (0.14,3.6)
Loaded dataset <HDF5 dataset "UM_m01s16i202_vn1106": shape (40, 1920, 2560), type "float32">
Confirm slice is (slice(0, 18, None), slice(0, 891, None), slice(0, 1188, None))
Result is [[[4823.484375]]]
        4.27 real         0.60 user         0.29 sys
           279592960  maximum resident set size
                   0  average shared memory size
                   0  average unshared data size
                   0  average unshared stack size
               26537  page reclaims
                   1  page faults
                   0  swaps
                   0  block input operations
                   0  block output operations
                 105  messages sent
               16099  messages received
                   0  signals received
                  54  voluntary context switches
               35245  involuntary context switches
          8802237252  instructions retired
          3437623203  cycles elapsed
           214909792  peak memory footprint
----------------------
Run 2:
S3 Test file path: bnl/ch330a.pc19790301-def.nc
Target Variable: UM_m01s16i202_vn1106
Dataset loaded from S3 with s3fs and Pyfive: bnl/ch330a.pc19790301-def.nc (0.15,3.7)
Loaded dataset <HDF5 dataset "UM_m01s16i202_vn1106": shape (40, 1920, 2560), type "float32">
Confirm slice is (slice(0, 18, None), slice(0, 891, None), slice(0, 1188, None))
Result is [[[4823.484375]]]
        4.34 real         0.59 user         0.30 sys
           274546688  maximum resident set size
                   0  average shared memory size
                   0  average unshared data size
                   0  average unshared stack size
               24634  page reclaims
                  22  page faults
                   0  swaps
                   0  block input operations
                   0  block output operations
                 105  messages sent
               16049  messages received
                   0  signals received
                  55  voluntary context switches
               35746  involuntary context switches
          8783739508  instructions retired
          3492918533  cycles elapsed
           215548936  peak memory footprint
----------------------
Run 3:
S3 Test file path: bnl/ch330a.pc19790301-def.nc
Target Variable: UM_m01s16i202_vn1106
Dataset loaded from S3 with s3fs and Pyfive: bnl/ch330a.pc19790301-def.nc (0.15,3.7)
Loaded dataset <HDF5 dataset "UM_m01s16i202_vn1106": shape (40, 1920, 2560), type "float32">
Confirm slice is (slice(0, 18, None), slice(0, 891, None), slice(0, 1188, None))
Result is [[[4823.484375]]]
        4.37 real         0.60 user         0.30 sys
           274235392  maximum resident set size
                   0  average shared memory size
                   0  average unshared data size
                   0  average unshared stack size
               26627  page reclaims
                   1  page faults
                   0  swaps
                   0  block input operations
                   0  block output operations
                 105  messages sent
               16373  messages received
                   0  signals received
                  56  voluntary context switches
               34592  involuntary context switches
          8824049858  instructions retired
          3482414084  cycles elapsed
           213189616  peak memory footprint
----------------------
Run 4:
S3 Test file path: bnl/ch330a.pc19790301-def.nc
Target Variable: UM_m01s16i202_vn1106
Dataset loaded from S3 with s3fs and Pyfive: bnl/ch330a.pc19790301-def.nc (0.14,3.8)
Loaded dataset <HDF5 dataset "UM_m01s16i202_vn1106": shape (40, 1920, 2560), type "float32">
Confirm slice is (slice(0, 18, None), slice(0, 891, None), slice(0, 1188, None))
Result is [[[4823.484375]]]
        4.45 real         0.62 user         0.30 sys
           273842176  maximum resident set size
                   0  average shared memory size
                   0  average unshared data size
                   0  average unshared stack size
               25299  page reclaims
                   1  page faults
                   0  swaps
                   0  block input operations
                   0  block output operations
                 105  messages sent
               16985  messages received
                   0  signals received
                  56  voluntary context switches
               35696  involuntary context switches
          8862607530  instructions retired
          3531521410  cycles elapsed
           223609864  peak memory footprint
----------------------
Run 5:
S3 Test file path: bnl/ch330a.pc19790301-def.nc
Target Variable: UM_m01s16i202_vn1106
Dataset loaded from S3 with s3fs and Pyfive: bnl/ch330a.pc19790301-def.nc (0.14,3.8)
Loaded dataset <HDF5 dataset "UM_m01s16i202_vn1106": shape (40, 1920, 2560), type "float32">
Confirm slice is (slice(0, 18, None), slice(0, 891, None), slice(0, 1188, None))
Result is [[[4823.484375]]]
        4.40 real         0.61 user         0.30 sys
           277954560  maximum resident set size
                   0  average shared memory size
                   0  average unshared data size
                   0  average unshared stack size
               24679  page reclaims
                   1  page faults
                   0  swaps
                   0  block input operations
                   0  block output operations
                 105  messages sent
               16475  messages received
                   0  signals received
                  57  voluntary context switches
               36386  involuntary context switches
          8835762755  instructions retired
          3556825841  cycles elapsed
           211633136  peak memory footprint
----------------------
Run 6:
S3 Test file path: bnl/ch330a.pc19790301-def.nc
Target Variable: UM_m01s16i202_vn1106
Dataset loaded from S3 with s3fs and Pyfive: bnl/ch330a.pc19790301-def.nc (0.16,4.1)
Loaded dataset <HDF5 dataset "UM_m01s16i202_vn1106": shape (40, 1920, 2560), type "float32">
Confirm slice is (slice(0, 18, None), slice(0, 891, None), slice(0, 1188, None))
Result is [[[4823.484375]]]
        4.69 real         0.65 user         0.33 sys
           293224448  maximum resident set size
                   0  average shared memory size
                   0  average unshared data size
                   0  average unshared stack size
               24214  page reclaims
                  38  page faults
                   0  swaps
                   0  block input operations
                   0  block output operations
                 105  messages sent
               16722  messages received
                   0  signals received
                  59  voluntary context switches
               38428  involuntary context switches
          9004658548  instructions retired
          3752612803  cycles elapsed
           222135280  peak memory footprint
----------------------
Run 7:
S3 Test file path: bnl/ch330a.pc19790301-def.nc
Target Variable: UM_m01s16i202_vn1106
Dataset loaded from S3 with s3fs and Pyfive: bnl/ch330a.pc19790301-def.nc (0.14,3.7)
Loaded dataset <HDF5 dataset "UM_m01s16i202_vn1106": shape (40, 1920, 2560), type "float32">
Confirm slice is (slice(0, 18, None), slice(0, 891, None), slice(0, 1188, None))
Result is [[[4823.484375]]]
        4.40 real         0.60 user         0.29 sys
           271122432  maximum resident set size
                   0  average shared memory size
                   0  average unshared data size
                   0  average unshared stack size
               26669  page reclaims
                   1  page faults
                   0  swaps
                   0  block input operations
                   0  block output operations
                 105  messages sent
               17032  messages received
                   0  signals received
                  56  voluntary context switches
               37642  involuntary context switches
          8945521559  instructions retired
          3552348517  cycles elapsed
           222233584  peak memory footprint
----------------------
Run 8:
S3 Test file path: bnl/ch330a.pc19790301-def.nc
Target Variable: UM_m01s16i202_vn1106
Dataset loaded from S3 with s3fs and Pyfive: bnl/ch330a.pc19790301-def.nc (0.15,3.9)
Loaded dataset <HDF5 dataset "UM_m01s16i202_vn1106": shape (40, 1920, 2560), type "float32">
Confirm slice is (slice(0, 18, None), slice(0, 891, None), slice(0, 1188, None))
Result is [[[4823.484375]]]
        4.57 real         0.61 user         0.29 sys
           283639808  maximum resident set size
                   0  average shared memory size
                   0  average unshared data size
                   0  average unshared stack size
               25393  page reclaims
                   1  page faults
                   0  swaps
                   0  block input operations
                   0  block output operations
                 105  messages sent
               16929  messages received
                   0  signals received
                  57  voluntary context switches
               37117  involuntary context switches
          8912206448  instructions retired
          3553921503  cycles elapsed
           217564192  peak memory footprint
----------------------
Run 9:
S3 Test file path: bnl/ch330a.pc19790301-def.nc
Target Variable: UM_m01s16i202_vn1106
Dataset loaded from S3 with s3fs and Pyfive: bnl/ch330a.pc19790301-def.nc (0.14,4.0)
Loaded dataset <HDF5 dataset "UM_m01s16i202_vn1106": shape (40, 1920, 2560), type "float32">
Confirm slice is (slice(0, 18, None), slice(0, 891, None), slice(0, 1188, None))
Result is [[[4823.484375]]]
        4.65 real         0.60 user         0.30 sys
           277495808  maximum resident set size
                   0  average shared memory size
                   0  average unshared data size
                   0  average unshared stack size
               24996  page reclaims
                   1  page faults
                   0  swaps
                   0  block input operations
                   0  block output operations
                 105  messages sent
               16446  messages received
                   0  signals received
                  56  voluntary context switches
               35935  involuntary context switches
          8955162318  instructions retired
          3539023559  cycles elapsed
           214352904  peak memory footprint
----------------------
Run 10:
S3 Test file path: bnl/ch330a.pc19790301-def.nc
Target Variable: UM_m01s16i202_vn1106
Dataset loaded from S3 with s3fs and Pyfive: bnl/ch330a.pc19790301-def.nc (0.14,3.7)
Loaded dataset <HDF5 dataset "UM_m01s16i202_vn1106": shape (40, 1920, 2560), type "float32">
Confirm slice is (slice(0, 18, None), slice(0, 891, None), slice(0, 1188, None))
Result is [[[4823.484375]]]
        4.37 real         0.61 user         0.30 sys
           298860544  maximum resident set size
                   0  average shared memory size
                   0  average unshared data size
                   0  average unshared stack size
               26818  page reclaims
                   1  page faults
                   0  swaps
                   0  block input operations
                   0  block output operations
                 105  messages sent
               16671  messages received
                   0  signals received
                  57  voluntary context switches
               36626  involuntary context switches
          8890758427  instructions retired
          3549661619  cycles elapsed
           212042688  peak memory footprint
----------------------
Run 11:
S3 Test file path: bnl/ch330a.pc19790301-def.nc
Target Variable: UM_m01s16i202_vn1106
Dataset loaded from S3 with s3fs and Pyfive: bnl/ch330a.pc19790301-def.nc (0.15,3.7)
Loaded dataset <HDF5 dataset "UM_m01s16i202_vn1106": shape (40, 1920, 2560), type "float32">
Confirm slice is (slice(0, 18, None), slice(0, 891, None), slice(0, 1188, None))
Result is [[[4823.484375]]]
        4.35 real         0.59 user         0.29 sys
           279166976  maximum resident set size
                   0  average shared memory size
                   0  average unshared data size
                   0  average unshared stack size
               25599  page reclaims
                   1  page faults
                   0  swaps
                   0  block input operations
                   0  block output operations
                 105  messages sent
               17030  messages received
                   0  signals received
                  54  voluntary context switches
               36975  involuntary context switches
          8965959565  instructions retired
          3529986737  cycles elapsed
           212059048  peak memory footprint
----------------------
Run 12:
S3 Test file path: bnl/ch330a.pc19790301-def.nc
Target Variable: UM_m01s16i202_vn1106
Dataset loaded from S3 with s3fs and Pyfive: bnl/ch330a.pc19790301-def.nc (0.15,3.9)
Loaded dataset <HDF5 dataset "UM_m01s16i202_vn1106": shape (40, 1920, 2560), type "float32">
Confirm slice is (slice(0, 18, None), slice(0, 891, None), slice(0, 1188, None))
Result is [[[4823.484375]]]
        4.58 real         0.60 user         0.29 sys
           276529152  maximum resident set size
                   0  average shared memory size
                   0  average unshared data size
                   0  average unshared stack size
               24805  page reclaims
                   1  page faults
                   0  swaps
                   0  block input operations
                   0  block output operations
                 105  messages sent
               17103  messages received
                   0  signals received
                  54  voluntary context switches
               37336  involuntary context switches
          8952911404  instructions retired
          3565453496  cycles elapsed
           214615048  peak memory footprint
----------------------
Run 13:
S3 Test file path: bnl/ch330a.pc19790301-def.nc
Target Variable: UM_m01s16i202_vn1106
Dataset loaded from S3 with s3fs and Pyfive: bnl/ch330a.pc19790301-def.nc (0.14,3.9)
Loaded dataset <HDF5 dataset "UM_m01s16i202_vn1106": shape (40, 1920, 2560), type "float32">
Confirm slice is (slice(0, 18, None), slice(0, 891, None), slice(0, 1188, None))
Result is [[[4823.484375]]]
        4.49 real         0.60 user         0.30 sys
           276185088  maximum resident set size
                   0  average shared memory size
                   0  average unshared data size
                   0  average unshared stack size
               25697  page reclaims
                  35  page faults
                   0  swaps
                   0  block input operations
                   0  block output operations
                 105  messages sent
               17146  messages received
                   0  signals received
                  58  voluntary context switches
               36848  involuntary context switches
          8935054684  instructions retired
          3558602478  cycles elapsed
           216581152  peak memory footprint
----------------------
Run 14:
S3 Test file path: bnl/ch330a.pc19790301-def.nc
Target Variable: UM_m01s16i202_vn1106
Dataset loaded from S3 with s3fs and Pyfive: bnl/ch330a.pc19790301-def.nc (0.14,3.8)
Loaded dataset <HDF5 dataset "UM_m01s16i202_vn1106": shape (40, 1920, 2560), type "float32">
Confirm slice is (slice(0, 18, None), slice(0, 891, None), slice(0, 1188, None))
Result is [[[4823.484375]]]
        4.40 real         0.60 user         0.29 sys
           281395200  maximum resident set size
                   0  average shared memory size
                   0  average unshared data size
                   0  average unshared stack size
               25243  page reclaims
                   1  page faults
                   0  swaps
                   0  block input operations
                   0  block output operations
                 105  messages sent
               16429  messages received
                   0  signals received
                  59  voluntary context switches
               36169  involuntary context switches
          8837848032  instructions retired
          3521162360  cycles elapsed
           217302048  peak memory footprint
----------------------
Run 15:
S3 Test file path: bnl/ch330a.pc19790301-def.nc
Target Variable: UM_m01s16i202_vn1106
Dataset loaded from S3 with s3fs and Pyfive: bnl/ch330a.pc19790301-def.nc (0.14,4.0)
Loaded dataset <HDF5 dataset "UM_m01s16i202_vn1106": shape (40, 1920, 2560), type "float32">
Confirm slice is (slice(0, 18, None), slice(0, 891, None), slice(0, 1188, None))
Result is [[[4823.484375]]]
        4.61 real         0.62 user         0.30 sys
           285392896  maximum resident set size
                   0  average shared memory size
                   0  average unshared data size
                   0  average unshared stack size
               24242  page reclaims
                   1  page faults
                   0  swaps
                   0  block input operations
                   0  block output operations
                 105  messages sent
               16894  messages received
                   0  signals received
                  58  voluntary context switches
               36424  involuntary context switches
          8875646554  instructions retired
          3559398716  cycles elapsed
           216646640  peak memory footprint
----------------------
Run 16:
S3 Test file path: bnl/ch330a.pc19790301-def.nc
Target Variable: UM_m01s16i202_vn1106
Dataset loaded from S3 with s3fs and Pyfive: bnl/ch330a.pc19790301-def.nc (0.15,4.0)
Loaded dataset <HDF5 dataset "UM_m01s16i202_vn1106": shape (40, 1920, 2560), type "float32">
Confirm slice is (slice(0, 18, None), slice(0, 891, None), slice(0, 1188, None))
Result is [[[4823.484375]]]
        4.62 real         0.62 user         0.31 sys
           281198592  maximum resident set size
                   0  average shared memory size
                   0  average unshared data size
                   0  average unshared stack size
               26559  page reclaims
                   1  page faults
                   0  swaps
                   0  block input operations
                   0  block output operations
                 105  messages sent
               16858  messages received
                   0  signals received
                  56  voluntary context switches
               35551  involuntary context switches
          8877672684  instructions retired
          3583474447  cycles elapsed
           221398048  peak memory footprint
----------------------
Run 17:
S3 Test file path: bnl/ch330a.pc19790301-def.nc
Target Variable: UM_m01s16i202_vn1106
Dataset loaded from S3 with s3fs and Pyfive: bnl/ch330a.pc19790301-def.nc (0.14,3.6)
Loaded dataset <HDF5 dataset "UM_m01s16i202_vn1106": shape (40, 1920, 2560), type "float32">
Confirm slice is (slice(0, 18, None), slice(0, 891, None), slice(0, 1188, None))
Result is [[[4823.484375]]]
        4.28 real         0.59 user         0.29 sys
           271892480  maximum resident set size
                   0  average shared memory size
                   0  average unshared data size
                   0  average unshared stack size
               25065  page reclaims
                   1  page faults
                   0  swaps
                   0  block input operations
                   0  block output operations
                 105  messages sent
               16263  messages received
                   0  signals received
                  56  voluntary context switches
               34772  involuntary context switches
          8821213640  instructions retired
          3463693426  cycles elapsed
           213255200  peak memory footprint
----------------------
Run 18:
S3 Test file path: bnl/ch330a.pc19790301-def.nc
Target Variable: UM_m01s16i202_vn1106
Dataset loaded from S3 with s3fs and Pyfive: bnl/ch330a.pc19790301-def.nc (0.15,3.8)
Loaded dataset <HDF5 dataset "UM_m01s16i202_vn1106": shape (40, 1920, 2560), type "float32">
Confirm slice is (slice(0, 18, None), slice(0, 891, None), slice(0, 1188, None))
Result is [[[4823.484375]]]
        4.40 real         0.60 user         0.31 sys
           282411008  maximum resident set size
                   0  average shared memory size
                   0  average unshared data size
                   0  average unshared stack size
               24785  page reclaims
                   1  page faults
                   0  swaps
                   0  block input operations
                   0  block output operations
                 105  messages sent
               16902  messages received
                   0  signals received
                  54  voluntary context switches
               35686  involuntary context switches
          8976917754  instructions retired
          3525231732  cycles elapsed
           216695816  peak memory footprint
----------------------
Run 19:
S3 Test file path: bnl/ch330a.pc19790301-def.nc
Target Variable: UM_m01s16i202_vn1106
Dataset loaded from S3 with s3fs and Pyfive: bnl/ch330a.pc19790301-def.nc (0.15,4.0)
Loaded dataset <HDF5 dataset "UM_m01s16i202_vn1106": shape (40, 1920, 2560), type "float32">
Confirm slice is (slice(0, 18, None), slice(0, 891, None), slice(0, 1188, None))
Result is [[[4823.484375]]]
        4.61 real         0.61 user         0.31 sys
           282722304  maximum resident set size
                   0  average shared memory size
                   0  average unshared data size
                   0  average unshared stack size
               25321  page reclaims
                   1  page faults
                   0  swaps
                   0  block input operations
                   0  block output operations
                 105  messages sent
               17215  messages received
                   0  signals received
                  53  voluntary context switches
               35943  involuntary context switches
          8903927182  instructions retired
          3552776914  cycles elapsed
           220890096  peak memory footprint
----------------------
Run 20:
S3 Test file path: bnl/ch330a.pc19790301-def.nc
Target Variable: UM_m01s16i202_vn1106
Dataset loaded from S3 with s3fs and Pyfive: bnl/ch330a.pc19790301-def.nc (0.15,3.9)
Loaded dataset <HDF5 dataset "UM_m01s16i202_vn1106": shape (40, 1920, 2560), type "float32">
Confirm slice is (slice(0, 18, None), slice(0, 891, None), slice(0, 1188, None))
Result is [[[4823.484375]]]
        4.50 real         0.60 user         0.30 sys
           278822912  maximum resident set size
                   0  average shared memory size
                   0  average unshared data size
                   0  average unshared stack size
               24579  page reclaims
                   1  page faults
                   0  swaps
                   0  block input operations
                   0  block output operations
                 105  messages sent
               16582  messages received
                   0  signals received
                  55  voluntary context switches
               35021  involuntary context switches
          8832084593  instructions retired
          3533659361  cycles elapsed
           217367536  peak memory footprint
----------------------
