Run 1:
S3 Test file path: bnl/ch330a.pc19790301-def.nc
Target Variable: UM_m01s16i202_vn1106
Dataset loaded from S3 with s3fs and Pyfive: bnl/ch330a.pc19790301-def.nc (0.85,6.1)
Loaded dataset <HDF5 dataset "UM_m01s16i202_vn1106": shape (40, 1920, 2560), type "float32">
Confirm slice is (slice(0, 40, None), slice(0, 1920, None), slice(0, 2560, None))
Result is [[[4677.859375]]]
        9.71 real         1.26 user         0.49 sys
           321372160  maximum resident set size
                   0  average shared memory size
                   0  average unshared data size
                   0  average unshared stack size
               26316  page reclaims
                1043  page faults
                   0  swaps
                   0  block input operations
                   0  block output operations
                 665  messages sent
               17753  messages received
                   0  signals received
                1520  voluntary context switches
               38574  involuntary context switches
         13835147172  instructions retired
          5404012881  cycles elapsed
           219923488  peak memory footprint
----------------------
Run 2:
S3 Test file path: bnl/ch330a.pc19790301-def.nc
Target Variable: UM_m01s16i202_vn1106
Dataset loaded from S3 with s3fs and Pyfive: bnl/ch330a.pc19790301-def.nc (0.14,4.5)
Loaded dataset <HDF5 dataset "UM_m01s16i202_vn1106": shape (40, 1920, 2560), type "float32">
Confirm slice is (slice(0, 40, None), slice(0, 1920, None), slice(0, 2560, None))
Result is [[[4677.859375]]]
        5.25 real         1.01 user         0.37 sys
           324485120  maximum resident set size
                   0  average shared memory size
                   0  average unshared data size
                   0  average unshared stack size
               27530  page reclaims
                   5  page faults
                   0  swaps
                   0  block input operations
                   0  block output operations
                 665  messages sent
               18860  messages received
                   0  signals received
                 401  voluntary context switches
               38174  involuntary context switches
         13696223044  instructions retired
          5026424158  cycles elapsed
           233554952  peak memory footprint
----------------------
Run 3:
S3 Test file path: bnl/ch330a.pc19790301-def.nc
Target Variable: UM_m01s16i202_vn1106
Dataset loaded from S3 with s3fs and Pyfive: bnl/ch330a.pc19790301-def.nc (0.34,4.5)
Loaded dataset <HDF5 dataset "UM_m01s16i202_vn1106": shape (40, 1920, 2560), type "float32">
Confirm slice is (slice(0, 40, None), slice(0, 1920, None), slice(0, 2560, None))
Result is [[[4677.859375]]]
        5.33 real         0.99 user         0.36 sys
           316162048  maximum resident set size
                   0  average shared memory size
                   0  average unshared data size
                   0  average unshared stack size
               27494  page reclaims
                  35  page faults
                   0  swaps
                   0  block input operations
                   0  block output operations
                 665  messages sent
               18064  messages received
                   0  signals received
                 400  voluntary context switches
               37885  involuntary context switches
         13611438169  instructions retired
          4887416661  cycles elapsed
           225379312  peak memory footprint
----------------------
Run 4:
S3 Test file path: bnl/ch330a.pc19790301-def.nc
Target Variable: UM_m01s16i202_vn1106
Dataset loaded from S3 with s3fs and Pyfive: bnl/ch330a.pc19790301-def.nc (0.15,4.1)
Loaded dataset <HDF5 dataset "UM_m01s16i202_vn1106": shape (40, 1920, 2560), type "float32">
Confirm slice is (slice(0, 40, None), slice(0, 1920, None), slice(0, 2560, None))
Result is [[[4677.859375]]]
        4.79 real         0.96 user         0.35 sys
           315097088  maximum resident set size
                   0  average shared memory size
                   0  average unshared data size
                   0  average unshared stack size
               30035  page reclaims
                   1  page faults
                   0  swaps
                   0  block input operations
                   0  block output operations
                 665  messages sent
               17866  messages received
                   0  signals received
                 405  voluntary context switches
               38219  involuntary context switches
         13638356555  instructions retired
          4892780133  cycles elapsed
           212943784  peak memory footprint
----------------------
Run 5:
S3 Test file path: bnl/ch330a.pc19790301-def.nc
Target Variable: UM_m01s16i202_vn1106
Dataset loaded from S3 with s3fs and Pyfive: bnl/ch330a.pc19790301-def.nc (0.15,3.8)
Loaded dataset <HDF5 dataset "UM_m01s16i202_vn1106": shape (40, 1920, 2560), type "float32">
Confirm slice is (slice(0, 40, None), slice(0, 1920, None), slice(0, 2560, None))
Result is [[[4677.859375]]]
        4.49 real         0.94 user         0.35 sys
           309559296  maximum resident set size
                   0  average shared memory size
                   0  average unshared data size
                   0  average unshared stack size
               28168  page reclaims
                   1  page faults
                   0  swaps
                   0  block input operations
                   0  block output operations
                 665  messages sent
               18281  messages received
                   0  signals received
                 400  voluntary context switches
               38693  involuntary context switches
         13682348018  instructions retired
          4879857321  cycles elapsed
           215467016  peak memory footprint
----------------------
Run 6:
S3 Test file path: bnl/ch330a.pc19790301-def.nc
Target Variable: UM_m01s16i202_vn1106
Dataset loaded from S3 with s3fs and Pyfive: bnl/ch330a.pc19790301-def.nc (0.15,4.0)
Loaded dataset <HDF5 dataset "UM_m01s16i202_vn1106": shape (40, 1920, 2560), type "float32">
Confirm slice is (slice(0, 40, None), slice(0, 1920, None), slice(0, 2560, None))
Result is [[[4677.859375]]]
        4.73 real         0.95 user         0.34 sys
           315228160  maximum resident set size
                   0  average shared memory size
                   0  average unshared data size
                   0  average unshared stack size
               28462  page reclaims
                  48  page faults
                   0  swaps
                   0  block input operations
                   0  block output operations
                 665  messages sent
               18120  messages received
                   0  signals received
                 404  voluntary context switches
               38914  involuntary context switches
         13716802577  instructions retired
          4872581055  cycles elapsed
           216646664  peak memory footprint
----------------------
Run 7:
S3 Test file path: bnl/ch330a.pc19790301-def.nc
Target Variable: UM_m01s16i202_vn1106
Dataset loaded from S3 with s3fs and Pyfive: bnl/ch330a.pc19790301-def.nc (0.14,4.1)
Loaded dataset <HDF5 dataset "UM_m01s16i202_vn1106": shape (40, 1920, 2560), type "float32">
Confirm slice is (slice(0, 40, None), slice(0, 1920, None), slice(0, 2560, None))
Result is [[[4677.859375]]]
        4.79 real         1.02 user         0.39 sys
           314146816  maximum resident set size
                   0  average shared memory size
                   0  average unshared data size
                   0  average unshared stack size
               28952  page reclaims
                   1  page faults
                   0  swaps
                   0  block input operations
                   0  block output operations
                 665  messages sent
               18722  messages received
                   0  signals received
                 415  voluntary context switches
               38364  involuntary context switches
         13795428828  instructions retired
          5051867216  cycles elapsed
           217875464  peak memory footprint
----------------------
Run 8:
S3 Test file path: bnl/ch330a.pc19790301-def.nc
Target Variable: UM_m01s16i202_vn1106
Dataset loaded from S3 with s3fs and Pyfive: bnl/ch330a.pc19790301-def.nc (0.28,3.9)
Loaded dataset <HDF5 dataset "UM_m01s16i202_vn1106": shape (40, 1920, 2560), type "float32">
Confirm slice is (slice(0, 40, None), slice(0, 1920, None), slice(0, 2560, None))
Result is [[[4677.859375]]]
        4.66 real         0.93 user         0.32 sys
           308330496  maximum resident set size
                   0  average shared memory size
                   0  average unshared data size
                   0  average unshared stack size
               28084  page reclaims
                   1  page faults
                   0  swaps
                   0  block input operations
                   0  block output operations
                 665  messages sent
               17695  messages received
                   0  signals received
                 407  voluntary context switches
               39495  involuntary context switches
         13645178938  instructions retired
          4869347357  cycles elapsed
           223904800  peak memory footprint
----------------------
Run 9:
S3 Test file path: bnl/ch330a.pc19790301-def.nc
Target Variable: UM_m01s16i202_vn1106
Dataset loaded from S3 with s3fs and Pyfive: bnl/ch330a.pc19790301-def.nc (0.15,3.6)
Loaded dataset <HDF5 dataset "UM_m01s16i202_vn1106": shape (40, 1920, 2560), type "float32">
Confirm slice is (slice(0, 40, None), slice(0, 1920, None), slice(0, 2560, None))
Result is [[[4677.859375]]]
        4.36 real         0.94 user         0.33 sys
           315850752  maximum resident set size
                   0  average shared memory size
                   0  average unshared data size
                   0  average unshared stack size
               26966  page reclaims
                  35  page faults
                   0  swaps
                   0  block input operations
                   0  block output operations
                 665  messages sent
               17672  messages received
                   0  signals received
                 405  voluntary context switches
               40401  involuntary context switches
         13647506473  instructions retired
          4899851132  cycles elapsed
           213615624  peak memory footprint
----------------------
Run 10:
S3 Test file path: bnl/ch330a.pc19790301-def.nc
Target Variable: UM_m01s16i202_vn1106
Dataset loaded from S3 with s3fs and Pyfive: bnl/ch330a.pc19790301-def.nc (0.14,3.8)
Loaded dataset <HDF5 dataset "UM_m01s16i202_vn1106": shape (40, 1920, 2560), type "float32">
Confirm slice is (slice(0, 40, None), slice(0, 1920, None), slice(0, 2560, None))
Result is [[[4677.859375]]]
        4.46 real         0.96 user         0.34 sys
           323305472  maximum resident set size
                   0  average shared memory size
                   0  average unshared data size
                   0  average unshared stack size
               27954  page reclaims
                  21  page faults
                   0  swaps
                   0  block input operations
                   0  block output operations
                 665  messages sent
               17512  messages received
                   0  signals received
                 400  voluntary context switches
               39455  involuntary context switches
         13595328688  instructions retired
          4894031592  cycles elapsed
           216777712  peak memory footprint
----------------------
Run 11:
S3 Test file path: bnl/ch330a.pc19790301-def.nc
Target Variable: UM_m01s16i202_vn1106
Dataset loaded from S3 with s3fs and Pyfive: bnl/ch330a.pc19790301-def.nc (0.14,3.7)
Loaded dataset <HDF5 dataset "UM_m01s16i202_vn1106": shape (40, 1920, 2560), type "float32">
Confirm slice is (slice(0, 40, None), slice(0, 1920, None), slice(0, 2560, None))
Result is [[[4677.859375]]]
        4.38 real         0.93 user         0.34 sys
           316473344  maximum resident set size
                   0  average shared memory size
                   0  average unshared data size
                   0  average unshared stack size
               30628  page reclaims
                   1  page faults
                   0  swaps
                   0  block input operations
                   0  block output operations
                 665  messages sent
               18081  messages received
                   0  signals received
                 399  voluntary context switches
               40747  involuntary context switches
         13701967558  instructions retired
          4958654669  cycles elapsed
           210142024  peak memory footprint
----------------------
Run 12:
S3 Test file path: bnl/ch330a.pc19790301-def.nc
Target Variable: UM_m01s16i202_vn1106
Dataset loaded from S3 with s3fs and Pyfive: bnl/ch330a.pc19790301-def.nc (0.15,3.6)
Loaded dataset <HDF5 dataset "UM_m01s16i202_vn1106": shape (40, 1920, 2560), type "float32">
Confirm slice is (slice(0, 40, None), slice(0, 1920, None), slice(0, 2560, None))
Result is [[[4677.859375]]]
        4.31 real         0.92 user         0.34 sys
           312033280  maximum resident set size
                   0  average shared memory size
                   0  average unshared data size
                   0  average unshared stack size
               27776  page reclaims
                  35  page faults
                   0  swaps
                   0  block input operations
                   0  block output operations
                 665  messages sent
               17344  messages received
                   0  signals received
                 411  voluntary context switches
               38022  involuntary context switches
         13593802283  instructions retired
          4874321834  cycles elapsed
           208618360  peak memory footprint
----------------------
Run 13:
S3 Test file path: bnl/ch330a.pc19790301-def.nc
Target Variable: UM_m01s16i202_vn1106
Dataset loaded from S3 with s3fs and Pyfive: bnl/ch330a.pc19790301-def.nc (0.14,4.2)
Loaded dataset <HDF5 dataset "UM_m01s16i202_vn1106": shape (40, 1920, 2560), type "float32">
Confirm slice is (slice(0, 40, None), slice(0, 1920, None), slice(0, 2560, None))
Result is [[[4677.859375]]]
        4.86 real         0.96 user         0.36 sys
           337723392  maximum resident set size
                   0  average shared memory size
                   0  average unshared data size
                   0  average unshared stack size
               29362  page reclaims
                   1  page faults
                   0  swaps
                   0  block input operations
                   0  block output operations
                 665  messages sent
               19090  messages received
                   0  signals received
                 409  voluntary context switches
               41479  involuntary context switches
         13770411610  instructions retired
          5023013031  cycles elapsed
           231146456  peak memory footprint
----------------------
Run 14:
S3 Test file path: bnl/ch330a.pc19790301-def.nc
Target Variable: UM_m01s16i202_vn1106
Dataset loaded from S3 with s3fs and Pyfive: bnl/ch330a.pc19790301-def.nc (0.16,3.8)
Loaded dataset <HDF5 dataset "UM_m01s16i202_vn1106": shape (40, 1920, 2560), type "float32">
Confirm slice is (slice(0, 40, None), slice(0, 1920, None), slice(0, 2560, None))
Result is [[[4677.859375]]]
        4.49 real         0.93 user         0.35 sys
           315850752  maximum resident set size
                   0  average shared memory size
                   0  average unshared data size
                   0  average unshared stack size
               29001  page reclaims
                  48  page faults
                   0  swaps
                   0  block input operations
                   0  block output operations
                 665  messages sent
               18179  messages received
                   0  signals received
                 405  voluntary context switches
               39210  involuntary context switches
         13697377156  instructions retired
          4913889303  cycles elapsed
           210912144  peak memory footprint
----------------------
Run 15:
S3 Test file path: bnl/ch330a.pc19790301-def.nc
Target Variable: UM_m01s16i202_vn1106
Dataset loaded from S3 with s3fs and Pyfive: bnl/ch330a.pc19790301-def.nc (0.14,3.6)
Loaded dataset <HDF5 dataset "UM_m01s16i202_vn1106": shape (40, 1920, 2560), type "float32">
Confirm slice is (slice(0, 40, None), slice(0, 1920, None), slice(0, 2560, None))
Result is [[[4677.859375]]]
        4.28 real         0.92 user         0.32 sys
           326418432  maximum resident set size
                   0  average shared memory size
                   0  average unshared data size
                   0  average unshared stack size
               26641  page reclaims
                   1  page faults
                   0  swaps
                   0  block input operations
                   0  block output operations
                 665  messages sent
               17820  messages received
                   0  signals received
                 395  voluntary context switches
               39227  involuntary context switches
         13637057326  instructions retired
          4788085701  cycles elapsed
           214172632  peak memory footprint
----------------------
Run 16:
S3 Test file path: bnl/ch330a.pc19790301-def.nc
Target Variable: UM_m01s16i202_vn1106
Dataset loaded from S3 with s3fs and Pyfive: bnl/ch330a.pc19790301-def.nc (0.15,3.8)
Loaded dataset <HDF5 dataset "UM_m01s16i202_vn1106": shape (40, 1920, 2560), type "float32">
Confirm slice is (slice(0, 40, None), slice(0, 1920, None), slice(0, 2560, None))
Result is [[[4677.859375]]]
        4.50 real         0.94 user         0.35 sys
           314179584  maximum resident set size
                   0  average shared memory size
                   0  average unshared data size
                   0  average unshared stack size
               29461  page reclaims
                   1  page faults
                   0  swaps
                   0  block input operations
                   0  block output operations
                 665  messages sent
               18082  messages received
                   0  signals received
                 407  voluntary context switches
               39188  involuntary context switches
         13680342123  instructions retired
          4913700889  cycles elapsed
           217449480  peak memory footprint
----------------------
Run 17:
S3 Test file path: bnl/ch330a.pc19790301-def.nc
Target Variable: UM_m01s16i202_vn1106
Dataset loaded from S3 with s3fs and Pyfive: bnl/ch330a.pc19790301-def.nc (0.14,3.6)
Loaded dataset <HDF5 dataset "UM_m01s16i202_vn1106": shape (40, 1920, 2560), type "float32">
Confirm slice is (slice(0, 40, None), slice(0, 1920, None), slice(0, 2560, None))
Result is [[[4677.859375]]]
        4.30 real         0.93 user         0.34 sys
           306233344  maximum resident set size
                   0  average shared memory size
                   0  average unshared data size
                   0  average unshared stack size
               28468  page reclaims
                   1  page faults
                   0  swaps
                   0  block input operations
                   0  block output operations
                 665  messages sent
               17405  messages received
                   0  signals received
                 417  voluntary context switches
               38304  involuntary context switches
         13569377490  instructions retired
          4847064208  cycles elapsed
           216777592  peak memory footprint
----------------------
Run 18:
S3 Test file path: bnl/ch330a.pc19790301-def.nc
Target Variable: UM_m01s16i202_vn1106
Dataset loaded from S3 with s3fs and Pyfive: bnl/ch330a.pc19790301-def.nc (0.16,3.7)
Loaded dataset <HDF5 dataset "UM_m01s16i202_vn1106": shape (40, 1920, 2560), type "float32">
Confirm slice is (slice(0, 40, None), slice(0, 1920, None), slice(0, 2560, None))
Result is [[[4677.859375]]]
        4.35 real         0.94 user         0.34 sys
           312147968  maximum resident set size
                   0  average shared memory size
                   0  average unshared data size
                   0  average unshared stack size
               28831  page reclaims
                   1  page faults
                   0  swaps
                   0  block input operations
                   0  block output operations
                 665  messages sent
               17868  messages received
                   0  signals received
                 410  voluntary context switches
               38607  involuntary context switches
         13631565759  instructions retired
          4902888505  cycles elapsed
           209093496  peak memory footprint
----------------------
Run 19:
S3 Test file path: bnl/ch330a.pc19790301-def.nc
Target Variable: UM_m01s16i202_vn1106
Dataset loaded from S3 with s3fs and Pyfive: bnl/ch330a.pc19790301-def.nc (0.15,3.7)
Loaded dataset <HDF5 dataset "UM_m01s16i202_vn1106": shape (40, 1920, 2560), type "float32">
Confirm slice is (slice(0, 40, None), slice(0, 1920, None), slice(0, 2560, None))
Result is [[[4677.859375]]]
        4.38 real         0.94 user         0.35 sys
           319619072  maximum resident set size
                   0  average shared memory size
                   0  average unshared data size
                   0  average unshared stack size
               29289  page reclaims
                   1  page faults
                   0  swaps
                   0  block input operations
                   0  block output operations
                 665  messages sent
               17936  messages received
                   0  signals received
                 406  voluntary context switches
               39318  involuntary context switches
         13645317561  instructions retired
          4912001697  cycles elapsed
           214500240  peak memory footprint
----------------------
Run 20:
S3 Test file path: bnl/ch330a.pc19790301-def.nc
Target Variable: UM_m01s16i202_vn1106
Dataset loaded from S3 with s3fs and Pyfive: bnl/ch330a.pc19790301-def.nc (0.14,3.6)
Loaded dataset <HDF5 dataset "UM_m01s16i202_vn1106": shape (40, 1920, 2560), type "float32">
Confirm slice is (slice(0, 40, None), slice(0, 1920, None), slice(0, 2560, None))
Result is [[[4677.859375]]]
        4.32 real         0.90 user         0.33 sys
           309854208  maximum resident set size
                   0  average shared memory size
                   0  average unshared data size
                   0  average unshared stack size
               26130  page reclaims
                   1  page faults
                   0  swaps
                   0  block input operations
                   0  block output operations
                 585  messages sent
               17405  messages received
                   0  signals received
                 353  voluntary context switches
               40223  involuntary context switches
         12836027590  instructions retired
          4800882816  cycles elapsed
           214828016  peak memory footprint
----------------------
