Run 1:
S3 Test file path: bnl/ch330a.pc19790301-def.nc
Target Variable: UM_m01s16i202_vn1106
Dataset loaded from S3 with s3fs and Pyfive: bnl/ch330a.pc19790301-def.nc (0.15,3.6)
Loaded dataset <HDF5 dataset "UM_m01s16i202_vn1106": shape (40, 1920, 2560), type "float32">
Confirm slice is (slice(0, 25, None), slice(0, 1209, None), slice(0, 1612, None))
Result is [[[4708.3046875]]]
       17.45 real         3.08 user         1.56 sys
           985235456  maximum resident set size
                   0  average shared memory size
                   0  average unshared data size
                   0  average unshared stack size
               88159  page reclaims
                   3  page faults
                   0  swaps
                   0  block input operations
                   0  block output operations
                  97  messages sent
              170346  messages received
                   0  signals received
                   4  voluntary context switches
              184131  involuntary context switches
         43056901811  instructions retired
         18029900165  cycles elapsed
           638125880  peak memory footprint
----------------------
Run 2:
S3 Test file path: bnl/ch330a.pc19790301-def.nc
Target Variable: UM_m01s16i202_vn1106
Dataset loaded from S3 with s3fs and Pyfive: bnl/ch330a.pc19790301-def.nc (0.15,3.8)
Loaded dataset <HDF5 dataset "UM_m01s16i202_vn1106": shape (40, 1920, 2560), type "float32">
Confirm slice is (slice(0, 25, None), slice(0, 1209, None), slice(0, 1612, None))
Result is [[[4708.3046875]]]
       18.10 real         3.11 user         1.55 sys
          1096433664  maximum resident set size
                   0  average shared memory size
                   0  average unshared data size
                   0  average unshared stack size
               77731  page reclaims
                  35  page faults
                   0  swaps
                   0  block input operations
                   0  block output operations
                  97  messages sent
              177361  messages received
                   0  signals received
                 811  voluntary context switches
              179435  involuntary context switches
         43336549415  instructions retired
         17872338098  cycles elapsed
           546834064  peak memory footprint
----------------------
Run 3:
S3 Test file path: bnl/ch330a.pc19790301-def.nc
Target Variable: UM_m01s16i202_vn1106
Dataset loaded from S3 with s3fs and Pyfive: bnl/ch330a.pc19790301-def.nc (0.15,4.1)
Loaded dataset <HDF5 dataset "UM_m01s16i202_vn1106": shape (40, 1920, 2560), type "float32">
Confirm slice is (slice(0, 25, None), slice(0, 1209, None), slice(0, 1612, None))
Result is [[[4708.3046875]]]
       18.07 real         3.11 user         1.54 sys
          1185234944  maximum resident set size
                   0  average shared memory size
                   0  average unshared data size
                   0  average unshared stack size
               84718  page reclaims
                  53  page faults
                   0  swaps
                   0  block input operations
                   0  block output operations
                  97  messages sent
              181381  messages received
                   0  signals received
                 813  voluntary context switches
              180691  involuntary context switches
         43642313047  instructions retired
         18007277344  cycles elapsed
           574981824  peak memory footprint
----------------------
Run 4:
S3 Test file path: bnl/ch330a.pc19790301-def.nc
Target Variable: UM_m01s16i202_vn1106
Dataset loaded from S3 with s3fs and Pyfive: bnl/ch330a.pc19790301-def.nc (0.14,3.7)
Loaded dataset <HDF5 dataset "UM_m01s16i202_vn1106": shape (40, 1920, 2560), type "float32">
Confirm slice is (slice(0, 25, None), slice(0, 1209, None), slice(0, 1612, None))
Result is [[[4708.3046875]]]
       17.76 real         3.09 user         1.54 sys
          1066631168  maximum resident set size
                   0  average shared memory size
                   0  average unshared data size
                   0  average unshared stack size
               77341  page reclaims
                  50  page faults
                   0  swaps
                   0  block input operations
                   0  block output operations
                  97  messages sent
              176983  messages received
                   0  signals received
                 813  voluntary context switches
              179660  involuntary context switches
         43274923745  instructions retired
         17925602273  cycles elapsed
           537560744  peak memory footprint
----------------------
Run 5:
S3 Test file path: bnl/ch330a.pc19790301-def.nc
Target Variable: UM_m01s16i202_vn1106
Dataset loaded from S3 with s3fs and Pyfive: bnl/ch330a.pc19790301-def.nc (0.15,3.6)
Loaded dataset <HDF5 dataset "UM_m01s16i202_vn1106": shape (40, 1920, 2560), type "float32">
Confirm slice is (slice(0, 25, None), slice(0, 1209, None), slice(0, 1612, None))
Result is [[[4708.3046875]]]
       17.65 real         3.07 user         1.51 sys
          1060864000  maximum resident set size
                   0  average shared memory size
                   0  average unshared data size
                   0  average unshared stack size
               80992  page reclaims
                  53  page faults
                   0  swaps
                   0  block input operations
                   0  block output operations
                  97  messages sent
              178154  messages received
                   0  signals received
                 812  voluntary context switches
              182393  involuntary context switches
         43605728020  instructions retired
         18054769086  cycles elapsed
           662046304  peak memory footprint
----------------------
Run 6:
S3 Test file path: bnl/ch330a.pc19790301-def.nc
Target Variable: UM_m01s16i202_vn1106
Dataset loaded from S3 with s3fs and Pyfive: bnl/ch330a.pc19790301-def.nc (0.14,3.9)
Loaded dataset <HDF5 dataset "UM_m01s16i202_vn1106": shape (40, 1920, 2560), type "float32">
Confirm slice is (slice(0, 25, None), slice(0, 1209, None), slice(0, 1612, None))
Result is [[[4708.3046875]]]
       17.74 real         3.13 user         1.47 sys
          1014956032  maximum resident set size
                   0  average shared memory size
                   0  average unshared data size
                   0  average unshared stack size
               73364  page reclaims
                   1  page faults
                   0  swaps
                   0  block input operations
                   0  block output operations
                  97  messages sent
              166014  messages received
                   0  signals received
                   4  voluntary context switches
              196614  involuntary context switches
         42666567817  instructions retired
         18180176518  cycles elapsed
           570263160  peak memory footprint
----------------------
Run 7:
S3 Test file path: bnl/ch330a.pc19790301-def.nc
Target Variable: UM_m01s16i202_vn1106
Dataset loaded from S3 with s3fs and Pyfive: bnl/ch330a.pc19790301-def.nc (0.15,3.6)
Loaded dataset <HDF5 dataset "UM_m01s16i202_vn1106": shape (40, 1920, 2560), type "float32">
Confirm slice is (slice(0, 25, None), slice(0, 1209, None), slice(0, 1612, None))
Result is [[[4708.3046875]]]
       17.74 real         3.06 user         1.50 sys
          1065271296  maximum resident set size
                   0  average shared memory size
                   0  average unshared data size
                   0  average unshared stack size
               78159  page reclaims
                  41  page faults
                   0  swaps
                   0  block input operations
                   0  block output operations
                  97  messages sent
              176443  messages received
                   0  signals received
                1094  voluntary context switches
              180490  involuntary context switches
         43351093540  instructions retired
         17823636684  cycles elapsed
           556615360  peak memory footprint
----------------------
Run 8:
S3 Test file path: bnl/ch330a.pc19790301-def.nc
Target Variable: UM_m01s16i202_vn1106
Dataset loaded from S3 with s3fs and Pyfive: bnl/ch330a.pc19790301-def.nc (0.15,4.0)
Loaded dataset <HDF5 dataset "UM_m01s16i202_vn1106": shape (40, 1920, 2560), type "float32">
Confirm slice is (slice(0, 25, None), slice(0, 1209, None), slice(0, 1612, None))
Result is [[[4708.3046875]]]
       18.25 real         3.14 user         1.50 sys
           988168192  maximum resident set size
                   0  average shared memory size
                   0  average unshared data size
                   0  average unshared stack size
               78076  page reclaims
                  53  page faults
                   0  swaps
                   0  block input operations
                   0  block output operations
                  97  messages sent
              187275  messages received
                   0  signals received
                 812  voluntary context switches
              194477  involuntary context switches
         44268349050  instructions retired
         18709113695  cycles elapsed
           595691152  peak memory footprint
----------------------
Run 9:
S3 Test file path: bnl/ch330a.pc19790301-def.nc
Target Variable: UM_m01s16i202_vn1106
Dataset loaded from S3 with s3fs and Pyfive: bnl/ch330a.pc19790301-def.nc (0.15,3.9)
Loaded dataset <HDF5 dataset "UM_m01s16i202_vn1106": shape (40, 1920, 2560), type "float32">
Confirm slice is (slice(0, 25, None), slice(0, 1209, None), slice(0, 1612, None))
Result is [[[4708.3046875]]]
       17.95 real         3.00 user         1.43 sys
          1151205376  maximum resident set size
                   0  average shared memory size
                   0  average unshared data size
                   0  average unshared stack size
               81488  page reclaims
                  26  page faults
                   0  swaps
                   0  block input operations
                   0  block output operations
                  97  messages sent
              187083  messages received
                   0  signals received
                 812  voluntary context switches
              185465  involuntary context switches
         44342969455  instructions retired
         17873194296  cycles elapsed
           626476760  peak memory footprint
----------------------
Run 10:
S3 Test file path: bnl/ch330a.pc19790301-def.nc
Target Variable: UM_m01s16i202_vn1106
Dataset loaded from S3 with s3fs and Pyfive: bnl/ch330a.pc19790301-def.nc (0.15,3.7)
Loaded dataset <HDF5 dataset "UM_m01s16i202_vn1106": shape (40, 1920, 2560), type "float32">
Confirm slice is (slice(0, 25, None), slice(0, 1209, None), slice(0, 1612, None))
Result is [[[4708.3046875]]]
       17.97 real         3.09 user         1.48 sys
          1038729216  maximum resident set size
                   0  average shared memory size
                   0  average unshared data size
                   0  average unshared stack size
               76093  page reclaims
                  27  page faults
                   0  swaps
                   0  block input operations
                   0  block output operations
                  97  messages sent
              174801  messages received
                   0  signals received
                 811  voluntary context switches
              185150  involuntary context switches
         43272885218  instructions retired
         17786044626  cycles elapsed
           606340800  peak memory footprint
----------------------
Run 11:
S3 Test file path: bnl/ch330a.pc19790301-def.nc
Target Variable: UM_m01s16i202_vn1106
Dataset loaded from S3 with s3fs and Pyfive: bnl/ch330a.pc19790301-def.nc (0.16,3.8)
Loaded dataset <HDF5 dataset "UM_m01s16i202_vn1106": shape (40, 1920, 2560), type "float32">
Confirm slice is (slice(0, 25, None), slice(0, 1209, None), slice(0, 1612, None))
Result is [[[4708.3046875]]]
       17.92 real         3.06 user         1.47 sys
          1025245184  maximum resident set size
                   0  average shared memory size
                   0  average unshared data size
                   0  average unshared stack size
               77120  page reclaims
                  64  page faults
                   0  swaps
                   0  block input operations
                   0  block output operations
                  97  messages sent
              181804  messages received
                   0  signals received
                 812  voluntary context switches
              181180  involuntary context switches
         43777685198  instructions retired
         17837481431  cycles elapsed
           576603768  peak memory footprint
----------------------
Run 12:
S3 Test file path: bnl/ch330a.pc19790301-def.nc
Target Variable: UM_m01s16i202_vn1106
Dataset loaded from S3 with s3fs and Pyfive: bnl/ch330a.pc19790301-def.nc (0.15,4.0)
Loaded dataset <HDF5 dataset "UM_m01s16i202_vn1106": shape (40, 1920, 2560), type "float32">
Confirm slice is (slice(0, 25, None), slice(0, 1209, None), slice(0, 1612, None))
Result is [[[4708.3046875]]]
       17.88 real         3.07 user         1.47 sys
          1056686080  maximum resident set size
                   0  average shared memory size
                   0  average unshared data size
                   0  average unshared stack size
               79110  page reclaims
                  52  page faults
                   0  swaps
                   0  block input operations
                   0  block output operations
                  97  messages sent
              182825  messages received
                   0  signals received
                 813  voluntary context switches
              187538  involuntary context switches
         44012021483  instructions retired
         18133105733  cycles elapsed
           623773400  peak memory footprint
----------------------
Run 13:
S3 Test file path: bnl/ch330a.pc19790301-def.nc
Target Variable: UM_m01s16i202_vn1106
Dataset loaded from S3 with s3fs and Pyfive: bnl/ch330a.pc19790301-def.nc (0.15,3.8)
Loaded dataset <HDF5 dataset "UM_m01s16i202_vn1106": shape (40, 1920, 2560), type "float32">
Confirm slice is (slice(0, 25, None), slice(0, 1209, None), slice(0, 1612, None))
Result is [[[4708.3046875]]]
       17.96 real         3.19 user         1.55 sys
          1041514496  maximum resident set size
                   0  average shared memory size
                   0  average unshared data size
                   0  average unshared stack size
               75635  page reclaims
                  35  page faults
                   0  swaps
                   0  block input operations
                   0  block output operations
                  97  messages sent
              175278  messages received
                   0  signals received
                 812  voluntary context switches
              191877  involuntary context switches
         43491509503  instructions retired
         18274838590  cycles elapsed
           540493432  peak memory footprint
----------------------
Run 14:
S3 Test file path: bnl/ch330a.pc19790301-def.nc
Target Variable: UM_m01s16i202_vn1106
Dataset loaded from S3 with s3fs and Pyfive: bnl/ch330a.pc19790301-def.nc (0.16,3.8)
Loaded dataset <HDF5 dataset "UM_m01s16i202_vn1106": shape (40, 1920, 2560), type "float32">
Confirm slice is (slice(0, 25, None), slice(0, 1209, None), slice(0, 1612, None))
Result is [[[4708.3046875]]]
       17.86 real         3.12 user         1.56 sys
          1224622080  maximum resident set size
                   0  average shared memory size
                   0  average unshared data size
                   0  average unshared stack size
               95890  page reclaims
                  50  page faults
                   0  swaps
                   0  block input operations
                   0  block output operations
                  97  messages sent
              179762  messages received
                   0  signals received
                 813  voluntary context switches
              182472  involuntary context switches
         43867078670  instructions retired
         18012809430  cycles elapsed
           626951896  peak memory footprint
----------------------
Run 15:
S3 Test file path: bnl/ch330a.pc19790301-def.nc
Target Variable: UM_m01s16i202_vn1106
Dataset loaded from S3 with s3fs and Pyfive: bnl/ch330a.pc19790301-def.nc (0.15,3.9)
Loaded dataset <HDF5 dataset "UM_m01s16i202_vn1106": shape (40, 1920, 2560), type "float32">
Confirm slice is (slice(0, 25, None), slice(0, 1209, None), slice(0, 1612, None))
Result is [[[4708.3046875]]]
       18.19 real         3.13 user         1.55 sys
          1197768704  maximum resident set size
                   0  average shared memory size
                   0  average unshared data size
                   0  average unshared stack size
               86375  page reclaims
                  39  page faults
                   0  swaps
                   0  block input operations
                   0  block output operations
                  97  messages sent
              181582  messages received
                   0  signals received
                 813  voluntary context switches
              178529  involuntary context switches
         43682654572  instructions retired
         17905079400  cycles elapsed
           601867992  peak memory footprint
----------------------
Run 16:
S3 Test file path: bnl/ch330a.pc19790301-def.nc
Target Variable: UM_m01s16i202_vn1106
Dataset loaded from S3 with s3fs and Pyfive: bnl/ch330a.pc19790301-def.nc (0.14,3.9)
Loaded dataset <HDF5 dataset "UM_m01s16i202_vn1106": shape (40, 1920, 2560), type "float32">
Confirm slice is (slice(0, 25, None), slice(0, 1209, None), slice(0, 1612, None))
Result is [[[4708.3046875]]]
       17.81 real         3.10 user         1.54 sys
           988413952  maximum resident set size
                   0  average shared memory size
                   0  average unshared data size
                   0  average unshared stack size
               91010  page reclaims
                   1  page faults
                   0  swaps
                   0  block input operations
                   0  block output operations
                  97  messages sent
              179905  messages received
                   0  signals received
                   4  voluntary context switches
              179297  involuntary context switches
         43666119608  instructions retired
         17890861656  cycles elapsed
           692782808  peak memory footprint
----------------------
Run 17:
S3 Test file path: bnl/ch330a.pc19790301-def.nc
Target Variable: UM_m01s16i202_vn1106
Dataset loaded from S3 with s3fs and Pyfive: bnl/ch330a.pc19790301-def.nc (0.19,3.7)
Loaded dataset <HDF5 dataset "UM_m01s16i202_vn1106": shape (40, 1920, 2560), type "float32">
Confirm slice is (slice(0, 25, None), slice(0, 1209, None), slice(0, 1612, None))
Result is [[[4708.3046875]]]
       17.64 real         3.09 user         1.51 sys
          1046446080  maximum resident set size
                   0  average shared memory size
                   0  average unshared data size
                   0  average unshared stack size
               75932  page reclaims
                   1  page faults
                   0  swaps
                   0  block input operations
                   0  block output operations
                  97  messages sent
              179570  messages received
                   0  signals received
                   4  voluntary context switches
              176776  involuntary context switches
         43322580768  instructions retired
         17791202257  cycles elapsed
           540952328  peak memory footprint
----------------------
Run 18:
S3 Test file path: bnl/ch330a.pc19790301-def.nc
Target Variable: UM_m01s16i202_vn1106
Dataset loaded from S3 with s3fs and Pyfive: bnl/ch330a.pc19790301-def.nc (0.14,3.8)
Loaded dataset <HDF5 dataset "UM_m01s16i202_vn1106": shape (40, 1920, 2560), type "float32">
Confirm slice is (slice(0, 25, None), slice(0, 1209, None), slice(0, 1612, None))
Result is [[[4708.3046875]]]
       17.58 real         3.15 user         1.56 sys
          1011712000  maximum resident set size
                   0  average shared memory size
                   0  average unshared data size
                   0  average unshared stack size
               77234  page reclaims
                   1  page faults
                   0  swaps
                   0  block input operations
                   0  block output operations
                  97  messages sent
              178105  messages received
                   0  signals received
                   4  voluntary context switches
              187003  involuntary context switches
         43420432782  instructions retired
         18160477945  cycles elapsed
           564643448  peak memory footprint
----------------------
Run 19:
S3 Test file path: bnl/ch330a.pc19790301-def.nc
Target Variable: UM_m01s16i202_vn1106
Dataset loaded from S3 with s3fs and Pyfive: bnl/ch330a.pc19790301-def.nc (0.14,3.7)
Loaded dataset <HDF5 dataset "UM_m01s16i202_vn1106": shape (40, 1920, 2560), type "float32">
Confirm slice is (slice(0, 25, None), slice(0, 1209, None), slice(0, 1612, None))
Result is [[[4708.3046875]]]
       17.68 real         3.16 user         1.59 sys
          1053736960  maximum resident set size
                   0  average shared memory size
                   0  average unshared data size
                   0  average unshared stack size
               76354  page reclaims
                  52  page faults
                   0  swaps
                   0  block input operations
                   0  block output operations
                  97  messages sent
              181477  messages received
                   0  signals received
                1049  voluntary context switches
              187110  involuntary context switches
         43701157929  instructions retired
         18408321657  cycles elapsed
           529499816  peak memory footprint
----------------------
Run 20:
S3 Test file path: bnl/ch330a.pc19790301-def.nc
Target Variable: UM_m01s16i202_vn1106
Dataset loaded from S3 with s3fs and Pyfive: bnl/ch330a.pc19790301-def.nc (0.21,4.2)
Loaded dataset <HDF5 dataset "UM_m01s16i202_vn1106": shape (40, 1920, 2560), type "float32">
Confirm slice is (slice(0, 25, None), slice(0, 1209, None), slice(0, 1612, None))
Result is [[[4708.3046875]]]
       21.47 real         3.81 user         1.87 sys
          1010401280  maximum resident set size
                   0  average shared memory size
                   0  average unshared data size
                   0  average unshared stack size
               91907  page reclaims
                  28  page faults
                   0  swaps
                   0  block input operations
                   0  block output operations
                  97  messages sent
              176787  messages received
                   0  signals received
                 114  voluntary context switches
              212253  involuntary context switches
         43920711997  instructions retired
         19902971023  cycles elapsed
           651986696  peak memory footprint
----------------------
