Run 1:
S3 Test file path: bnl/ch330a.pc19790301-def.nc
Target Variable: UM_m01s16i202_vn1106
Dataset loaded from S3 with s3fs and Pyfive: bnl/ch330a.pc19790301-def.nc (0.15,4.1)
Loaded dataset <HDF5 dataset "UM_m01s16i202_vn1106": shape (40, 1920, 2560), type "float32">
Confirm slice is (slice(0, 36, None), slice(0, 1753, None), slice(0, 2337, None))
Result is [[[4708.3046875]]]
       36.28 real         6.72 user         3.34 sys
           983629824  maximum resident set size
                   0  average shared memory size
                   0  average unshared data size
                   0  average unshared stack size
               98248  page reclaims
                   3  page faults
                   0  swaps
                   0  block input operations
                   0  block output operations
                 171  messages sent
              401338  messages received
                   0  signals received
                   4  voluntary context switches
              392411  involuntary context switches
         91659496066  instructions retired
         38822045320  cycles elapsed
           561383584  peak memory footprint
----------------------
Run 2:
S3 Test file path: bnl/ch330a.pc19790301-def.nc
Target Variable: UM_m01s16i202_vn1106
Dataset loaded from S3 with s3fs and Pyfive: bnl/ch330a.pc19790301-def.nc (0.14,3.9)
Loaded dataset <HDF5 dataset "UM_m01s16i202_vn1106": shape (40, 1920, 2560), type "float32">
Confirm slice is (slice(0, 36, None), slice(0, 1753, None), slice(0, 2337, None))
Result is [[[4708.3046875]]]
       35.91 real         6.74 user         3.30 sys
          1097105408  maximum resident set size
                   0  average shared memory size
                   0  average unshared data size
                   0  average unshared stack size
              123486  page reclaims
                  36  page faults
                   0  swaps
                   0  block input operations
                   0  block output operations
                 171  messages sent
              392567  messages received
                   0  signals received
                 813  voluntary context switches
              394815  involuntary context switches
         91044237760  instructions retired
         38460674302  cycles elapsed
           576391448  peak memory footprint
----------------------
Run 3:
S3 Test file path: bnl/ch330a.pc19790301-def.nc
Target Variable: UM_m01s16i202_vn1106
Dataset loaded from S3 with s3fs and Pyfive: bnl/ch330a.pc19790301-def.nc (0.15,4.2)
Loaded dataset <HDF5 dataset "UM_m01s16i202_vn1106": shape (40, 1920, 2560), type "float32">
Confirm slice is (slice(0, 36, None), slice(0, 1753, None), slice(0, 2337, None))
Result is [[[4708.3046875]]]
       36.37 real         6.66 user         3.35 sys
          1268334592  maximum resident set size
                   0  average shared memory size
                   0  average unshared data size
                   0  average unshared stack size
              102683  page reclaims
                  39  page faults
                   0  swaps
                   0  block input operations
                   0  block output operations
                 171  messages sent
              408326  messages received
                   0  signals received
                 814  voluntary context switches
              374794  involuntary context switches
         92153735569  instructions retired
         38423238971  cycles elapsed
           603408520  peak memory footprint
----------------------
Run 4:
S3 Test file path: bnl/ch330a.pc19790301-def.nc
Target Variable: UM_m01s16i202_vn1106
Dataset loaded from S3 with s3fs and Pyfive: bnl/ch330a.pc19790301-def.nc (0.15,3.9)
Loaded dataset <HDF5 dataset "UM_m01s16i202_vn1106": shape (40, 1920, 2560), type "float32">
Confirm slice is (slice(0, 36, None), slice(0, 1753, None), slice(0, 2337, None))
Result is [[[4708.3046875]]]
       35.87 real         6.40 user         3.05 sys
          1134886912  maximum resident set size
                   0  average shared memory size
                   0  average unshared data size
                   0  average unshared stack size
               84230  page reclaims
                  50  page faults
                   0  swaps
                   0  block input operations
                   0  block output operations
                 171  messages sent
              364282  messages received
                   0  signals received
                 812  voluntary context switches
              373216  involuntary context switches
         88647506208  instructions retired
         36709045275  cycles elapsed
           595495048  peak memory footprint
----------------------
Run 5:
S3 Test file path: bnl/ch330a.pc19790301-def.nc
Target Variable: UM_m01s16i202_vn1106
Dataset loaded from S3 with s3fs and Pyfive: bnl/ch330a.pc19790301-def.nc (0.15,3.8)
Loaded dataset <HDF5 dataset "UM_m01s16i202_vn1106": shape (40, 1920, 2560), type "float32">
Confirm slice is (slice(0, 36, None), slice(0, 1753, None), slice(0, 2337, None))
Result is [[[4708.3046875]]]
       36.10 real         6.64 user         3.29 sys
          1157791744  maximum resident set size
                   0  average shared memory size
                   0  average unshared data size
                   0  average unshared stack size
               94380  page reclaims
                  39  page faults
                   0  swaps
                   0  block input operations
                   0  block output operations
                 171  messages sent
              399023  messages received
                   0  signals received
                 773  voluntary context switches
              387202  involuntary context switches
         91276543217  instructions retired
         38280887305  cycles elapsed
           552454304  peak memory footprint
----------------------
Run 6:
S3 Test file path: bnl/ch330a.pc19790301-def.nc
Target Variable: UM_m01s16i202_vn1106
Dataset loaded from S3 with s3fs and Pyfive: bnl/ch330a.pc19790301-def.nc (0.15,4.3)
Loaded dataset <HDF5 dataset "UM_m01s16i202_vn1106": shape (40, 1920, 2560), type "float32">
Confirm slice is (slice(0, 36, None), slice(0, 1753, None), slice(0, 2337, None))
Result is [[[4708.3046875]]]
       36.08 real         6.69 user         3.29 sys
          1013760000  maximum resident set size
                   0  average shared memory size
                   0  average unshared data size
                   0  average unshared stack size
              122247  page reclaims
                  29  page faults
                   0  swaps
                   0  block input operations
                   0  block output operations
                 171  messages sent
              399548  messages received
                   0  signals received
                 829  voluntary context switches
              402894  involuntary context switches
         91652971718  instructions retired
         38600064950  cycles elapsed
           593119392  peak memory footprint
----------------------
Run 7:
S3 Test file path: bnl/ch330a.pc19790301-def.nc
Target Variable: UM_m01s16i202_vn1106
Dataset loaded from S3 with s3fs and Pyfive: bnl/ch330a.pc19790301-def.nc (0.14,4.1)
Loaded dataset <HDF5 dataset "UM_m01s16i202_vn1106": shape (40, 1920, 2560), type "float32">
Confirm slice is (slice(0, 36, None), slice(0, 1753, None), slice(0, 2337, None))
Result is [[[4708.3046875]]]
       36.27 real         6.81 user         3.38 sys
          1076756480  maximum resident set size
                   0  average shared memory size
                   0  average unshared data size
                   0  average unshared stack size
              119625  page reclaims
                  36  page faults
                   0  swaps
                   0  block input operations
                   0  block output operations
                 171  messages sent
              404220  messages received
                   0  signals received
                1022  voluntary context switches
              403821  involuntary context switches
         92297432928  instructions retired
         39261466679  cycles elapsed
           548309032  peak memory footprint
----------------------
Run 8:
S3 Test file path: bnl/ch330a.pc19790301-def.nc
Target Variable: UM_m01s16i202_vn1106
Dataset loaded from S3 with s3fs and Pyfive: bnl/ch330a.pc19790301-def.nc (0.15,4.7)
Loaded dataset <HDF5 dataset "UM_m01s16i202_vn1106": shape (40, 1920, 2560), type "float32">
Confirm slice is (slice(0, 36, None), slice(0, 1753, None), slice(0, 2337, None))
Result is [[[4708.3046875]]]
       37.33 real         6.89 user         3.44 sys
          1020346368  maximum resident set size
                   0  average shared memory size
                   0  average unshared data size
                   0  average unshared stack size
               96461  page reclaims
                  35  page faults
                   0  swaps
                   0  block input operations
                   0  block output operations
                 171  messages sent
              409746  messages received
                   0  signals received
                 814  voluntary context switches
              389439  involuntary context switches
         92295988797  instructions retired
         38773104632  cycles elapsed
           636471384  peak memory footprint
----------------------
Run 9:
S3 Test file path: bnl/ch330a.pc19790301-def.nc
Target Variable: UM_m01s16i202_vn1106
Dataset loaded from S3 with s3fs and Pyfive: bnl/ch330a.pc19790301-def.nc (0.18,3.9)
Loaded dataset <HDF5 dataset "UM_m01s16i202_vn1106": shape (40, 1920, 2560), type "float32">
Confirm slice is (slice(0, 36, None), slice(0, 1753, None), slice(0, 2337, None))
Result is [[[4708.3046875]]]
       36.38 real         6.84 user         3.23 sys
          1043890176  maximum resident set size
                   0  average shared memory size
                   0  average unshared data size
                   0  average unshared stack size
              141983  page reclaims
                  49  page faults
                   0  swaps
                   0  block input operations
                   0  block output operations
                 171  messages sent
              406156  messages received
                   0  signals received
                1816  voluntary context switches
              406571  involuntary context switches
         92253125481  instructions retired
         39139189847  cycles elapsed
           642091240  peak memory footprint
----------------------
Run 10:
S3 Test file path: bnl/ch330a.pc19790301-def.nc
Target Variable: UM_m01s16i202_vn1106
Dataset loaded from S3 with s3fs and Pyfive: bnl/ch330a.pc19790301-def.nc (0.17,4.0)
Loaded dataset <HDF5 dataset "UM_m01s16i202_vn1106": shape (40, 1920, 2560), type "float32">
Confirm slice is (slice(0, 36, None), slice(0, 1753, None), slice(0, 2337, None))
Result is [[[4708.3046875]]]
       36.52 real         6.81 user         3.36 sys
           958480384  maximum resident set size
                   0  average shared memory size
                   0  average unshared data size
                   0  average unshared stack size
              116347  page reclaims
                  22  page faults
                   0  swaps
                   0  block input operations
                   0  block output operations
                 171  messages sent
              399767  messages received
                   0  signals received
                1322  voluntary context switches
              403141  involuntary context switches
         91774124075  instructions retired
         39325364280  cycles elapsed
           583043232  peak memory footprint
----------------------
Run 11:
S3 Test file path: bnl/ch330a.pc19790301-def.nc
Target Variable: UM_m01s16i202_vn1106
Dataset loaded from S3 with s3fs and Pyfive: bnl/ch330a.pc19790301-def.nc (0.15,3.9)
Loaded dataset <HDF5 dataset "UM_m01s16i202_vn1106": shape (40, 1920, 2560), type "float32">
Confirm slice is (slice(0, 36, None), slice(0, 1753, None), slice(0, 2337, None))
Result is [[[4708.3046875]]]
       36.12 real         6.70 user         3.31 sys
           905920512  maximum resident set size
                   0  average shared memory size
                   0  average unshared data size
                   0  average unshared stack size
               94358  page reclaims
                  49  page faults
                   0  swaps
                   0  block input operations
                   0  block output operations
                 171  messages sent
              397781  messages received
                   0  signals received
                 813  voluntary context switches
              388344  involuntary context switches
         91268052487  instructions retired
         38556760249  cycles elapsed
           629688528  peak memory footprint
----------------------
Run 12:
S3 Test file path: bnl/ch330a.pc19790301-def.nc
Target Variable: UM_m01s16i202_vn1106
Dataset loaded from S3 with s3fs and Pyfive: bnl/ch330a.pc19790301-def.nc (0.13,4.3)
Loaded dataset <HDF5 dataset "UM_m01s16i202_vn1106": shape (40, 1920, 2560), type "float32">
Confirm slice is (slice(0, 36, None), slice(0, 1753, None), slice(0, 2337, None))
Result is [[[4708.3046875]]]
       36.57 real         6.69 user         3.36 sys
          1010941952  maximum resident set size
                   0  average shared memory size
                   0  average unshared data size
                   0  average unshared stack size
              120702  page reclaims
                  48  page faults
                   0  swaps
                   0  block input operations
                   0  block output operations
                 171  messages sent
              397509  messages received
                   0  signals received
                1489  voluntary context switches
              391942  involuntary context switches
         91584506729  instructions retired
         38597515190  cycles elapsed
           613714080  peak memory footprint
----------------------
Run 13:
S3 Test file path: bnl/ch330a.pc19790301-def.nc
Target Variable: UM_m01s16i202_vn1106
Dataset loaded from S3 with s3fs and Pyfive: bnl/ch330a.pc19790301-def.nc (0.15,3.9)
Loaded dataset <HDF5 dataset "UM_m01s16i202_vn1106": shape (40, 1920, 2560), type "float32">
Confirm slice is (slice(0, 36, None), slice(0, 1753, None), slice(0, 2337, None))
Result is [[[4708.3046875]]]
       36.11 real         6.62 user         3.21 sys
           996933632  maximum resident set size
                   0  average shared memory size
                   0  average unshared data size
                   0  average unshared stack size
               85162  page reclaims
                  38  page faults
                   0  swaps
                   0  block input operations
                   0  block output operations
                 171  messages sent
              401204  messages received
                   0  signals received
                 813  voluntary context switches
              378203  involuntary context switches
         91280995761  instructions retired
         37777981766  cycles elapsed
           593758368  peak memory footprint
----------------------
Run 14:
S3 Test file path: bnl/ch330a.pc19790301-def.nc
Target Variable: UM_m01s16i202_vn1106
Dataset loaded from S3 with s3fs and Pyfive: bnl/ch330a.pc19790301-def.nc (0.14,4.1)
Loaded dataset <HDF5 dataset "UM_m01s16i202_vn1106": shape (40, 1920, 2560), type "float32">
Confirm slice is (slice(0, 36, None), slice(0, 1753, None), slice(0, 2337, None))
Result is [[[4708.3046875]]]
       36.16 real         6.74 user         3.37 sys
           943915008  maximum resident set size
                   0  average shared memory size
                   0  average unshared data size
                   0  average unshared stack size
              135042  page reclaims
                  48  page faults
                   0  swaps
                   0  block input operations
                   0  block output operations
                 171  messages sent
              392112  messages received
                   0  signals received
                1126  voluntary context switches
              402465  involuntary context switches
         91314292051  instructions retired
         39231824324  cycles elapsed
           654280792  peak memory footprint
----------------------
Run 15:
S3 Test file path: bnl/ch330a.pc19790301-def.nc
Target Variable: UM_m01s16i202_vn1106
Dataset loaded from S3 with s3fs and Pyfive: bnl/ch330a.pc19790301-def.nc (0.36,4.4)
Loaded dataset <HDF5 dataset "UM_m01s16i202_vn1106": shape (40, 1920, 2560), type "float32">
Confirm slice is (slice(0, 36, None), slice(0, 1753, None), slice(0, 2337, None))
Result is [[[4708.3046875]]]
       36.85 real         6.85 user         3.45 sys
          1032519680  maximum resident set size
                   0  average shared memory size
                   0  average unshared data size
                   0  average unshared stack size
              142239  page reclaims
                  26  page faults
                   0  swaps
                   0  block input operations
                   0  block output operations
                 171  messages sent
              400082  messages received
                   0  signals received
                1407  voluntary context switches
              412588  involuntary context switches
         92263225723  instructions retired
         39919275006  cycles elapsed
           588351600  peak memory footprint
----------------------
Run 16:
S3 Test file path: bnl/ch330a.pc19790301-def.nc
Target Variable: UM_m01s16i202_vn1106
Dataset loaded from S3 with s3fs and Pyfive: bnl/ch330a.pc19790301-def.nc (0.19,4.1)
Loaded dataset <HDF5 dataset "UM_m01s16i202_vn1106": shape (40, 1920, 2560), type "float32">
Confirm slice is (slice(0, 36, None), slice(0, 1753, None), slice(0, 2337, None))
Result is [[[4708.3046875]]]
       36.19 real         6.63 user         3.17 sys
           997801984  maximum resident set size
                   0  average shared memory size
                   0  average unshared data size
                   0  average unshared stack size
              161198  page reclaims
                  31  page faults
                   0  swaps
                   0  block input operations
                   0  block output operations
                 171  messages sent
              418493  messages received
                   0  signals received
                1431  voluntary context switches
              417271  involuntary context switches
         93846725208  instructions retired
         40187696848  cycles elapsed
           629868656  peak memory footprint
----------------------
Run 17:
S3 Test file path: bnl/ch330a.pc19790301-def.nc
Target Variable: UM_m01s16i202_vn1106
Dataset loaded from S3 with s3fs and Pyfive: bnl/ch330a.pc19790301-def.nc (0.14,4.3)
Loaded dataset <HDF5 dataset "UM_m01s16i202_vn1106": shape (40, 1920, 2560), type "float32">
Confirm slice is (slice(0, 36, None), slice(0, 1753, None), slice(0, 2337, None))
Result is [[[4708.3046875]]]
       36.53 real         6.71 user         3.29 sys
          1152090112  maximum resident set size
                   0  average shared memory size
                   0  average unshared data size
                   0  average unshared stack size
              149292  page reclaims
                  40  page faults
                   0  swaps
                   0  block input operations
                   0  block output operations
                 171  messages sent
              410525  messages received
                   0  signals received
                1376  voluntary context switches
              411449  involuntary context switches
         92812312159  instructions retired
         39741396429  cycles elapsed
           636963000  peak memory footprint
----------------------
Run 18:
S3 Test file path: bnl/ch330a.pc19790301-def.nc
Target Variable: UM_m01s16i202_vn1106
Dataset loaded from S3 with s3fs and Pyfive: bnl/ch330a.pc19790301-def.nc (0.17,4.2)
Loaded dataset <HDF5 dataset "UM_m01s16i202_vn1106": shape (40, 1920, 2560), type "float32">
Confirm slice is (slice(0, 36, None), slice(0, 1753, None), slice(0, 2337, None))
Result is [[[4708.3046875]]]
       36.58 real         6.80 user         3.29 sys
          1046380544  maximum resident set size
                   0  average shared memory size
                   0  average unshared data size
                   0  average unshared stack size
              107002  page reclaims
                  34  page faults
                   0  swaps
                   0  block input operations
                   0  block output operations
                 171  messages sent
              401544  messages received
                   0  signals received
                1410  voluntary context switches
              420016  involuntary context switches
         92123856998  instructions retired
         39715637742  cycles elapsed
           527517832  peak memory footprint
----------------------
Run 19:
S3 Test file path: bnl/ch330a.pc19790301-def.nc
Target Variable: UM_m01s16i202_vn1106
Dataset loaded from S3 with s3fs and Pyfive: bnl/ch330a.pc19790301-def.nc (0.17,4.2)
Loaded dataset <HDF5 dataset "UM_m01s16i202_vn1106": shape (40, 1920, 2560), type "float32">
Confirm slice is (slice(0, 36, None), slice(0, 1753, None), slice(0, 2337, None))
Result is [[[4708.3046875]]]
       36.32 real         6.58 user         3.13 sys
          1056243712  maximum resident set size
                   0  average shared memory size
                   0  average unshared data size
                   0  average unshared stack size
              112907  page reclaims
                  19  page faults
                   0  swaps
                   0  block input operations
                   0  block output operations
                 171  messages sent
              401940  messages received
                   0  signals received
                1079  voluntary context switches
              397624  involuntary context switches
         91792506627  instructions retired
         38559353155  cycles elapsed
           555894968  peak memory footprint
----------------------
Run 20:
S3 Test file path: bnl/ch330a.pc19790301-def.nc
Target Variable: UM_m01s16i202_vn1106
Dataset loaded from S3 with s3fs and Pyfive: bnl/ch330a.pc19790301-def.nc (0.17,3.7)
Loaded dataset <HDF5 dataset "UM_m01s16i202_vn1106": shape (40, 1920, 2560), type "float32">
Confirm slice is (slice(0, 36, None), slice(0, 1753, None), slice(0, 2337, None))
Result is [[[4708.3046875]]]
       35.91 real         6.61 user         3.26 sys
          1011875840  maximum resident set size
                   0  average shared memory size
                   0  average unshared data size
                   0  average unshared stack size
              136984  page reclaims
                  49  page faults
                   0  swaps
                   0  block input operations
                   0  block output operations
                 171  messages sent
              403695  messages received
                   0  signals received
                1433  voluntary context switches
              392948  involuntary context switches
         92041763035  instructions retired
         38564513832  cycles elapsed
           588875960  peak memory footprint
----------------------
