Run 1:
S3 Test file path: bnl/ch330a.pc19790301-def.nc
Target Variable: UM_m01s16i202_vn1106
Dataset loaded from S3 with s3fs and Pyfive: bnl/ch330a.pc19790301-def.nc (0.31,4.6)
Loaded dataset <HDF5 dataset "UM_m01s16i202_vn1106": shape (40, 1920, 2560), type "float32">
Confirm slice is (slice(0, 8, None), slice(0, 413, None), slice(0, 551, None))
Result is [[[5002.91015625]]]
        6.20 real         0.73 user         0.38 sys
           391938048  maximum resident set size
                   0  average shared memory size
                   0  average unshared data size
                   0  average unshared stack size
               32038  page reclaims
                   3  page faults
                   0  swaps
                   0  block input operations
                   0  block output operations
                  27  messages sent
               20867  messages received
                   0  signals received
                   4  voluntary context switches
               43380  involuntary context switches
          9459397374  instructions retired
          4066694436  cycles elapsed
           221807648  peak memory footprint
----------------------
Run 2:
S3 Test file path: bnl/ch330a.pc19790301-def.nc
Target Variable: UM_m01s16i202_vn1106
Dataset loaded from S3 with s3fs and Pyfive: bnl/ch330a.pc19790301-def.nc (0.15,3.9)
Loaded dataset <HDF5 dataset "UM_m01s16i202_vn1106": shape (40, 1920, 2560), type "float32">
Confirm slice is (slice(0, 8, None), slice(0, 413, None), slice(0, 551, None))
Result is [[[5002.91015625]]]
        5.12 real         0.66 user         0.34 sys
           365854720  maximum resident set size
                   0  average shared memory size
                   0  average unshared data size
                   0  average unshared stack size
               33950  page reclaims
                  20  page faults
                   0  swaps
                   0  block input operations
                   0  block output operations
                  27  messages sent
               19511  messages received
                   0  signals received
                   4  voluntary context switches
               40923  involuntary context switches
          9422325536  instructions retired
          3885334363  cycles elapsed
           218596384  peak memory footprint
----------------------
Run 3:
S3 Test file path: bnl/ch330a.pc19790301-def.nc
Target Variable: UM_m01s16i202_vn1106
Dataset loaded from S3 with s3fs and Pyfive: bnl/ch330a.pc19790301-def.nc (0.14,4.1)
Loaded dataset <HDF5 dataset "UM_m01s16i202_vn1106": shape (40, 1920, 2560), type "float32">
Confirm slice is (slice(0, 8, None), slice(0, 413, None), slice(0, 551, None))
Result is [[[5002.91015625]]]
        5.36 real         0.65 user         0.34 sys
           371130368  maximum resident set size
                   0  average shared memory size
                   0  average unshared data size
                   0  average unshared stack size
               35316  page reclaims
                   1  page faults
                   0  swaps
                   0  block input operations
                   0  block output operations
                  27  messages sent
               18769  messages received
                   0  signals received
                   4  voluntary context switches
               40627  involuntary context switches
          9237525227  instructions retired
          3809752488  cycles elapsed
           214549368  peak memory footprint
----------------------
Run 4:
S3 Test file path: bnl/ch330a.pc19790301-def.nc
Target Variable: UM_m01s16i202_vn1106
Dataset loaded from S3 with s3fs and Pyfive: bnl/ch330a.pc19790301-def.nc (0.14,4.1)
Loaded dataset <HDF5 dataset "UM_m01s16i202_vn1106": shape (40, 1920, 2560), type "float32">
Confirm slice is (slice(0, 8, None), slice(0, 413, None), slice(0, 551, None))
Result is [[[5002.91015625]]]
        5.33 real         0.66 user         0.34 sys
           370262016  maximum resident set size
                   0  average shared memory size
                   0  average unshared data size
                   0  average unshared stack size
               32251  page reclaims
                   1  page faults
                   0  swaps
                   0  block input operations
                   0  block output operations
                  27  messages sent
               19837  messages received
                   0  signals received
                   4  voluntary context switches
               41863  involuntary context switches
          9315768871  instructions retired
          3847524589  cycles elapsed
           216237040  peak memory footprint
----------------------
Run 5:
S3 Test file path: bnl/ch330a.pc19790301-def.nc
Target Variable: UM_m01s16i202_vn1106
Dataset loaded from S3 with s3fs and Pyfive: bnl/ch330a.pc19790301-def.nc (0.15,4.3)
Loaded dataset <HDF5 dataset "UM_m01s16i202_vn1106": shape (40, 1920, 2560), type "float32">
Confirm slice is (slice(0, 8, None), slice(0, 413, None), slice(0, 551, None))
Result is [[[5002.91015625]]]
        5.62 real         0.64 user         0.34 sys
           375521280  maximum resident set size
                   0  average shared memory size
                   0  average unshared data size
                   0  average unshared stack size
               33079  page reclaims
                   1  page faults
                   0  swaps
                   0  block input operations
                   0  block output operations
                  27  messages sent
               19581  messages received
                   0  signals received
                   4  voluntary context switches
               40865  involuntary context switches
          9304867854  instructions retired
          3829747990  cycles elapsed
           213763104  peak memory footprint
----------------------
Run 6:
S3 Test file path: bnl/ch330a.pc19790301-def.nc
Target Variable: UM_m01s16i202_vn1106
Dataset loaded from S3 with s3fs and Pyfive: bnl/ch330a.pc19790301-def.nc (0.15,3.7)
Loaded dataset <HDF5 dataset "UM_m01s16i202_vn1106": shape (40, 1920, 2560), type "float32">
Confirm slice is (slice(0, 8, None), slice(0, 413, None), slice(0, 551, None))
Result is [[[5002.91015625]]]
        4.98 real         0.63 user         0.33 sys
           360824832  maximum resident set size
                   0  average shared memory size
                   0  average unshared data size
                   0  average unshared stack size
               33720  page reclaims
                   1  page faults
                   0  swaps
                   0  block input operations
                   0  block output operations
                  27  messages sent
               19145  messages received
                   0  signals received
                   4  voluntary context switches
               40594  involuntary context switches
          9275892107  instructions retired
          3803201323  cycles elapsed
           221414432  peak memory footprint
----------------------
Run 7:
S3 Test file path: bnl/ch330a.pc19790301-def.nc
Target Variable: UM_m01s16i202_vn1106
Dataset loaded from S3 with s3fs and Pyfive: bnl/ch330a.pc19790301-def.nc (0.15,3.9)
Loaded dataset <HDF5 dataset "UM_m01s16i202_vn1106": shape (40, 1920, 2560), type "float32">
Confirm slice is (slice(0, 8, None), slice(0, 413, None), slice(0, 551, None))
Result is [[[5002.91015625]]]
        5.18 real         0.63 user         0.32 sys
           377307136  maximum resident set size
                   0  average shared memory size
                   0  average unshared data size
                   0  average unshared stack size
               32670  page reclaims
                   1  page faults
                   0  swaps
                   0  block input operations
                   0  block output operations
                  27  messages sent
               18707  messages received
                   0  signals received
                   4  voluntary context switches
               40097  involuntary context switches
          9202208331  instructions retired
          3740060472  cycles elapsed
           211583912  peak memory footprint
----------------------
Run 8:
S3 Test file path: bnl/ch330a.pc19790301-def.nc
Target Variable: UM_m01s16i202_vn1106
Dataset loaded from S3 with s3fs and Pyfive: bnl/ch330a.pc19790301-def.nc (0.14,4.3)
Loaded dataset <HDF5 dataset "UM_m01s16i202_vn1106": shape (40, 1920, 2560), type "float32">
Confirm slice is (slice(0, 8, None), slice(0, 413, None), slice(0, 551, None))
Result is [[[5002.91015625]]]
        5.49 real         0.65 user         0.34 sys
           386957312  maximum resident set size
                   0  average shared memory size
                   0  average unshared data size
                   0  average unshared stack size
               35319  page reclaims
                   1  page faults
                   0  swaps
                   0  block input operations
                   0  block output operations
                  27  messages sent
               19216  messages received
                   0  signals received
                   4  voluntary context switches
               39948  involuntary context switches
          9269603834  instructions retired
          3792881334  cycles elapsed
           225854496  peak memory footprint
----------------------
Run 9:
S3 Test file path: bnl/ch330a.pc19790301-def.nc
Target Variable: UM_m01s16i202_vn1106
Dataset loaded from S3 with s3fs and Pyfive: bnl/ch330a.pc19790301-def.nc (0.14,4.1)
Loaded dataset <HDF5 dataset "UM_m01s16i202_vn1106": shape (40, 1920, 2560), type "float32">
Confirm slice is (slice(0, 8, None), slice(0, 413, None), slice(0, 551, None))
Result is [[[5002.91015625]]]
        5.38 real         0.68 user         0.34 sys
           385253376  maximum resident set size
                   0  average shared memory size
                   0  average unshared data size
                   0  average unshared stack size
               30093  page reclaims
                   1  page faults
                   0  swaps
                   0  block input operations
                   0  block output operations
                  27  messages sent
               19847  messages received
                   0  signals received
                   4  voluntary context switches
               40941  involuntary context switches
          9291301093  instructions retired
          3839583801  cycles elapsed
           221742112  peak memory footprint
----------------------
Run 10:
S3 Test file path: bnl/ch330a.pc19790301-def.nc
Target Variable: UM_m01s16i202_vn1106
Dataset loaded from S3 with s3fs and Pyfive: bnl/ch330a.pc19790301-def.nc (0.16,4.0)
Loaded dataset <HDF5 dataset "UM_m01s16i202_vn1106": shape (40, 1920, 2560), type "float32">
Confirm slice is (slice(0, 8, None), slice(0, 413, None), slice(0, 551, None))
Result is [[[5002.91015625]]]
        5.28 real         0.67 user         0.34 sys
           381665280  maximum resident set size
                   0  average shared memory size
                   0  average unshared data size
                   0  average unshared stack size
               32440  page reclaims
                   1  page faults
                   0  swaps
                   0  block input operations
                   0  block output operations
                  27  messages sent
               19168  messages received
                   0  signals received
                   4  voluntary context switches
               40935  involuntary context switches
          9259549111  instructions retired
          3858759369  cycles elapsed
           218580024  peak memory footprint
----------------------
Run 11:
S3 Test file path: bnl/ch330a.pc19790301-def.nc
Target Variable: UM_m01s16i202_vn1106
Dataset loaded from S3 with s3fs and Pyfive: bnl/ch330a.pc19790301-def.nc (0.14,5.3)
Loaded dataset <HDF5 dataset "UM_m01s16i202_vn1106": shape (40, 1920, 2560), type "float32">
Confirm slice is (slice(0, 8, None), slice(0, 413, None), slice(0, 551, None))
Result is [[[5002.91015625]]]
        6.58 real         0.70 user         0.37 sys
           372604928  maximum resident set size
                   0  average shared memory size
                   0  average unshared data size
                   0  average unshared stack size
               32349  page reclaims
                  38  page faults
                   0  swaps
                   0  block input operations
                   0  block output operations
                  27  messages sent
               19109  messages received
                   0  signals received
                   4  voluntary context switches
               41640  involuntary context switches
          9292714857  instructions retired
          3970565974  cycles elapsed
           213517392  peak memory footprint
----------------------
Run 12:
S3 Test file path: bnl/ch330a.pc19790301-def.nc
Target Variable: UM_m01s16i202_vn1106
Dataset loaded from S3 with s3fs and Pyfive: bnl/ch330a.pc19790301-def.nc (0.14,4.0)
Loaded dataset <HDF5 dataset "UM_m01s16i202_vn1106": shape (40, 1920, 2560), type "float32">
Confirm slice is (slice(0, 8, None), slice(0, 413, None), slice(0, 551, None))
Result is [[[5002.91015625]]]
        5.23 real         0.64 user         0.34 sys
           380715008  maximum resident set size
                   0  average shared memory size
                   0  average unshared data size
                   0  average unshared stack size
               36434  page reclaims
                  38  page faults
                   0  swaps
                   0  block input operations
                   0  block output operations
                  27  messages sent
               18949  messages received
                   0  signals received
                   4  voluntary context switches
               40897  involuntary context switches
          9366364532  instructions retired
          3820960547  cycles elapsed
           231080920  peak memory footprint
----------------------
Run 13:
S3 Test file path: bnl/ch330a.pc19790301-def.nc
Target Variable: UM_m01s16i202_vn1106
Dataset loaded from S3 with s3fs and Pyfive: bnl/ch330a.pc19790301-def.nc (0.15,4.3)
Loaded dataset <HDF5 dataset "UM_m01s16i202_vn1106": shape (40, 1920, 2560), type "float32">
Confirm slice is (slice(0, 8, None), slice(0, 413, None), slice(0, 551, None))
Result is [[[5002.91015625]]]
        5.60 real         0.66 user         0.33 sys
           393428992  maximum resident set size
                   0  average shared memory size
                   0  average unshared data size
                   0  average unshared stack size
               33658  page reclaims
                   1  page faults
                   0  swaps
                   0  block input operations
                   0  block output operations
                  27  messages sent
               19012  messages received
                   0  signals received
                   4  voluntary context switches
               41091  involuntary context switches
          9254768670  instructions retired
          3868101014  cycles elapsed
           232195080  peak memory footprint
----------------------
Run 14:
S3 Test file path: bnl/ch330a.pc19790301-def.nc
Target Variable: UM_m01s16i202_vn1106
Dataset loaded from S3 with s3fs and Pyfive: bnl/ch330a.pc19790301-def.nc (0.14,6.0)
Loaded dataset <HDF5 dataset "UM_m01s16i202_vn1106": shape (40, 1920, 2560), type "float32">
Confirm slice is (slice(0, 8, None), slice(0, 413, None), slice(0, 551, None))
Result is [[[5002.91015625]]]
        7.50 real         0.81 user         0.42 sys
           395558912  maximum resident set size
                   0  average shared memory size
                   0  average unshared data size
                   0  average unshared stack size
               31208  page reclaims
                  36  page faults
                   0  swaps
                   0  block input operations
                   0  block output operations
                  27  messages sent
               21009  messages received
                   0  signals received
                   4  voluntary context switches
               41756  involuntary context switches
          9478509389  instructions retired
          4100507896  cycles elapsed
           233145352  peak memory footprint
----------------------
Run 15:
S3 Test file path: bnl/ch330a.pc19790301-def.nc
Target Variable: UM_m01s16i202_vn1106
Dataset loaded from S3 with s3fs and Pyfive: bnl/ch330a.pc19790301-def.nc (0.15,4.4)
Loaded dataset <HDF5 dataset "UM_m01s16i202_vn1106": shape (40, 1920, 2560), type "float32">
Confirm slice is (slice(0, 8, None), slice(0, 413, None), slice(0, 551, None))
Result is [[[5002.91015625]]]
        5.86 real         0.74 user         0.39 sys
           377651200  maximum resident set size
                   0  average shared memory size
                   0  average unshared data size
                   0  average unshared stack size
               31679  page reclaims
                   1  page faults
                   0  swaps
                   0  block input operations
                   0  block output operations
                  27  messages sent
               20311  messages received
                   0  signals received
                   4  voluntary context switches
               41168  involuntary context switches
          9433375954  instructions retired
          4000917278  cycles elapsed
           218399728  peak memory footprint
----------------------
Run 16:
S3 Test file path: bnl/ch330a.pc19790301-def.nc
Target Variable: UM_m01s16i202_vn1106
Dataset loaded from S3 with s3fs and Pyfive: bnl/ch330a.pc19790301-def.nc (0.14,4.4)
Loaded dataset <HDF5 dataset "UM_m01s16i202_vn1106": shape (40, 1920, 2560), type "float32">
Confirm slice is (slice(0, 8, None), slice(0, 413, None), slice(0, 551, None))
Result is [[[5002.91015625]]]
        5.57 real         0.69 user         0.36 sys
           374358016  maximum resident set size
                   0  average shared memory size
                   0  average unshared data size
                   0  average unshared stack size
               34031  page reclaims
                   1  page faults
                   0  swaps
                   0  block input operations
                   0  block output operations
                  27  messages sent
               19741  messages received
                   0  signals received
                   4  voluntary context switches
               40539  involuntary context switches
          9313368897  instructions retired
          3872038608  cycles elapsed
           215204896  peak memory footprint
----------------------
Run 17:
S3 Test file path: bnl/ch330a.pc19790301-def.nc
Target Variable: UM_m01s16i202_vn1106
Dataset loaded from S3 with s3fs and Pyfive: bnl/ch330a.pc19790301-def.nc (0.14,3.6)
Loaded dataset <HDF5 dataset "UM_m01s16i202_vn1106": shape (40, 1920, 2560), type "float32">
Confirm slice is (slice(0, 8, None), slice(0, 413, None), slice(0, 551, None))
Result is [[[5002.91015625]]]
        4.83 real         0.63 user         0.33 sys
           366084096  maximum resident set size
                   0  average shared memory size
                   0  average unshared data size
                   0  average unshared stack size
               33459  page reclaims
                   1  page faults
                   0  swaps
                   0  block input operations
                   0  block output operations
                  27  messages sent
               18739  messages received
                   0  signals received
                   4  voluntary context switches
               40059  involuntary context switches
          9230278626  instructions retired
          3783165284  cycles elapsed
           212271944  peak memory footprint
----------------------
Run 18:
S3 Test file path: bnl/ch330a.pc19790301-def.nc
Target Variable: UM_m01s16i202_vn1106
Dataset loaded from S3 with s3fs and Pyfive: bnl/ch330a.pc19790301-def.nc (0.15,4.0)
Loaded dataset <HDF5 dataset "UM_m01s16i202_vn1106": shape (40, 1920, 2560), type "float32">
Confirm slice is (slice(0, 8, None), slice(0, 413, None), slice(0, 551, None))
Result is [[[5002.91015625]]]
        5.37 real         0.67 user         0.35 sys
           399917056  maximum resident set size
                   0  average shared memory size
                   0  average unshared data size
                   0  average unshared stack size
               35086  page reclaims
                   1  page faults
                   0  swaps
                   0  block input operations
                   0  block output operations
                  27  messages sent
               20278  messages received
                   0  signals received
                   4  voluntary context switches
               43138  involuntary context switches
          9403404515  instructions retired
          3948563690  cycles elapsed
           233997320  peak memory footprint
----------------------
Run 19:
S3 Test file path: bnl/ch330a.pc19790301-def.nc
Target Variable: UM_m01s16i202_vn1106
Dataset loaded from S3 with s3fs and Pyfive: bnl/ch330a.pc19790301-def.nc (0.14,3.7)
Loaded dataset <HDF5 dataset "UM_m01s16i202_vn1106": shape (40, 1920, 2560), type "float32">
Confirm slice is (slice(0, 8, None), slice(0, 413, None), slice(0, 551, None))
Result is [[[5002.91015625]]]
        4.97 real         0.65 user         0.34 sys
           387547136  maximum resident set size
                   0  average shared memory size
                   0  average unshared data size
                   0  average unshared stack size
               34815  page reclaims
                  34  page faults
                   0  swaps
                   0  block input operations
                   0  block output operations
                  27  messages sent
               19242  messages received
                   0  signals received
                   4  voluntary context switches
               42628  involuntary context switches
          9326160345  instructions retired
          3907802662  cycles elapsed
           233358320  peak memory footprint
----------------------
Run 20:
S3 Test file path: bnl/ch330a.pc19790301-def.nc
Target Variable: UM_m01s16i202_vn1106
Dataset loaded from S3 with s3fs and Pyfive: bnl/ch330a.pc19790301-def.nc (0.14,3.6)
Loaded dataset <HDF5 dataset "UM_m01s16i202_vn1106": shape (40, 1920, 2560), type "float32">
Confirm slice is (slice(0, 8, None), slice(0, 413, None), slice(0, 551, None))
Result is [[[5002.91015625]]]
        4.87 real         0.64 user         0.33 sys
           387006464  maximum resident set size
                   0  average shared memory size
                   0  average unshared data size
                   0  average unshared stack size
               31217  page reclaims
                   1  page faults
                   0  swaps
                   0  block input operations
                   0  block output operations
                  27  messages sent
               18787  messages received
                   0  signals received
                   4  voluntary context switches
               41349  involuntary context switches
          9339984537  instructions retired
          3833837196  cycles elapsed
           210174888  peak memory footprint
----------------------
