Run 1:
S3 Test file path: bnl/ch330a.pc19790301-def.nc
Target Variable: UM_m01s16i202_vn1106
Dataset loaded from S3 with s3fs and Pyfive: bnl/ch330a.pc19790301-def.nc (0.15,4.6)
Loaded dataset <HDF5 dataset "UM_m01s16i202_vn1106": shape (40, 1920, 2560), type "float32">
Confirm slice is (slice(0, 31, None), slice(0, 1525, None), slice(0, 2032, None))
Result is [[[4708.3046875]]]
        5.97 real         1.12 user         0.42 sys
           311181312  maximum resident set size
                   0  average shared memory size
                   0  average unshared data size
                   0  average unshared stack size
               26502  page reclaims
                1240  page faults
                   0  swaps
                   0  block input operations
                   0  block output operations
                 665  messages sent
               18936  messages received
                   0  signals received
                1211  voluntary context switches
               39696  involuntary context switches
         13941825872  instructions retired
          5229477232  cycles elapsed
           220087376  peak memory footprint
----------------------
Run 2:
S3 Test file path: bnl/ch330a.pc19790301-def.nc
Target Variable: UM_m01s16i202_vn1106
Dataset loaded from S3 with s3fs and Pyfive: bnl/ch330a.pc19790301-def.nc (0.14,3.8)
Loaded dataset <HDF5 dataset "UM_m01s16i202_vn1106": shape (40, 1920, 2560), type "float32">
Confirm slice is (slice(0, 31, None), slice(0, 1525, None), slice(0, 2032, None))
Result is [[[4708.3046875]]]
        4.85 real         1.00 user         0.34 sys
           329105408  maximum resident set size
                   0  average shared memory size
                   0  average unshared data size
                   0  average unshared stack size
               28319  page reclaims
                  11  page faults
                   0  swaps
                   0  block input operations
                   0  block output operations
                 665  messages sent
               17650  messages received
                   0  signals received
                 416  voluntary context switches
               38340  involuntary context switches
         13615919656  instructions retired
          4925309172  cycles elapsed
           227329056  peak memory footprint
----------------------
Run 3:
S3 Test file path: bnl/ch330a.pc19790301-def.nc
Target Variable: UM_m01s16i202_vn1106
Dataset loaded from S3 with s3fs and Pyfive: bnl/ch330a.pc19790301-def.nc (0.15,4.3)
Loaded dataset <HDF5 dataset "UM_m01s16i202_vn1106": shape (40, 1920, 2560), type "float32">
Confirm slice is (slice(0, 31, None), slice(0, 1525, None), slice(0, 2032, None))
Result is [[[4708.3046875]]]
        5.50 real         1.00 user         0.37 sys
           318619648  maximum resident set size
                   0  average shared memory size
                   0  average unshared data size
                   0  average unshared stack size
               28678  page reclaims
                  29  page faults
                   0  swaps
                   0  block input operations
                   0  block output operations
                 665  messages sent
               18755  messages received
                   0  signals received
                 395  voluntary context switches
               40378  involuntary context switches
         13765543097  instructions retired
          4963336975  cycles elapsed
           232752160  peak memory footprint
----------------------
Run 4:
S3 Test file path: bnl/ch330a.pc19790301-def.nc
Target Variable: UM_m01s16i202_vn1106
Dataset loaded from S3 with s3fs and Pyfive: bnl/ch330a.pc19790301-def.nc (0.15,4.1)
Loaded dataset <HDF5 dataset "UM_m01s16i202_vn1106": shape (40, 1920, 2560), type "float32">
Confirm slice is (slice(0, 31, None), slice(0, 1525, None), slice(0, 2032, None))
Result is [[[4708.3046875]]]
        4.90 real         0.99 user         0.35 sys
           314392576  maximum resident set size
                   0  average shared memory size
                   0  average unshared data size
                   0  average unshared stack size
               27420  page reclaims
                  11  page faults
                   0  swaps
                   0  block input operations
                   0  block output operations
                 665  messages sent
               17861  messages received
                   0  signals received
                 403  voluntary context switches
               40243  involuntary context switches
         13697200978  instructions retired
          4980338859  cycles elapsed
           215745568  peak memory footprint
----------------------
Run 5:
S3 Test file path: bnl/ch330a.pc19790301-def.nc
Target Variable: UM_m01s16i202_vn1106
Dataset loaded from S3 with s3fs and Pyfive: bnl/ch330a.pc19790301-def.nc (0.15,3.8)
Loaded dataset <HDF5 dataset "UM_m01s16i202_vn1106": shape (40, 1920, 2560), type "float32">
Confirm slice is (slice(0, 31, None), slice(0, 1525, None), slice(0, 2032, None))
Result is [[[4708.3046875]]]
        4.58 real         1.00 user         0.38 sys
           317390848  maximum resident set size
                   0  average shared memory size
                   0  average unshared data size
                   0  average unshared stack size
               27582  page reclaims
                  40  page faults
                   0  swaps
                   0  block input operations
                   0  block output operations
                 665  messages sent
               17943  messages received
                   0  signals received
                 400  voluntary context switches
               45403  involuntary context switches
         13827663363  instructions retired
          5271329349  cycles elapsed
           218481648  peak memory footprint
----------------------
Run 6:
S3 Test file path: bnl/ch330a.pc19790301-def.nc
Target Variable: UM_m01s16i202_vn1106
Dataset loaded from S3 with s3fs and Pyfive: bnl/ch330a.pc19790301-def.nc (0.15,3.8)
Loaded dataset <HDF5 dataset "UM_m01s16i202_vn1106": shape (40, 1920, 2560), type "float32">
Confirm slice is (slice(0, 31, None), slice(0, 1525, None), slice(0, 2032, None))
Result is [[[4708.3046875]]]
        4.50 real         0.95 user         0.34 sys
           313753600  maximum resident set size
                   0  average shared memory size
                   0  average unshared data size
                   0  average unshared stack size
               27884  page reclaims
                  11  page faults
                   0  swaps
                   0  block input operations
                   0  block output operations
                 665  messages sent
               17597  messages received
                   0  signals received
                 401  voluntary context switches
               40008  involuntary context switches
         13647349382  instructions retired
          4955879565  cycles elapsed
           218334216  peak memory footprint
----------------------
Run 7:
S3 Test file path: bnl/ch330a.pc19790301-def.nc
Target Variable: UM_m01s16i202_vn1106
Dataset loaded from S3 with s3fs and Pyfive: bnl/ch330a.pc19790301-def.nc (0.14,4.2)
Loaded dataset <HDF5 dataset "UM_m01s16i202_vn1106": shape (40, 1920, 2560), type "float32">
Confirm slice is (slice(0, 31, None), slice(0, 1525, None), slice(0, 2032, None))
Result is [[[4708.3046875]]]
        5.10 real         1.00 user         0.35 sys
           321241088  maximum resident set size
                   0  average shared memory size
                   0  average unshared data size
                   0  average unshared stack size
               26818  page reclaims
                   1  page faults
                   0  swaps
                   0  block input operations
                   0  block output operations
                 665  messages sent
               18285  messages received
                   0  signals received
                 410  voluntary context switches
               39449  involuntary context switches
         13665910165  instructions retired
          4918833331  cycles elapsed
           219841568  peak memory footprint
----------------------
Run 8:
S3 Test file path: bnl/ch330a.pc19790301-def.nc
Target Variable: UM_m01s16i202_vn1106
Dataset loaded from S3 with s3fs and Pyfive: bnl/ch330a.pc19790301-def.nc (0.14,4.5)
Loaded dataset <HDF5 dataset "UM_m01s16i202_vn1106": shape (40, 1920, 2560), type "float32">
Confirm slice is (slice(0, 31, None), slice(0, 1525, None), slice(0, 2032, None))
Result is [[[4708.3046875]]]
        5.08 real         1.06 user         0.43 sys
           326631424  maximum resident set size
                   0  average shared memory size
                   0  average unshared data size
                   0  average unshared stack size
               29196  page reclaims
                   1  page faults
                   0  swaps
                   0  block input operations
                   0  block output operations
                 665  messages sent
               19578  messages received
                   0  signals received
                 408  voluntary context switches
               40226  involuntary context switches
         13925033027  instructions retired
          5147650751  cycles elapsed
           217187312  peak memory footprint
----------------------
Run 9:
S3 Test file path: bnl/ch330a.pc19790301-def.nc
Target Variable: UM_m01s16i202_vn1106
Dataset loaded from S3 with s3fs and Pyfive: bnl/ch330a.pc19790301-def.nc (0.15,3.9)
Loaded dataset <HDF5 dataset "UM_m01s16i202_vn1106": shape (40, 1920, 2560), type "float32">
Confirm slice is (slice(0, 31, None), slice(0, 1525, None), slice(0, 2032, None))
Result is [[[4708.3046875]]]
        4.63 real         0.95 user         0.35 sys
           319225856  maximum resident set size
                   0  average shared memory size
                   0  average unshared data size
                   0  average unshared stack size
               28743  page reclaims
                   1  page faults
                   0  swaps
                   0  block input operations
                   0  block output operations
                 665  messages sent
               17661  messages received
                   0  signals received
                 407  voluntary context switches
               38829  involuntary context switches
         13727369586  instructions retired
          4931988342  cycles elapsed
           216794072  peak memory footprint
----------------------
Run 10:
S3 Test file path: bnl/ch330a.pc19790301-def.nc
Target Variable: UM_m01s16i202_vn1106
Dataset loaded from S3 with s3fs and Pyfive: bnl/ch330a.pc19790301-def.nc (0.15,4.0)
Loaded dataset <HDF5 dataset "UM_m01s16i202_vn1106": shape (40, 1920, 2560), type "float32">
Confirm slice is (slice(0, 31, None), slice(0, 1525, None), slice(0, 2032, None))
Result is [[[4708.3046875]]]
        4.61 real         0.94 user         0.34 sys
           311820288  maximum resident set size
                   0  average shared memory size
                   0  average unshared data size
                   0  average unshared stack size
               29322  page reclaims
                   1  page faults
                   0  swaps
                   0  block input operations
                   0  block output operations
                 665  messages sent
               17705  messages received
                   0  signals received
                 406  voluntary context switches
               38920  involuntary context switches
         13634353035  instructions retired
          4870023898  cycles elapsed
           215172080  peak memory footprint
----------------------
Run 11:
S3 Test file path: bnl/ch330a.pc19790301-def.nc
Target Variable: UM_m01s16i202_vn1106
Dataset loaded from S3 with s3fs and Pyfive: bnl/ch330a.pc19790301-def.nc (0.14,3.9)
Loaded dataset <HDF5 dataset "UM_m01s16i202_vn1106": shape (40, 1920, 2560), type "float32">
Confirm slice is (slice(0, 31, None), slice(0, 1525, None), slice(0, 2032, None))
Result is [[[4708.3046875]]]
        4.52 real         0.94 user         0.35 sys
           325910528  maximum resident set size
                   0  average shared memory size
                   0  average unshared data size
                   0  average unshared stack size
               30173  page reclaims
                   1  page faults
                   0  swaps
                   0  block input operations
                   0  block output operations
                 665  messages sent
               17575  messages received
                   0  signals received
                 402  voluntary context switches
               40712  involuntary context switches
         13712112924  instructions retired
          5006213127  cycles elapsed
           208028560  peak memory footprint
----------------------
Run 12:
S3 Test file path: bnl/ch330a.pc19790301-def.nc
Target Variable: UM_m01s16i202_vn1106
Dataset loaded from S3 with s3fs and Pyfive: bnl/ch330a.pc19790301-def.nc (0.14,4.9)
Loaded dataset <HDF5 dataset "UM_m01s16i202_vn1106": shape (40, 1920, 2560), type "float32">
Confirm slice is (slice(0, 31, None), slice(0, 1525, None), slice(0, 2032, None))
Result is [[[4708.3046875]]]
        5.59 real         1.05 user         0.40 sys
           327172096  maximum resident set size
                   0  average shared memory size
                   0  average unshared data size
                   0  average unshared stack size
               26636  page reclaims
                  35  page faults
                   0  swaps
                   0  block input operations
                   0  block output operations
                 665  messages sent
               20332  messages received
                   0  signals received
                 405  voluntary context switches
               43360  involuntary context switches
         13984537954  instructions retired
          5265826164  cycles elapsed
           212124656  peak memory footprint
----------------------
Run 13:
S3 Test file path: bnl/ch330a.pc19790301-def.nc
Target Variable: UM_m01s16i202_vn1106
Dataset loaded from S3 with s3fs and Pyfive: bnl/ch330a.pc19790301-def.nc (0.14,4.3)
Loaded dataset <HDF5 dataset "UM_m01s16i202_vn1106": shape (40, 1920, 2560), type "float32">
Confirm slice is (slice(0, 31, None), slice(0, 1525, None), slice(0, 2032, None))
Result is [[[4708.3046875]]]
        5.05 real         1.00 user         0.37 sys
           325926912  maximum resident set size
                   0  average shared memory size
                   0  average unshared data size
                   0  average unshared stack size
               27121  page reclaims
                   1  page faults
                   0  swaps
                   0  block input operations
                   0  block output operations
                 665  messages sent
               18504  messages received
                   0  signals received
                 407  voluntary context switches
               40079  involuntary context switches
         13782865697  instructions retired
          5055457137  cycles elapsed
           228115440  peak memory footprint
----------------------
Run 14:
S3 Test file path: bnl/ch330a.pc19790301-def.nc
Target Variable: UM_m01s16i202_vn1106
Dataset loaded from S3 with s3fs and Pyfive: bnl/ch330a.pc19790301-def.nc (0.15,4.0)
Loaded dataset <HDF5 dataset "UM_m01s16i202_vn1106": shape (40, 1920, 2560), type "float32">
Confirm slice is (slice(0, 31, None), slice(0, 1525, None), slice(0, 2032, None))
Result is [[[4708.3046875]]]
        4.68 real         0.94 user         0.34 sys
           314736640  maximum resident set size
                   0  average shared memory size
                   0  average unshared data size
                   0  average unshared stack size
               29489  page reclaims
                   1  page faults
                   0  swaps
                   0  block input operations
                   0  block output operations
                 665  messages sent
               17663  messages received
                   0  signals received
                 403  voluntary context switches
               38338  involuntary context switches
         13611176490  instructions retired
          4888444497  cycles elapsed
           219464712  peak memory footprint
----------------------
Run 15:
S3 Test file path: bnl/ch330a.pc19790301-def.nc
Target Variable: UM_m01s16i202_vn1106
Dataset loaded from S3 with s3fs and Pyfive: bnl/ch330a.pc19790301-def.nc (0.15,4.4)
Loaded dataset <HDF5 dataset "UM_m01s16i202_vn1106": shape (40, 1920, 2560), type "float32">
Confirm slice is (slice(0, 31, None), slice(0, 1525, None), slice(0, 2032, None))
Result is [[[4708.3046875]]]
        5.08 real         0.99 user         0.37 sys
           309624832  maximum resident set size
                   0  average shared memory size
                   0  average unshared data size
                   0  average unshared stack size
               28665  page reclaims
                   1  page faults
                   0  swaps
                   0  block input operations
                   0  block output operations
                 665  messages sent
               19228  messages received
                   0  signals received
                 397  voluntary context switches
               41659  involuntary context switches
         13789408356  instructions retired
          5026315442  cycles elapsed
           216220680  peak memory footprint
----------------------
Run 16:
S3 Test file path: bnl/ch330a.pc19790301-def.nc
Target Variable: UM_m01s16i202_vn1106
Dataset loaded from S3 with s3fs and Pyfive: bnl/ch330a.pc19790301-def.nc (0.14,4.3)
Loaded dataset <HDF5 dataset "UM_m01s16i202_vn1106": shape (40, 1920, 2560), type "float32">
Confirm slice is (slice(0, 31, None), slice(0, 1525, None), slice(0, 2032, None))
Result is [[[4708.3046875]]]
        4.96 real         0.99 user         0.36 sys
           310886400  maximum resident set size
                   0  average shared memory size
                   0  average unshared data size
                   0  average unshared stack size
               27721  page reclaims
                   1  page faults
                   0  swaps
                   0  block input operations
                   0  block output operations
                 665  messages sent
               18917  messages received
                   0  signals received
                 400  voluntary context switches
               40492  involuntary context switches
         13751287512  instructions retired
          5020068875  cycles elapsed
           215483400  peak memory footprint
----------------------
Run 17:
S3 Test file path: bnl/ch330a.pc19790301-def.nc
Target Variable: UM_m01s16i202_vn1106
Dataset loaded from S3 with s3fs and Pyfive: bnl/ch330a.pc19790301-def.nc (0.15,4.1)
Loaded dataset <HDF5 dataset "UM_m01s16i202_vn1106": shape (40, 1920, 2560), type "float32">
Confirm slice is (slice(0, 31, None), slice(0, 1525, None), slice(0, 2032, None))
Result is [[[4708.3046875]]]
        4.75 real         0.97 user         0.36 sys
           327974912  maximum resident set size
                   0  average shared memory size
                   0  average unshared data size
                   0  average unshared stack size
               30298  page reclaims
                   1  page faults
                   0  swaps
                   0  block input operations
                   0  block output operations
                 665  messages sent
               18946  messages received
                   0  signals received
                 402  voluntary context switches
               41353  involuntary context switches
         13773551772  instructions retired
          5018068648  cycles elapsed
           232096800  peak memory footprint
----------------------
Run 18:
S3 Test file path: bnl/ch330a.pc19790301-def.nc
Target Variable: UM_m01s16i202_vn1106
Dataset loaded from S3 with s3fs and Pyfive: bnl/ch330a.pc19790301-def.nc (0.16,4.1)
Loaded dataset <HDF5 dataset "UM_m01s16i202_vn1106": shape (40, 1920, 2560), type "float32">
Confirm slice is (slice(0, 31, None), slice(0, 1525, None), slice(0, 2032, None))
Result is [[[4708.3046875]]]
        4.77 real         0.96 user         0.35 sys
           315539456  maximum resident set size
                   0  average shared memory size
                   0  average unshared data size
                   0  average unshared stack size
               26951  page reclaims
                  35  page faults
                   0  swaps
                   0  block input operations
                   0  block output operations
                 665  messages sent
               18474  messages received
                   0  signals received
                 409  voluntary context switches
               40982  involuntary context switches
         13739653469  instructions retired
          5011205221  cycles elapsed
           219350096  peak memory footprint
----------------------
Run 19:
S3 Test file path: bnl/ch330a.pc19790301-def.nc
Target Variable: UM_m01s16i202_vn1106
Dataset loaded from S3 with s3fs and Pyfive: bnl/ch330a.pc19790301-def.nc (0.23,5.4)
Loaded dataset <HDF5 dataset "UM_m01s16i202_vn1106": shape (40, 1920, 2560), type "float32">
Confirm slice is (slice(0, 31, None), slice(0, 1525, None), slice(0, 2032, None))
Result is [[[4708.3046875]]]
        6.17 real         1.07 user         0.42 sys
           322994176  maximum resident set size
                   0  average shared memory size
                   0  average unshared data size
                   0  average unshared stack size
               27966  page reclaims
                   1  page faults
                   0  swaps
                   0  block input operations
                   0  block output operations
                 665  messages sent
               20857  messages received
                   0  signals received
                 402  voluntary context switches
               43098  involuntary context switches
         13936123887  instructions retired
          5290195257  cycles elapsed
           236225568  peak memory footprint
----------------------
Run 20:
S3 Test file path: bnl/ch330a.pc19790301-def.nc
Target Variable: UM_m01s16i202_vn1106
Dataset loaded from S3 with s3fs and Pyfive: bnl/ch330a.pc19790301-def.nc (0.15,4.5)
Loaded dataset <HDF5 dataset "UM_m01s16i202_vn1106": shape (40, 1920, 2560), type "float32">
Confirm slice is (slice(0, 31, None), slice(0, 1525, None), slice(0, 2032, None))
Result is [[[4708.3046875]]]
        5.24 real         0.99 user         0.37 sys
           316489728  maximum resident set size
                   0  average shared memory size
                   0  average unshared data size
                   0  average unshared stack size
               29043  page reclaims
                  50  page faults
                   0  swaps
                   0  block input operations
                   0  block output operations
                 665  messages sent
               19025  messages received
                   0  signals received
                 397  voluntary context switches
               42178  involuntary context switches
         13813130326  instructions retired
          5163357596  cycles elapsed
           213894128  peak memory footprint
----------------------
