Run 1:
S3 Test file path: bnl/ch330a.pc19790301-def.nc
Target Variable: UM_m01s16i202_vn1106
Dataset loaded from S3 with s3fs and Pyfive: bnl/ch330a.pc19790301-def.nc (0.75,4.6)
Loaded dataset <HDF5 dataset "UM_m01s16i202_vn1106": shape (40, 1920, 2560), type "float32">
Confirm slice is (slice(0, 40, None), slice(0, 1920, None), slice(0, 2560, None))
Result is [[[4677.859375]]]
       39.83 real         6.98 user         3.51 sys
           932315136  maximum resident set size
                   0  average shared memory size
                   0  average unshared data size
                   0  average unshared stack size
              124318  page reclaims
                1041  page faults
                   0  swaps
                   0  block input operations
                   0  block output operations
                 171  messages sent
              399730  messages received
                   0  signals received
                1123  voluntary context switches
              395680  involuntary context switches
         92153257361  instructions retired
         39235933206  cycles elapsed
           671320224  peak memory footprint
----------------------
Run 2:
S3 Test file path: bnl/ch330a.pc19790301-def.nc
Target Variable: UM_m01s16i202_vn1106
Dataset loaded from S3 with s3fs and Pyfive: bnl/ch330a.pc19790301-def.nc (0.15,3.9)
Loaded dataset <HDF5 dataset "UM_m01s16i202_vn1106": shape (40, 1920, 2560), type "float32">
Confirm slice is (slice(0, 40, None), slice(0, 1920, None), slice(0, 2560, None))
Result is [[[4677.859375]]]
       36.29 real         6.70 user         3.30 sys
          1047740416  maximum resident set size
                   0  average shared memory size
                   0  average unshared data size
                   0  average unshared stack size
               82911  page reclaims
                  46  page faults
                   0  swaps
                   0  block input operations
                   0  block output operations
                 171  messages sent
              399558  messages received
                   0  signals received
                1481  voluntary context switches
              382869  involuntary context switches
         91772363809  instructions retired
         38705024859  cycles elapsed
           612632664  peak memory footprint
----------------------
Run 3:
S3 Test file path: bnl/ch330a.pc19790301-def.nc
Target Variable: UM_m01s16i202_vn1106
Dataset loaded from S3 with s3fs and Pyfive: bnl/ch330a.pc19790301-def.nc (0.14,4.1)
Loaded dataset <HDF5 dataset "UM_m01s16i202_vn1106": shape (40, 1920, 2560), type "float32">
Confirm slice is (slice(0, 40, None), slice(0, 1920, None), slice(0, 2560, None))
Result is [[[4677.859375]]]
       36.02 real         6.69 user         3.28 sys
          1135493120  maximum resident set size
                   0  average shared memory size
                   0  average unshared data size
                   0  average unshared stack size
              115204  page reclaims
                  38  page faults
                   0  swaps
                   0  block input operations
                   0  block output operations
                 171  messages sent
              399611  messages received
                   0  signals received
                 811  voluntary context switches
              385501  involuntary context switches
         91858661699  instructions retired
         38376337951  cycles elapsed
           600737976  peak memory footprint
----------------------
Run 4:
S3 Test file path: bnl/ch330a.pc19790301-def.nc
Target Variable: UM_m01s16i202_vn1106
Dataset loaded from S3 with s3fs and Pyfive: bnl/ch330a.pc19790301-def.nc (0.18,4.0)
Loaded dataset <HDF5 dataset "UM_m01s16i202_vn1106": shape (40, 1920, 2560), type "float32">
Confirm slice is (slice(0, 40, None), slice(0, 1920, None), slice(0, 2560, None))
Result is [[[4677.859375]]]
       36.15 real         6.63 user         3.34 sys
          1069793280  maximum resident set size
                   0  average shared memory size
                   0  average unshared data size
                   0  average unshared stack size
              114952  page reclaims
                  29  page faults
                   0  swaps
                   0  block input operations
                   0  block output operations
                 171  messages sent
              399040  messages received
                   0  signals received
                1770  voluntary context switches
              383695  involuntary context switches
         92186141388  instructions retired
         38658654217  cycles elapsed
           642517272  peak memory footprint
----------------------
Run 5:
S3 Test file path: bnl/ch330a.pc19790301-def.nc
Target Variable: UM_m01s16i202_vn1106
Dataset loaded from S3 with s3fs and Pyfive: bnl/ch330a.pc19790301-def.nc (0.15,4.1)
Loaded dataset <HDF5 dataset "UM_m01s16i202_vn1106": shape (40, 1920, 2560), type "float32">
Confirm slice is (slice(0, 40, None), slice(0, 1920, None), slice(0, 2560, None))
Result is [[[4677.859375]]]
       36.64 real         6.83 user         3.39 sys
           974880768  maximum resident set size
                   0  average shared memory size
                   0  average unshared data size
                   0  average unshared stack size
              109299  page reclaims
                  25  page faults
                   0  swaps
                   0  block input operations
                   0  block output operations
                 171  messages sent
              411895  messages received
                   0  signals received
                 812  voluntary context switches
              398223  involuntary context switches
         92732880646  instructions retired
         39058900442  cycles elapsed
           622921816  peak memory footprint
----------------------
Run 6:
S3 Test file path: bnl/ch330a.pc19790301-def.nc
Target Variable: UM_m01s16i202_vn1106
Dataset loaded from S3 with s3fs and Pyfive: bnl/ch330a.pc19790301-def.nc (0.14,4.2)
Loaded dataset <HDF5 dataset "UM_m01s16i202_vn1106": shape (40, 1920, 2560), type "float32">
Confirm slice is (slice(0, 40, None), slice(0, 1920, None), slice(0, 2560, None))
Result is [[[4677.859375]]]
       36.08 real         6.73 user         3.23 sys
           994803712  maximum resident set size
                   0  average shared memory size
                   0  average unshared data size
                   0  average unshared stack size
               93286  page reclaims
                  35  page faults
                   0  swaps
                   0  block input operations
                   0  block output operations
                 171  messages sent
              402605  messages received
                   0  signals received
                 813  voluntary context switches
              416026  involuntary context switches
         92116536896  instructions retired
         39273711614  cycles elapsed
           616057040  peak memory footprint
----------------------
Run 7:
S3 Test file path: bnl/ch330a.pc19790301-def.nc
Target Variable: UM_m01s16i202_vn1106
Dataset loaded from S3 with s3fs and Pyfive: bnl/ch330a.pc19790301-def.nc (0.14,4.0)
Loaded dataset <HDF5 dataset "UM_m01s16i202_vn1106": shape (40, 1920, 2560), type "float32">
Confirm slice is (slice(0, 40, None), slice(0, 1920, None), slice(0, 2560, None))
Result is [[[4677.859375]]]
       35.90 real         6.38 user         2.92 sys
          1136852992  maximum resident set size
                   0  average shared memory size
                   0  average unshared data size
                   0  average unshared stack size
               94491  page reclaims
                  38  page faults
                   0  swaps
                   0  block input operations
                   0  block output operations
                 171  messages sent
              370858  messages received
                   0  signals received
                 812  voluntary context switches
              393982  involuntary context switches
         90001489245  instructions retired
         37041312209  cycles elapsed
           605915200  peak memory footprint
----------------------
Run 8:
S3 Test file path: bnl/ch330a.pc19790301-def.nc
Target Variable: UM_m01s16i202_vn1106
Dataset loaded from S3 with s3fs and Pyfive: bnl/ch330a.pc19790301-def.nc (0.15,4.0)
Loaded dataset <HDF5 dataset "UM_m01s16i202_vn1106": shape (40, 1920, 2560), type "float32">
Confirm slice is (slice(0, 40, None), slice(0, 1920, None), slice(0, 2560, None))
Result is [[[4677.859375]]]
       36.12 real         6.65 user         3.22 sys
          1120272384  maximum resident set size
                   0  average shared memory size
                   0  average unshared data size
                   0  average unshared stack size
               98966  page reclaims
                  38  page faults
                   0  swaps
                   0  block input operations
                   0  block output operations
                 171  messages sent
              404623  messages received
                   0  signals received
                 813  voluntary context switches
              397886  involuntary context switches
         92200145922  instructions retired
         38817992059  cycles elapsed
           612452464  peak memory footprint
----------------------
Run 9:
S3 Test file path: bnl/ch330a.pc19790301-def.nc
Target Variable: UM_m01s16i202_vn1106
Dataset loaded from S3 with s3fs and Pyfive: bnl/ch330a.pc19790301-def.nc (0.15,4.2)
Loaded dataset <HDF5 dataset "UM_m01s16i202_vn1106": shape (40, 1920, 2560), type "float32">
Confirm slice is (slice(0, 40, None), slice(0, 1920, None), slice(0, 2560, None))
Result is [[[4677.859375]]]
       36.28 real         6.59 user         3.18 sys
          1055997952  maximum resident set size
                   0  average shared memory size
                   0  average unshared data size
                   0  average unshared stack size
              114731  page reclaims
                  41  page faults
                   0  swaps
                   0  block input operations
                   0  block output operations
                 171  messages sent
              403310  messages received
                   0  signals received
                 927  voluntary context switches
              400588  involuntary context switches
         92326796491  instructions retired
         38466054872  cycles elapsed
           584321160  peak memory footprint
----------------------
Run 10:
S3 Test file path: bnl/ch330a.pc19790301-def.nc
Target Variable: UM_m01s16i202_vn1106
Dataset loaded from S3 with s3fs and Pyfive: bnl/ch330a.pc19790301-def.nc (0.17,4.0)
Loaded dataset <HDF5 dataset "UM_m01s16i202_vn1106": shape (40, 1920, 2560), type "float32">
Confirm slice is (slice(0, 40, None), slice(0, 1920, None), slice(0, 2560, None))
Result is [[[4677.859375]]]
       35.89 real         6.47 user         3.11 sys
          1115406336  maximum resident set size
                   0  average shared memory size
                   0  average unshared data size
                   0  average unshared stack size
               96798  page reclaims
                  41  page faults
                   0  swaps
                   0  block input operations
                   0  block output operations
                 171  messages sent
              408414  messages received
                   0  signals received
                1814  voluntary context switches
              380391  involuntary context switches
         92362839951  instructions retired
         37662558507  cycles elapsed
           592595128  peak memory footprint
----------------------
Run 11:
S3 Test file path: bnl/ch330a.pc19790301-def.nc
Target Variable: UM_m01s16i202_vn1106
Dataset loaded from S3 with s3fs and Pyfive: bnl/ch330a.pc19790301-def.nc (0.23,3.9)
Loaded dataset <HDF5 dataset "UM_m01s16i202_vn1106": shape (40, 1920, 2560), type "float32">
Confirm slice is (slice(0, 40, None), slice(0, 1920, None), slice(0, 2560, None))
Result is [[[4677.859375]]]
       39.76 real         7.17 user         3.34 sys
           995655680  maximum resident set size
                   0  average shared memory size
                   0  average unshared data size
                   0  average unshared stack size
               90369  page reclaims
                  22  page faults
                   0  swaps
                   0  block input operations
                   0  block output operations
                 171  messages sent
              411783  messages received
                   0  signals received
                 136  voluntary context switches
              398246  involuntary context switches
         92644377591  instructions retired
         38848209558  cycles elapsed
           633391192  peak memory footprint
----------------------
Run 12:
S3 Test file path: bnl/ch330a.pc19790301-def.nc
Target Variable: UM_m01s16i202_vn1106
Dataset loaded from S3 with s3fs and Pyfive: bnl/ch330a.pc19790301-def.nc (0.15,3.9)
Loaded dataset <HDF5 dataset "UM_m01s16i202_vn1106": shape (40, 1920, 2560), type "float32">
Confirm slice is (slice(0, 40, None), slice(0, 1920, None), slice(0, 2560, None))
Result is [[[4677.859375]]]
       36.48 real         6.89 user         3.39 sys
           959709184  maximum resident set size
                   0  average shared memory size
                   0  average unshared data size
                   0  average unshared stack size
              139384  page reclaims
                  29  page faults
                   0  swaps
                   0  block input operations
                   0  block output operations
                 171  messages sent
              400212  messages received
                   0  signals received
                1255  voluntary context switches
              417141  involuntary context switches
         92198912881  instructions retired
         39892740608  cycles elapsed
           601278600  peak memory footprint
----------------------
Run 13:
S3 Test file path: bnl/ch330a.pc19790301-def.nc
Target Variable: UM_m01s16i202_vn1106
Dataset loaded from S3 with s3fs and Pyfive: bnl/ch330a.pc19790301-def.nc (0.16,4.3)
Loaded dataset <HDF5 dataset "UM_m01s16i202_vn1106": shape (40, 1920, 2560), type "float32">
Confirm slice is (slice(0, 40, None), slice(0, 1920, None), slice(0, 2560, None))
Result is [[[4677.859375]]]
       36.77 real         6.83 user         3.36 sys
          1106165760  maximum resident set size
                   0  average shared memory size
                   0  average unshared data size
                   0  average unshared stack size
              104635  page reclaims
                  10  page faults
                   0  swaps
                   0  block input operations
                   0  block output operations
                 171  messages sent
              400699  messages received
                   0  signals received
                1092  voluntary context switches
              390530  involuntary context switches
         92182459108  instructions retired
         38832210829  cycles elapsed
           603785328  peak memory footprint
----------------------
Run 14:
S3 Test file path: bnl/ch330a.pc19790301-def.nc
Target Variable: UM_m01s16i202_vn1106
Dataset loaded from S3 with s3fs and Pyfive: bnl/ch330a.pc19790301-def.nc (0.14,4.1)
Loaded dataset <HDF5 dataset "UM_m01s16i202_vn1106": shape (40, 1920, 2560), type "float32">
Confirm slice is (slice(0, 40, None), slice(0, 1920, None), slice(0, 2560, None))
Result is [[[4677.859375]]]
       36.03 real         6.66 user         3.22 sys
          1033060352  maximum resident set size
                   0  average shared memory size
                   0  average unshared data size
                   0  average unshared stack size
               89889  page reclaims
                   5  page faults
                   0  swaps
                   0  block input operations
                   0  block output operations
                 171  messages sent
              397083  messages received
                   0  signals received
                 535  voluntary context switches
              397503  involuntary context switches
         91274970757  instructions retired
         38326746196  cycles elapsed
           537675816  peak memory footprint
----------------------
Run 15:
S3 Test file path: bnl/ch330a.pc19790301-def.nc
Target Variable: UM_m01s16i202_vn1106
Dataset loaded from S3 with s3fs and Pyfive: bnl/ch330a.pc19790301-def.nc (0.18,3.9)
Loaded dataset <HDF5 dataset "UM_m01s16i202_vn1106": shape (40, 1920, 2560), type "float32">
Confirm slice is (slice(0, 40, None), slice(0, 1920, None), slice(0, 2560, None))
Result is [[[4677.859375]]]
       36.18 real         6.65 user         3.29 sys
           940769280  maximum resident set size
                   0  average shared memory size
                   0  average unshared data size
                   0  average unshared stack size
              100701  page reclaims
                  29  page faults
                   0  swaps
                   0  block input operations
                   0  block output operations
                 171  messages sent
              397350  messages received
                   0  signals received
                1631  voluntary context switches
              385416  involuntary context switches
         91512763294  instructions retired
         38364513901  cycles elapsed
           586303600  peak memory footprint
----------------------
Run 16:
S3 Test file path: bnl/ch330a.pc19790301-def.nc
Target Variable: UM_m01s16i202_vn1106
Dataset loaded from S3 with s3fs and Pyfive: bnl/ch330a.pc19790301-def.nc (0.15,4.0)
Loaded dataset <HDF5 dataset "UM_m01s16i202_vn1106": shape (40, 1920, 2560), type "float32">
Confirm slice is (slice(0, 40, None), slice(0, 1920, None), slice(0, 2560, None))
Result is [[[4677.859375]]]
       36.10 real         6.65 user         3.28 sys
          1046888448  maximum resident set size
                   0  average shared memory size
                   0  average unshared data size
                   0  average unshared stack size
               97440  page reclaims
                  32  page faults
                   0  swaps
                   0  block input operations
                   0  block output operations
                 171  messages sent
              393898  messages received
                   0  signals received
                1624  voluntary context switches
              385957  involuntary context switches
         91389088090  instructions retired
         38375607385  cycles elapsed
           560531544  peak memory footprint
----------------------
Run 17:
S3 Test file path: bnl/ch330a.pc19790301-def.nc
Target Variable: UM_m01s16i202_vn1106
Dataset loaded from S3 with s3fs and Pyfive: bnl/ch330a.pc19790301-def.nc (0.14,3.8)
Loaded dataset <HDF5 dataset "UM_m01s16i202_vn1106": shape (40, 1920, 2560), type "float32">
Confirm slice is (slice(0, 40, None), slice(0, 1920, None), slice(0, 2560, None))
Result is [[[4677.859375]]]
       35.62 real         6.64 user         3.36 sys
           914243584  maximum resident set size
                   0  average shared memory size
                   0  average unshared data size
                   0  average unshared stack size
              112909  page reclaims
                   7  page faults
                   0  swaps
                   0  block input operations
                   0  block output operations
                 171  messages sent
              395076  messages received
                   0  signals received
                 891  voluntary context switches
              386400  involuntary context switches
         91601579162  instructions retired
         38748654934  cycles elapsed
           630524064  peak memory footprint
----------------------
Run 18:
S3 Test file path: bnl/ch330a.pc19790301-def.nc
Target Variable: UM_m01s16i202_vn1106
Dataset loaded from S3 with s3fs and Pyfive: bnl/ch330a.pc19790301-def.nc (0.15,4.5)
Loaded dataset <HDF5 dataset "UM_m01s16i202_vn1106": shape (40, 1920, 2560), type "float32">
Confirm slice is (slice(0, 40, None), slice(0, 1920, None), slice(0, 2560, None))
Result is [[[4677.859375]]]
       36.89 real         6.95 user         3.37 sys
          1161904128  maximum resident set size
                   0  average shared memory size
                   0  average unshared data size
                   0  average unshared stack size
              131472  page reclaims
                  19  page faults
                   0  swaps
                   0  block input operations
                   0  block output operations
                 171  messages sent
              402162  messages received
                   0  signals received
                1328  voluntary context switches
              400436  involuntary context switches
         92362721824  instructions retired
         39882023722  cycles elapsed
           594102504  peak memory footprint
----------------------
Run 19:
S3 Test file path: bnl/ch330a.pc19790301-def.nc
Target Variable: UM_m01s16i202_vn1106
Dataset loaded from S3 with s3fs and Pyfive: bnl/ch330a.pc19790301-def.nc (0.25,4.7)
Loaded dataset <HDF5 dataset "UM_m01s16i202_vn1106": shape (40, 1920, 2560), type "float32">
Confirm slice is (slice(0, 40, None), slice(0, 1920, None), slice(0, 2560, None))
Result is [[[4677.859375]]]
       36.75 real         6.74 user         3.36 sys
           977534976  maximum resident set size
                   0  average shared memory size
                   0  average unshared data size
                   0  average unshared stack size
              108636  page reclaims
                  23  page faults
                   0  swaps
                   0  block input operations
                   0  block output operations
                 171  messages sent
              399799  messages received
                   0  signals received
                1800  voluntary context switches
              396304  involuntary context switches
         91924602929  instructions retired
         38983104364  cycles elapsed
           518965384  peak memory footprint
----------------------
Run 20:
S3 Test file path: bnl/ch330a.pc19790301-def.nc
Target Variable: UM_m01s16i202_vn1106
Dataset loaded from S3 with s3fs and Pyfive: bnl/ch330a.pc19790301-def.nc (0.15,3.9)
Loaded dataset <HDF5 dataset "UM_m01s16i202_vn1106": shape (40, 1920, 2560), type "float32">
Confirm slice is (slice(0, 40, None), slice(0, 1920, None), slice(0, 2560, None))
Result is [[[4677.859375]]]
       35.84 real         6.66 user         3.36 sys
          1059651584  maximum resident set size
                   0  average shared memory size
                   0  average unshared data size
                   0  average unshared stack size
              130833  page reclaims
                  27  page faults
                   0  swaps
                   0  block input operations
                   0  block output operations
                 171  messages sent
              404269  messages received
                   0  signals received
                1151  voluntary context switches
              388688  involuntary context switches
         92256852073  instructions retired
         38534481767  cycles elapsed
           627984496  peak memory footprint
----------------------
