Run 1:
S3 Test file path: bnl/ch330a.pc19790301-def.nc
Target Variable: UM_m01s16i202_vn1106
Dataset loaded from S3 with s3fs and Pyfive: bnl/ch330a.pc19790301-def.nc (0.14,4.7)
Loaded dataset <HDF5 dataset "UM_m01s16i202_vn1106": shape (40, 1920, 2560), type "float32">
Confirm slice is (slice(0, 36, None), slice(0, 1753, None), slice(0, 2337, None))
Result is [[[4708.3046875]]]
        5.41 real         1.11 user         0.43 sys
           342097920  maximum resident set size
                   0  average shared memory size
                   0  average unshared data size
                   0  average unshared stack size
               29121  page reclaims
                   1  page faults
                   0  swaps
                   0  block input operations
                   0  block output operations
                 665  messages sent
               20252  messages received
                   0  signals received
                 403  voluntary context switches
               40551  involuntary context switches
         13956048776  instructions retired
          5246109125  cycles elapsed
           237814816  peak memory footprint
----------------------
Run 2:
S3 Test file path: bnl/ch330a.pc19790301-def.nc
Target Variable: UM_m01s16i202_vn1106
Dataset loaded from S3 with s3fs and Pyfive: bnl/ch330a.pc19790301-def.nc (0.14,4.2)
Loaded dataset <HDF5 dataset "UM_m01s16i202_vn1106": shape (40, 1920, 2560), type "float32">
Confirm slice is (slice(0, 36, None), slice(0, 1753, None), slice(0, 2337, None))
Result is [[[4708.3046875]]]
        4.90 real         0.96 user         0.35 sys
           327761920  maximum resident set size
                   0  average shared memory size
                   0  average unshared data size
                   0  average unshared stack size
               29741  page reclaims
                  35  page faults
                   0  swaps
                   0  block input operations
                   0  block output operations
                 665  messages sent
               17811  messages received
                   0  signals received
                 404  voluntary context switches
               39181  involuntary context switches
         13651015726  instructions retired
          4931862350  cycles elapsed
           217859056  peak memory footprint
----------------------
Run 3:
S3 Test file path: bnl/ch330a.pc19790301-def.nc
Target Variable: UM_m01s16i202_vn1106
Dataset loaded from S3 with s3fs and Pyfive: bnl/ch330a.pc19790301-def.nc (0.14,4.1)
Loaded dataset <HDF5 dataset "UM_m01s16i202_vn1106": shape (40, 1920, 2560), type "float32">
Confirm slice is (slice(0, 36, None), slice(0, 1753, None), slice(0, 2337, None))
Result is [[[4708.3046875]]]
        4.80 real         1.00 user         0.36 sys
           315326464  maximum resident set size
                   0  average shared memory size
                   0  average unshared data size
                   0  average unshared stack size
               27482  page reclaims
                   1  page faults
                   0  swaps
                   0  block input operations
                   0  block output operations
                 665  messages sent
               18091  messages received
                   0  signals received
                 400  voluntary context switches
               38558  involuntary context switches
         13636096007  instructions retired
          5017972003  cycles elapsed
           215237640  peak memory footprint
----------------------
Run 4:
S3 Test file path: bnl/ch330a.pc19790301-def.nc
Target Variable: UM_m01s16i202_vn1106
Dataset loaded from S3 with s3fs and Pyfive: bnl/ch330a.pc19790301-def.nc (0.16,4.2)
Loaded dataset <HDF5 dataset "UM_m01s16i202_vn1106": shape (40, 1920, 2560), type "float32">
Confirm slice is (slice(0, 36, None), slice(0, 1753, None), slice(0, 2337, None))
Result is [[[4708.3046875]]]
        4.82 real         0.96 user         0.35 sys
           308609024  maximum resident set size
                   0  average shared memory size
                   0  average unshared data size
                   0  average unshared stack size
               27587  page reclaims
                   1  page faults
                   0  swaps
                   0  block input operations
                   0  block output operations
                 665  messages sent
               17728  messages received
                   0  signals received
                 404  voluntary context switches
               38029  involuntary context switches
         13578357310  instructions retired
          4912583180  cycles elapsed
           215172104  peak memory footprint
----------------------
Run 5:
S3 Test file path: bnl/ch330a.pc19790301-def.nc
Target Variable: UM_m01s16i202_vn1106
Dataset loaded from S3 with s3fs and Pyfive: bnl/ch330a.pc19790301-def.nc (0.15,4.3)
Loaded dataset <HDF5 dataset "UM_m01s16i202_vn1106": shape (40, 1920, 2560), type "float32">
Confirm slice is (slice(0, 36, None), slice(0, 1753, None), slice(0, 2337, None))
Result is [[[4708.3046875]]]
        4.96 real         0.99 user         0.36 sys
           312999936  maximum resident set size
                   0  average shared memory size
                   0  average unshared data size
                   0  average unshared stack size
               27358  page reclaims
                   1  page faults
                   0  swaps
                   0  block input operations
                   0  block output operations
                 665  messages sent
               18931  messages received
                   0  signals received
                 405  voluntary context switches
               39084  involuntary context switches
         13696651250  instructions retired
          4973109641  cycles elapsed
           217187312  peak memory footprint
----------------------
Run 6:
S3 Test file path: bnl/ch330a.pc19790301-def.nc
Target Variable: UM_m01s16i202_vn1106
Dataset loaded from S3 with s3fs and Pyfive: bnl/ch330a.pc19790301-def.nc (0.45,5.0)
Loaded dataset <HDF5 dataset "UM_m01s16i202_vn1106": shape (40, 1920, 2560), type "float32">
Confirm slice is (slice(0, 36, None), slice(0, 1753, None), slice(0, 2337, None))
Result is [[[4708.3046875]]]
        5.97 real         1.11 user         0.42 sys
           341426176  maximum resident set size
                   0  average shared memory size
                   0  average unshared data size
                   0  average unshared stack size
               27027  page reclaims
                   1  page faults
                   0  swaps
                   0  block input operations
                   0  block output operations
                 665  messages sent
               19926  messages received
                   0  signals received
                 404  voluntary context switches
               39336  involuntary context switches
         13774577678  instructions retired
          5177174422  cycles elapsed
           228443168  peak memory footprint
----------------------
Run 7:
S3 Test file path: bnl/ch330a.pc19790301-def.nc
Target Variable: UM_m01s16i202_vn1106
Dataset loaded from S3 with s3fs and Pyfive: bnl/ch330a.pc19790301-def.nc (0.14,4.3)
Loaded dataset <HDF5 dataset "UM_m01s16i202_vn1106": shape (40, 1920, 2560), type "float32">
Confirm slice is (slice(0, 36, None), slice(0, 1753, None), slice(0, 2337, None))
Result is [[[4708.3046875]]]
        5.01 real         1.01 user         0.37 sys
           315899904  maximum resident set size
                   0  average shared memory size
                   0  average unshared data size
                   0  average unshared stack size
               28539  page reclaims
                   1  page faults
                   0  swaps
                   0  block input operations
                   0  block output operations
                 665  messages sent
               18905  messages received
                   0  signals received
                 408  voluntary context switches
               39627  involuntary context switches
         13713973481  instructions retired
          4984868509  cycles elapsed
           218219576  peak memory footprint
----------------------
Run 8:
S3 Test file path: bnl/ch330a.pc19790301-def.nc
Target Variable: UM_m01s16i202_vn1106
Dataset loaded from S3 with s3fs and Pyfive: bnl/ch330a.pc19790301-def.nc (0.14,3.9)
Loaded dataset <HDF5 dataset "UM_m01s16i202_vn1106": shape (40, 1920, 2560), type "float32">
Confirm slice is (slice(0, 36, None), slice(0, 1753, None), slice(0, 2337, None))
Result is [[[4708.3046875]]]
        4.59 real         0.96 user         0.35 sys
           342556672  maximum resident set size
                   0  average shared memory size
                   0  average unshared data size
                   0  average unshared stack size
               30678  page reclaims
                   1  page faults
                   0  swaps
                   0  block input operations
                   0  block output operations
                 665  messages sent
               17849  messages received
                   0  signals received
                 407  voluntary context switches
               38751  involuntary context switches
         13651430111  instructions retired
          4936919595  cycles elapsed
           233948120  peak memory footprint
----------------------
Run 9:
S3 Test file path: bnl/ch330a.pc19790301-def.nc
Target Variable: UM_m01s16i202_vn1106
Dataset loaded from S3 with s3fs and Pyfive: bnl/ch330a.pc19790301-def.nc (0.15,4.2)
Loaded dataset <HDF5 dataset "UM_m01s16i202_vn1106": shape (40, 1920, 2560), type "float32">
Confirm slice is (slice(0, 36, None), slice(0, 1753, None), slice(0, 2337, None))
Result is [[[4708.3046875]]]
        4.95 real         0.99 user         0.36 sys
           330596352  maximum resident set size
                   0  average shared memory size
                   0  average unshared data size
                   0  average unshared stack size
               26835  page reclaims
                  50  page faults
                   0  swaps
                   0  block input operations
                   0  block output operations
                 665  messages sent
               18177  messages received
                   0  signals received
                 401  voluntary context switches
               39011  involuntary context switches
         13642056460  instructions retired
          4991820766  cycles elapsed
           221922312  peak memory footprint
----------------------
Run 10:
S3 Test file path: bnl/ch330a.pc19790301-def.nc
Target Variable: UM_m01s16i202_vn1106
Dataset loaded from S3 with s3fs and Pyfive: bnl/ch330a.pc19790301-def.nc (0.18,4.2)
Loaded dataset <HDF5 dataset "UM_m01s16i202_vn1106": shape (40, 1920, 2560), type "float32">
Confirm slice is (slice(0, 36, None), slice(0, 1753, None), slice(0, 2337, None))
Result is [[[4708.3046875]]]
        4.88 real         0.99 user         0.38 sys
           312033280  maximum resident set size
                   0  average shared memory size
                   0  average unshared data size
                   0  average unshared stack size
               26774  page reclaims
                   1  page faults
                   0  swaps
                   0  block input operations
                   0  block output operations
                 665  messages sent
               18451  messages received
                   0  signals received
                 396  voluntary context switches
               40849  involuntary context switches
         13725030526  instructions retired
          5089097630  cycles elapsed
           222856224  peak memory footprint
----------------------
Run 11:
S3 Test file path: bnl/ch330a.pc19790301-def.nc
Target Variable: UM_m01s16i202_vn1106
Dataset loaded from S3 with s3fs and Pyfive: bnl/ch330a.pc19790301-def.nc (0.15,4.7)
Loaded dataset <HDF5 dataset "UM_m01s16i202_vn1106": shape (40, 1920, 2560), type "float32">
Confirm slice is (slice(0, 36, None), slice(0, 1753, None), slice(0, 2337, None))
Result is [[[4708.3046875]]]
        5.38 real         1.03 user         0.40 sys
           319455232  maximum resident set size
                   0  average shared memory size
                   0  average unshared data size
                   0  average unshared stack size
               27176  page reclaims
                  50  page faults
                   0  swaps
                   0  block input operations
                   0  block output operations
                 665  messages sent
               20468  messages received
                   0  signals received
                 404  voluntary context switches
               41785  involuntary context switches
         13881519673  instructions retired
          5145189629  cycles elapsed
           224429112  peak memory footprint
----------------------
Run 12:
S3 Test file path: bnl/ch330a.pc19790301-def.nc
Target Variable: UM_m01s16i202_vn1106
Dataset loaded from S3 with s3fs and Pyfive: bnl/ch330a.pc19790301-def.nc (0.15,4.6)
Loaded dataset <HDF5 dataset "UM_m01s16i202_vn1106": shape (40, 1920, 2560), type "float32">
Confirm slice is (slice(0, 36, None), slice(0, 1753, None), slice(0, 2337, None))
Result is [[[4708.3046875]]]
        5.24 real         1.05 user         0.40 sys
           330612736  maximum resident set size
                   0  average shared memory size
                   0  average unshared data size
                   0  average unshared stack size
               26373  page reclaims
                   1  page faults
                   0  swaps
                   0  block input operations
                   0  block output operations
                 665  messages sent
               20150  messages received
                   0  signals received
                 407  voluntary context switches
               40909  involuntary context switches
         13917252323  instructions retired
          5167862309  cycles elapsed
           221185032  peak memory footprint
----------------------
Run 13:
S3 Test file path: bnl/ch330a.pc19790301-def.nc
Target Variable: UM_m01s16i202_vn1106
Dataset loaded from S3 with s3fs and Pyfive: bnl/ch330a.pc19790301-def.nc (0.15,4.2)
Loaded dataset <HDF5 dataset "UM_m01s16i202_vn1106": shape (40, 1920, 2560), type "float32">
Confirm slice is (slice(0, 36, None), slice(0, 1753, None), slice(0, 2337, None))
Result is [[[4708.3046875]]]
        4.88 real         0.99 user         0.37 sys
           330743808  maximum resident set size
                   0  average shared memory size
                   0  average unshared data size
                   0  average unshared stack size
               26381  page reclaims
                   1  page faults
                   0  swaps
                   0  block input operations
                   0  block output operations
                 665  messages sent
               18811  messages received
                   0  signals received
                 411  voluntary context switches
               39705  involuntary context switches
         13796157243  instructions retired
          5030908752  cycles elapsed
           220611592  peak memory footprint
----------------------
Run 14:
S3 Test file path: bnl/ch330a.pc19790301-def.nc
Target Variable: UM_m01s16i202_vn1106
Dataset loaded from S3 with s3fs and Pyfive: bnl/ch330a.pc19790301-def.nc (0.14,4.3)
Loaded dataset <HDF5 dataset "UM_m01s16i202_vn1106": shape (40, 1920, 2560), type "float32">
Confirm slice is (slice(0, 36, None), slice(0, 1753, None), slice(0, 2337, None))
Result is [[[4708.3046875]]]
        4.96 real         0.99 user         0.36 sys
           323895296  maximum resident set size
                   0  average shared memory size
                   0  average unshared data size
                   0  average unshared stack size
               28002  page reclaims
                   1  page faults
                   0  swaps
                   0  block input operations
                   0  block output operations
                 665  messages sent
               19076  messages received
                   0  signals received
                 394  voluntary context switches
               40147  involuntary context switches
         13742794737  instructions retired
          5019844230  cycles elapsed
           224658464  peak memory footprint
----------------------
Run 15:
S3 Test file path: bnl/ch330a.pc19790301-def.nc
Target Variable: UM_m01s16i202_vn1106
Dataset loaded from S3 with s3fs and Pyfive: bnl/ch330a.pc19790301-def.nc (0.16,3.9)
Loaded dataset <HDF5 dataset "UM_m01s16i202_vn1106": shape (40, 1920, 2560), type "float32">
Confirm slice is (slice(0, 36, None), slice(0, 1753, None), slice(0, 2337, None))
Result is [[[4708.3046875]]]
        4.66 real         0.96 user         0.35 sys
           312705024  maximum resident set size
                   0  average shared memory size
                   0  average unshared data size
                   0  average unshared stack size
               28861  page reclaims
                   1  page faults
                   0  swaps
                   0  block input operations
                   0  block output operations
                 665  messages sent
               18489  messages received
                   0  signals received
                 400  voluntary context switches
               40069  involuntary context switches
         13706380760  instructions retired
          4957025765  cycles elapsed
           218956880  peak memory footprint
----------------------
Run 16:
S3 Test file path: bnl/ch330a.pc19790301-def.nc
Target Variable: UM_m01s16i202_vn1106
Dataset loaded from S3 with s3fs and Pyfive: bnl/ch330a.pc19790301-def.nc (0.15,4.6)
Loaded dataset <HDF5 dataset "UM_m01s16i202_vn1106": shape (40, 1920, 2560), type "float32">
Confirm slice is (slice(0, 36, None), slice(0, 1753, None), slice(0, 2337, None))
Result is [[[4708.3046875]]]
        5.32 real         1.07 user         0.42 sys
           320585728  maximum resident set size
                   0  average shared memory size
                   0  average unshared data size
                   0  average unshared stack size
               27287  page reclaims
                   1  page faults
                   0  swaps
                   0  block input operations
                   0  block output operations
                 665  messages sent
               21038  messages received
                   0  signals received
                 406  voluntary context switches
               41246  involuntary context switches
         13896465874  instructions retired
          5175060524  cycles elapsed
           224134152  peak memory footprint
----------------------
Run 17:
S3 Test file path: bnl/ch330a.pc19790301-def.nc
Target Variable: UM_m01s16i202_vn1106
Dataset loaded from S3 with s3fs and Pyfive: bnl/ch330a.pc19790301-def.nc (0.14,4.3)
Loaded dataset <HDF5 dataset "UM_m01s16i202_vn1106": shape (40, 1920, 2560), type "float32">
Confirm slice is (slice(0, 36, None), slice(0, 1753, None), slice(0, 2337, None))
Result is [[[4708.3046875]]]
        4.99 real         0.99 user         0.37 sys
           328613888  maximum resident set size
                   0  average shared memory size
                   0  average unshared data size
                   0  average unshared stack size
               27784  page reclaims
                   1  page faults
                   0  swaps
                   0  block input operations
                   0  block output operations
                 665  messages sent
               18839  messages received
                   0  signals received
                 404  voluntary context switches
               40068  involuntary context switches
         13724782035  instructions retired
          4936356034  cycles elapsed
           221594608  peak memory footprint
----------------------
Run 18:
S3 Test file path: bnl/ch330a.pc19790301-def.nc
Target Variable: UM_m01s16i202_vn1106
Dataset loaded from S3 with s3fs and Pyfive: bnl/ch330a.pc19790301-def.nc (0.15,5.2)
Loaded dataset <HDF5 dataset "UM_m01s16i202_vn1106": shape (40, 1920, 2560), type "float32">
Confirm slice is (slice(0, 36, None), slice(0, 1753, None), slice(0, 2337, None))
Result is [[[4708.3046875]]]
        5.96 real         1.15 user         0.45 sys
           336953344  maximum resident set size
                   0  average shared memory size
                   0  average unshared data size
                   0  average unshared stack size
               27269  page reclaims
                   1  page faults
                   0  swaps
                   0  block input operations
                   0  block output operations
                 665  messages sent
               20523  messages received
                   0  signals received
                 410  voluntary context switches
               41170  involuntary context switches
         13848977089  instructions retired
          5321166976  cycles elapsed
           214287368  peak memory footprint
----------------------
Run 19:
S3 Test file path: bnl/ch330a.pc19790301-def.nc
Target Variable: UM_m01s16i202_vn1106
Dataset loaded from S3 with s3fs and Pyfive: bnl/ch330a.pc19790301-def.nc (0.15,4.9)
Loaded dataset <HDF5 dataset "UM_m01s16i202_vn1106": shape (40, 1920, 2560), type "float32">
Confirm slice is (slice(0, 36, None), slice(0, 1753, None), slice(0, 2337, None))
Result is [[[4708.3046875]]]
        5.58 real         1.04 user         0.39 sys
           314638336  maximum resident set size
                   0  average shared memory size
                   0  average unshared data size
                   0  average unshared stack size
               27444  page reclaims
                   1  page faults
                   0  swaps
                   0  block input operations
                   0  block output operations
                 665  messages sent
               19478  messages received
                   0  signals received
                 402  voluntary context switches
               40554  involuntary context switches
         13777783774  instructions retired
          5142686204  cycles elapsed
           224904224  peak memory footprint
----------------------
Run 20:
S3 Test file path: bnl/ch330a.pc19790301-def.nc
Target Variable: UM_m01s16i202_vn1106
Dataset loaded from S3 with s3fs and Pyfive: bnl/ch330a.pc19790301-def.nc (0.15,4.3)
Loaded dataset <HDF5 dataset "UM_m01s16i202_vn1106": shape (40, 1920, 2560), type "float32">
Confirm slice is (slice(0, 36, None), slice(0, 1753, None), slice(0, 2337, None))
Result is [[[4708.3046875]]]
        4.94 real         1.00 user         0.38 sys
           309903360  maximum resident set size
                   0  average shared memory size
                   0  average unshared data size
                   0  average unshared stack size
               30226  page reclaims
                   1  page faults
                   0  swaps
                   0  block input operations
                   0  block output operations
                 665  messages sent
               18829  messages received
                   0  signals received
                 400  voluntary context switches
               39382  involuntary context switches
         13740957303  instructions retired
          5045575217  cycles elapsed
           221627400  peak memory footprint
----------------------
