Run 1:
S3 Test file path: bnl/ch330a.pc19790301-def.nc
Target Variable: UM_m01s16i202_vn1106
Dataset loaded from S3 with s3fs and Pyfive: bnl/ch330a.pc19790301-def.nc (0.15,3.9)
Loaded dataset <HDF5 dataset "UM_m01s16i202_vn1106": shape (40, 1920, 2560), type "float32">
Confirm slice is (slice(0, 31, None), slice(0, 1525, None), slice(0, 2032, None))
Result is [[[4708.3046875]]]
       35.78 real         6.67 user         3.31 sys
           944685056  maximum resident set size
                   0  average shared memory size
                   0  average unshared data size
                   0  average unshared stack size
              108428  page reclaims
                  17  page faults
                   0  swaps
                   0  block input operations
                   0  block output operations
                 171  messages sent
              396931  messages received
                   0  signals received
                 580  voluntary context switches
              406067  involuntary context switches
         91046656398  instructions retired
         38663336179  cycles elapsed
           590792768  peak memory footprint
----------------------
Run 2:
S3 Test file path: bnl/ch330a.pc19790301-def.nc
Target Variable: UM_m01s16i202_vn1106
Dataset loaded from S3 with s3fs and Pyfive: bnl/ch330a.pc19790301-def.nc (0.14,4.0)
Loaded dataset <HDF5 dataset "UM_m01s16i202_vn1106": shape (40, 1920, 2560), type "float32">
Confirm slice is (slice(0, 31, None), slice(0, 1525, None), slice(0, 2032, None))
Result is [[[4708.3046875]]]
       36.05 real         6.62 user         3.25 sys
          1128906752  maximum resident set size
                   0  average shared memory size
                   0  average unshared data size
                   0  average unshared stack size
               84472  page reclaims
                  19  page faults
                   0  swaps
                   0  block input operations
                   0  block output operations
                 171  messages sent
              402882  messages received
                   0  signals received
                 828  voluntary context switches
              376937  involuntary context switches
         90919807976  instructions retired
         37830689241  cycles elapsed
           569411696  peak memory footprint
----------------------
Run 3:
S3 Test file path: bnl/ch330a.pc19790301-def.nc
Target Variable: UM_m01s16i202_vn1106
Dataset loaded from S3 with s3fs and Pyfive: bnl/ch330a.pc19790301-def.nc (0.14,4.7)
Loaded dataset <HDF5 dataset "UM_m01s16i202_vn1106": shape (40, 1920, 2560), type "float32">
Confirm slice is (slice(0, 31, None), slice(0, 1525, None), slice(0, 2032, None))
Result is [[[4708.3046875]]]
       37.07 real         6.85 user         3.31 sys
          1160413184  maximum resident set size
                   0  average shared memory size
                   0  average unshared data size
                   0  average unshared stack size
               85254  page reclaims
                  24  page faults
                   0  swaps
                   0  block input operations
                   0  block output operations
                 171  messages sent
              411766  messages received
                   0  signals received
                1146  voluntary context switches
              423107  involuntary context switches
         92350535814  instructions retired
         41227145083  cycles elapsed
           526682272  peak memory footprint
----------------------
Run 4:
S3 Test file path: bnl/ch330a.pc19790301-def.nc
Target Variable: UM_m01s16i202_vn1106
Dataset loaded from S3 with s3fs and Pyfive: bnl/ch330a.pc19790301-def.nc (0.27,4.1)
Loaded dataset <HDF5 dataset "UM_m01s16i202_vn1106": shape (40, 1920, 2560), type "float32">
Confirm slice is (slice(0, 31, None), slice(0, 1525, None), slice(0, 2032, None))
Result is [[[4708.3046875]]]
       36.24 real         6.76 user         3.23 sys
          1093402624  maximum resident set size
                   0  average shared memory size
                   0  average unshared data size
                   0  average unshared stack size
               87747  page reclaims
                  37  page faults
                   0  swaps
                   0  block input operations
                   0  block output operations
                 171  messages sent
              411422  messages received
                   0  signals received
                2560  voluntary context switches
              415198  involuntary context switches
         92357877103  instructions retired
         40792394660  cycles elapsed
           646908040  peak memory footprint
----------------------
Run 5:
S3 Test file path: bnl/ch330a.pc19790301-def.nc
Target Variable: UM_m01s16i202_vn1106
Dataset loaded from S3 with s3fs and Pyfive: bnl/ch330a.pc19790301-def.nc (0.15,3.9)
Loaded dataset <HDF5 dataset "UM_m01s16i202_vn1106": shape (40, 1920, 2560), type "float32">
Confirm slice is (slice(0, 31, None), slice(0, 1525, None), slice(0, 2032, None))
Result is [[[4708.3046875]]]
       35.89 real         6.40 user         3.02 sys
          1205993472  maximum resident set size
                   0  average shared memory size
                   0  average unshared data size
                   0  average unshared stack size
               90986  page reclaims
                   1  page faults
                   0  swaps
                   0  block input operations
                   0  block output operations
                 171  messages sent
              367922  messages received
                   0  signals received
                 268  voluntary context switches
              377512  involuntary context switches
         88596791007  instructions retired
         36501830134  cycles elapsed
           634898616  peak memory footprint
----------------------
Run 6:
S3 Test file path: bnl/ch330a.pc19790301-def.nc
Target Variable: UM_m01s16i202_vn1106
Dataset loaded from S3 with s3fs and Pyfive: bnl/ch330a.pc19790301-def.nc (0.15,4.7)
Loaded dataset <HDF5 dataset "UM_m01s16i202_vn1106": shape (40, 1920, 2560), type "float32">
Confirm slice is (slice(0, 31, None), slice(0, 1525, None), slice(0, 2032, None))
Result is [[[4708.3046875]]]
       36.76 real         6.91 user         3.26 sys
          1129676800  maximum resident set size
                   0  average shared memory size
                   0  average unshared data size
                   0  average unshared stack size
              101848  page reclaims
                  25  page faults
                   0  swaps
                   0  block input operations
                   0  block output operations
                 171  messages sent
              402898  messages received
                   0  signals received
                1063  voluntary context switches
              394002  involuntary context switches
         91253895901  instructions retired
         39151080745  cycles elapsed
           648464544  peak memory footprint
----------------------
Run 7:
S3 Test file path: bnl/ch330a.pc19790301-def.nc
Target Variable: UM_m01s16i202_vn1106
Dataset loaded from S3 with s3fs and Pyfive: bnl/ch330a.pc19790301-def.nc (0.15,4.8)
Loaded dataset <HDF5 dataset "UM_m01s16i202_vn1106": shape (40, 1920, 2560), type "float32">
Confirm slice is (slice(0, 31, None), slice(0, 1525, None), slice(0, 2032, None))
Result is [[[4708.3046875]]]
       36.93 real         6.96 user         3.44 sys
           835682304  maximum resident set size
                   0  average shared memory size
                   0  average unshared data size
                   0  average unshared stack size
              116090  page reclaims
                  39  page faults
                   0  swaps
                   0  block input operations
                   0  block output operations
                 171  messages sent
              405294  messages received
                   0  signals received
                 814  voluntary context switches
              425830  involuntary context switches
         91834895494  instructions retired
         39747190605  cycles elapsed
           613337200  peak memory footprint
----------------------
Run 8:
S3 Test file path: bnl/ch330a.pc19790301-def.nc
Target Variable: UM_m01s16i202_vn1106
Dataset loaded from S3 with s3fs and Pyfive: bnl/ch330a.pc19790301-def.nc (0.15,4.1)
Loaded dataset <HDF5 dataset "UM_m01s16i202_vn1106": shape (40, 1920, 2560), type "float32">
Confirm slice is (slice(0, 31, None), slice(0, 1525, None), slice(0, 2032, None))
Result is [[[4708.3046875]]]
       36.11 real         6.61 user         3.30 sys
          1013776384  maximum resident set size
                   0  average shared memory size
                   0  average unshared data size
                   0  average unshared stack size
              107775  page reclaims
                  38  page faults
                   0  swaps
                   0  block input operations
                   0  block output operations
                 171  messages sent
              404526  messages received
                   0  signals received
                 813  voluntary context switches
              379851  involuntary context switches
         91453763330  instructions retired
         38014424120  cycles elapsed
           677349584  peak memory footprint
----------------------
Run 9:
S3 Test file path: bnl/ch330a.pc19790301-def.nc
Target Variable: UM_m01s16i202_vn1106
Dataset loaded from S3 with s3fs and Pyfive: bnl/ch330a.pc19790301-def.nc (0.15,4.1)
Loaded dataset <HDF5 dataset "UM_m01s16i202_vn1106": shape (40, 1920, 2560), type "float32">
Confirm slice is (slice(0, 31, None), slice(0, 1525, None), slice(0, 2032, None))
Result is [[[4708.3046875]]]
       36.31 real         6.65 user         3.23 sys
           969605120  maximum resident set size
                   0  average shared memory size
                   0  average unshared data size
                   0  average unshared stack size
              100398  page reclaims
                  15  page faults
                   0  swaps
                   0  block input operations
                   0  block output operations
                 171  messages sent
              403774  messages received
                   0  signals received
                 813  voluntary context switches
              391313  involuntary context switches
         91058259832  instructions retired
         37925320791  cycles elapsed
           605767816  peak memory footprint
----------------------
Run 10:
S3 Test file path: bnl/ch330a.pc19790301-def.nc
Target Variable: UM_m01s16i202_vn1106
Dataset loaded from S3 with s3fs and Pyfive: bnl/ch330a.pc19790301-def.nc (0.37,4.4)
Loaded dataset <HDF5 dataset "UM_m01s16i202_vn1106": shape (40, 1920, 2560), type "float32">
Confirm slice is (slice(0, 31, None), slice(0, 1525, None), slice(0, 2032, None))
Result is [[[4708.3046875]]]
       36.48 real         6.66 user         3.25 sys
           988610560  maximum resident set size
                   0  average shared memory size
                   0  average unshared data size
                   0  average unshared stack size
               96834  page reclaims
                  38  page faults
                   0  swaps
                   0  block input operations
                   0  block output operations
                 171  messages sent
              397763  messages received
                   0  signals received
                 813  voluntary context switches
              379102  involuntary context switches
         90915361154  instructions retired
         37893003288  cycles elapsed
           571869392  peak memory footprint
----------------------
Run 11:
S3 Test file path: bnl/ch330a.pc19790301-def.nc
Target Variable: UM_m01s16i202_vn1106
Dataset loaded from S3 with s3fs and Pyfive: bnl/ch330a.pc19790301-def.nc (0.16,4.1)
Loaded dataset <HDF5 dataset "UM_m01s16i202_vn1106": shape (40, 1920, 2560), type "float32">
Confirm slice is (slice(0, 31, None), slice(0, 1525, None), slice(0, 2032, None))
Result is [[[4708.3046875]]]
       36.26 real         6.60 user         3.22 sys
           875659264  maximum resident set size
                   0  average shared memory size
                   0  average unshared data size
                   0  average unshared stack size
               98067  page reclaims
                  23  page faults
                   0  swaps
                   0  block input operations
                   0  block output operations
                 171  messages sent
              393683  messages received
                   0  signals received
                 812  voluntary context switches
              388065  involuntary context switches
         90331183210  instructions retired
         37798982461  cycles elapsed
           522274832  peak memory footprint
----------------------
Run 12:
S3 Test file path: bnl/ch330a.pc19790301-def.nc
Target Variable: UM_m01s16i202_vn1106
Dataset loaded from S3 with s3fs and Pyfive: bnl/ch330a.pc19790301-def.nc (0.16,4.2)
Loaded dataset <HDF5 dataset "UM_m01s16i202_vn1106": shape (40, 1920, 2560), type "float32">
Confirm slice is (slice(0, 31, None), slice(0, 1525, None), slice(0, 2032, None))
Result is [[[4708.3046875]]]
       36.36 real         6.66 user         3.31 sys
          1034436608  maximum resident set size
                   0  average shared memory size
                   0  average unshared data size
                   0  average unshared stack size
              109901  page reclaims
                  27  page faults
                   0  swaps
                   0  block input operations
                   0  block output operations
                 171  messages sent
              407979  messages received
                   0  signals received
                 813  voluntary context switches
              376396  involuntary context switches
         91573541371  instructions retired
         38104664774  cycles elapsed
           680151176  peak memory footprint
----------------------
Run 13:
S3 Test file path: bnl/ch330a.pc19790301-def.nc
Target Variable: UM_m01s16i202_vn1106
Dataset loaded from S3 with s3fs and Pyfive: bnl/ch330a.pc19790301-def.nc (0.15,3.8)
Loaded dataset <HDF5 dataset "UM_m01s16i202_vn1106": shape (40, 1920, 2560), type "float32">
Confirm slice is (slice(0, 31, None), slice(0, 1525, None), slice(0, 2032, None))
Result is [[[4708.3046875]]]
       35.62 real         6.51 user         3.17 sys
          1206550528  maximum resident set size
                   0  average shared memory size
                   0  average unshared data size
                   0  average unshared stack size
               88466  page reclaims
                  23  page faults
                   0  swaps
                   0  block input operations
                   0  block output operations
                 171  messages sent
              401751  messages received
                   0  signals received
                 812  voluntary context switches
              373379  involuntary context switches
         90848781227  instructions retired
         37452262443  cycles elapsed
           549374064  peak memory footprint
----------------------
Run 14:
S3 Test file path: bnl/ch330a.pc19790301-def.nc
Target Variable: UM_m01s16i202_vn1106
Dataset loaded from S3 with s3fs and Pyfive: bnl/ch330a.pc19790301-def.nc (0.14,4.4)
Loaded dataset <HDF5 dataset "UM_m01s16i202_vn1106": shape (40, 1920, 2560), type "float32">
Confirm slice is (slice(0, 31, None), slice(0, 1525, None), slice(0, 2032, None))
Result is [[[4708.3046875]]]
       36.73 real         6.64 user         3.24 sys
          1084145664  maximum resident set size
                   0  average shared memory size
                   0  average unshared data size
                   0  average unshared stack size
               98511  page reclaims
                  38  page faults
                   0  swaps
                   0  block input operations
                   0  block output operations
                 171  messages sent
              398675  messages received
                   0  signals received
                 812  voluntary context switches
              369360  involuntary context switches
         90716191492  instructions retired
         37636682028  cycles elapsed
           599574712  peak memory footprint
----------------------
Run 15:
S3 Test file path: bnl/ch330a.pc19790301-def.nc
Target Variable: UM_m01s16i202_vn1106
Dataset loaded from S3 with s3fs and Pyfive: bnl/ch330a.pc19790301-def.nc (0.15,4.6)
Loaded dataset <HDF5 dataset "UM_m01s16i202_vn1106": shape (40, 1920, 2560), type "float32">
Confirm slice is (slice(0, 31, None), slice(0, 1525, None), slice(0, 2032, None))
Result is [[[4708.3046875]]]
       36.60 real         6.62 user         3.24 sys
          1096941568  maximum resident set size
                   0  average shared memory size
                   0  average unshared data size
                   0  average unshared stack size
               82575  page reclaims
                  19  page faults
                   0  swaps
                   0  block input operations
                   0  block output operations
                 171  messages sent
              404944  messages received
                   0  signals received
                 761  voluntary context switches
              370227  involuntary context switches
         91007390823  instructions retired
         37629547522  cycles elapsed
           559597704  peak memory footprint
----------------------
Run 16:
S3 Test file path: bnl/ch330a.pc19790301-def.nc
Target Variable: UM_m01s16i202_vn1106
Dataset loaded from S3 with s3fs and Pyfive: bnl/ch330a.pc19790301-def.nc (0.14,4.4)
Loaded dataset <HDF5 dataset "UM_m01s16i202_vn1106": shape (40, 1920, 2560), type "float32">
Confirm slice is (slice(0, 31, None), slice(0, 1525, None), slice(0, 2032, None))
Result is [[[4708.3046875]]]
       36.34 real         6.55 user         3.21 sys
          1133690880  maximum resident set size
                   0  average shared memory size
                   0  average unshared data size
                   0  average unshared stack size
               84161  page reclaims
                  38  page faults
                   0  swaps
                   0  block input operations
                   0  block output operations
                 171  messages sent
              398166  messages received
                   0  signals received
                 813  voluntary context switches
              369429  involuntary context switches
         90517808354  instructions retired
         37407759521  cycles elapsed
           461703232  peak memory footprint
----------------------
Run 17:
S3 Test file path: bnl/ch330a.pc19790301-def.nc
Target Variable: UM_m01s16i202_vn1106
Dataset loaded from S3 with s3fs and Pyfive: bnl/ch330a.pc19790301-def.nc (0.15,4.4)
Loaded dataset <HDF5 dataset "UM_m01s16i202_vn1106": shape (40, 1920, 2560), type "float32">
Confirm slice is (slice(0, 31, None), slice(0, 1525, None), slice(0, 2032, None))
Result is [[[4708.3046875]]]
       36.20 real         6.57 user         3.18 sys
          1085620224  maximum resident set size
                   0  average shared memory size
                   0  average unshared data size
                   0  average unshared stack size
               85694  page reclaims
                   1  page faults
                   0  swaps
                   0  block input operations
                   0  block output operations
                 171  messages sent
              406891  messages received
                   0  signals received
                   4  voluntary context switches
              374033  involuntary context switches
         91009251630  instructions retired
         37530188419  cycles elapsed
           629278808  peak memory footprint
----------------------
Run 18:
S3 Test file path: bnl/ch330a.pc19790301-def.nc
Target Variable: UM_m01s16i202_vn1106
Dataset loaded from S3 with s3fs and Pyfive: bnl/ch330a.pc19790301-def.nc (0.15,3.7)
Loaded dataset <HDF5 dataset "UM_m01s16i202_vn1106": shape (40, 1920, 2560), type "float32">
Confirm slice is (slice(0, 31, None), slice(0, 1525, None), slice(0, 2032, None))
Result is [[[4708.3046875]]]
       35.89 real         6.50 user         3.14 sys
          1013153792  maximum resident set size
                   0  average shared memory size
                   0  average unshared data size
                   0  average unshared stack size
               83307  page reclaims
                  23  page faults
                   0  swaps
                   0  block input operations
                   0  block output operations
                 171  messages sent
              401134  messages received
                   0  signals received
                 812  voluntary context switches
              374474  involuntary context switches
         90895006755  instructions retired
         37471076259  cycles elapsed
           570624088  peak memory footprint
----------------------
Run 19:
S3 Test file path: bnl/ch330a.pc19790301-def.nc
Target Variable: UM_m01s16i202_vn1106
Dataset loaded from S3 with s3fs and Pyfive: bnl/ch330a.pc19790301-def.nc (0.14,4.0)
Loaded dataset <HDF5 dataset "UM_m01s16i202_vn1106": shape (40, 1920, 2560), type "float32">
Confirm slice is (slice(0, 31, None), slice(0, 1525, None), slice(0, 2032, None))
Result is [[[4708.3046875]]]
       35.84 real         6.36 user         2.88 sys
          1095139328  maximum resident set size
                   0  average shared memory size
                   0  average unshared data size
                   0  average unshared stack size
               80560  page reclaims
                   1  page faults
                   0  swaps
                   0  block input operations
                   0  block output operations
                 171  messages sent
              411261  messages received
                   0  signals received
                   4  voluntary context switches
              385899  involuntary context switches
         91601117322  instructions retired
         37378306097  cycles elapsed
           578029752  peak memory footprint
----------------------
Run 20:
S3 Test file path: bnl/ch330a.pc19790301-def.nc
Target Variable: UM_m01s16i202_vn1106
Dataset loaded from S3 with s3fs and Pyfive: bnl/ch330a.pc19790301-def.nc (0.19,4.2)
Loaded dataset <HDF5 dataset "UM_m01s16i202_vn1106": shape (40, 1920, 2560), type "float32">
Confirm slice is (slice(0, 31, None), slice(0, 1525, None), slice(0, 2032, None))
Result is [[[4708.3046875]]]
       36.60 real         6.69 user         3.20 sys
           911065088  maximum resident set size
                   0  average shared memory size
                   0  average unshared data size
                   0  average unshared stack size
              101942  page reclaims
                  15  page faults
                   0  swaps
                   0  block input operations
                   0  block output operations
                 171  messages sent
              403844  messages received
                   0  signals received
                 812  voluntary context switches
              414781  involuntary context switches
         91626198661  instructions retired
         38916801996  cycles elapsed
           610404488  peak memory footprint
----------------------
