Run 1:
S3 Test file path: bnl/ch330a.pc19790301-def.nc
Target Variable: UM_m01s16i202_vn1106
Dataset loaded from S3 with s3fs and Pyfive: bnl/ch330a.pc19790301-def.nc (0.2,3.7)
Loaded dataset <HDF5 dataset "UM_m01s16i202_vn1106": shape (40, 1920, 2560), type "float32">
Confirm slice is (slice(0, 14, None), slice(0, 707, None), slice(0, 942, None))
Result is [[[4823.984375]]]
       10.49 real         1.57 user         0.77 sys
           975454208  maximum resident set size
                   0  average shared memory size
                   0  average unshared data size
                   0  average unshared stack size
               67969  page reclaims
                   1  page faults
                   0  swaps
                   0  block input operations
                   0  block output operations
                  55  messages sent
               61347  messages received
                   0  signals received
                   4  voluntary context switches
               80182  involuntary context switches
         18685340197  instructions retired
          8074124555  cycles elapsed
           430884256  peak memory footprint
----------------------
Run 2:
S3 Test file path: bnl/ch330a.pc19790301-def.nc
Target Variable: UM_m01s16i202_vn1106
Dataset loaded from S3 with s3fs and Pyfive: bnl/ch330a.pc19790301-def.nc (0.19,4.2)
Loaded dataset <HDF5 dataset "UM_m01s16i202_vn1106": shape (40, 1920, 2560), type "float32">
Confirm slice is (slice(0, 14, None), slice(0, 707, None), slice(0, 942, None))
Result is [[[4823.984375]]]
        9.69 real         1.64 user         0.70 sys
           728023040  maximum resident set size
                   0  average shared memory size
                   0  average unshared data size
                   0  average unshared stack size
               52306  page reclaims
                  17  page faults
                   0  swaps
                   0  block input operations
                   0  block output operations
                  55  messages sent
               62085  messages received
                   0  signals received
                 139  voluntary context switches
               81196  involuntary context switches
         18598084189  instructions retired
          8598229792  cycles elapsed
           462439816  peak memory footprint
----------------------
Run 3:
S3 Test file path: bnl/ch330a.pc19790301-def.nc
Target Variable: UM_m01s16i202_vn1106
Dataset loaded from S3 with s3fs and Pyfive: bnl/ch330a.pc19790301-def.nc (0.15,3.8)
Loaded dataset <HDF5 dataset "UM_m01s16i202_vn1106": shape (40, 1920, 2560), type "float32">
Confirm slice is (slice(0, 14, None), slice(0, 707, None), slice(0, 942, None))
Result is [[[4823.984375]]]
        8.49 real         1.30 user         0.68 sys
           858374144  maximum resident set size
                   0  average shared memory size
                   0  average unshared data size
                   0  average unshared stack size
               63868  page reclaims
                   1  page faults
                   0  swaps
                   0  block input operations
                   0  block output operations
                  55  messages sent
               63139  messages received
                   0  signals received
                   4  voluntary context switches
               76047  involuntary context switches
         18629592551  instructions retired
          7681305827  cycles elapsed
           518751624  peak memory footprint
----------------------
Run 4:
S3 Test file path: bnl/ch330a.pc19790301-def.nc
Target Variable: UM_m01s16i202_vn1106
Dataset loaded from S3 with s3fs and Pyfive: bnl/ch330a.pc19790301-def.nc (0.14,3.8)
Loaded dataset <HDF5 dataset "UM_m01s16i202_vn1106": shape (40, 1920, 2560), type "float32">
Confirm slice is (slice(0, 14, None), slice(0, 707, None), slice(0, 942, None))
Result is [[[4823.984375]]]
        8.47 real         1.28 user         0.65 sys
           787759104  maximum resident set size
                   0  average shared memory size
                   0  average unshared data size
                   0  average unshared stack size
               54674  page reclaims
                   1  page faults
                   0  swaps
                   0  block input operations
                   0  block output operations
                  55  messages sent
               60876  messages received
                   0  signals received
                   4  voluntary context switches
               76059  involuntary context switches
         18350218523  instructions retired
          7524353172  cycles elapsed
           416122224  peak memory footprint
----------------------
Run 5:
S3 Test file path: bnl/ch330a.pc19790301-def.nc
Target Variable: UM_m01s16i202_vn1106
Dataset loaded from S3 with s3fs and Pyfive: bnl/ch330a.pc19790301-def.nc (0.14,4.0)
Loaded dataset <HDF5 dataset "UM_m01s16i202_vn1106": shape (40, 1920, 2560), type "float32">
Confirm slice is (slice(0, 14, None), slice(0, 707, None), slice(0, 942, None))
Result is [[[4823.984375]]]
        9.01 real         1.36 user         0.70 sys
           824377344  maximum resident set size
                   0  average shared memory size
                   0  average unshared data size
                   0  average unshared stack size
               59218  page reclaims
                   1  page faults
                   0  swaps
                   0  block input operations
                   0  block output operations
                  55  messages sent
               62822  messages received
                   0  signals received
                   4  voluntary context switches
               77044  involuntary context switches
         18600838920  instructions retired
          7707304437  cycles elapsed
           542868920  peak memory footprint
----------------------
Run 6:
S3 Test file path: bnl/ch330a.pc19790301-def.nc
Target Variable: UM_m01s16i202_vn1106
Dataset loaded from S3 with s3fs and Pyfive: bnl/ch330a.pc19790301-def.nc (0.15,4.1)
Loaded dataset <HDF5 dataset "UM_m01s16i202_vn1106": shape (40, 1920, 2560), type "float32">
Confirm slice is (slice(0, 14, None), slice(0, 707, None), slice(0, 942, None))
Result is [[[4823.984375]]]
        8.70 real         1.30 user         0.64 sys
           693141504  maximum resident set size
                   0  average shared memory size
                   0  average unshared data size
                   0  average unshared stack size
               52228  page reclaims
                   1  page faults
                   0  swaps
                   0  block input operations
                   0  block output operations
                  55  messages sent
               60326  messages received
                   0  signals received
                   4  voluntary context switches
               75941  involuntary context switches
         18325385536  instructions retired
          7494004613  cycles elapsed
           409666832  peak memory footprint
----------------------
Run 7:
S3 Test file path: bnl/ch330a.pc19790301-def.nc
Target Variable: UM_m01s16i202_vn1106
Dataset loaded from S3 with s3fs and Pyfive: bnl/ch330a.pc19790301-def.nc (0.15,3.7)
Loaded dataset <HDF5 dataset "UM_m01s16i202_vn1106": shape (40, 1920, 2560), type "float32">
Confirm slice is (slice(0, 14, None), slice(0, 707, None), slice(0, 942, None))
Result is [[[4823.984375]]]
        8.32 real         1.28 user         0.66 sys
           781467648  maximum resident set size
                   0  average shared memory size
                   0  average unshared data size
                   0  average unshared stack size
               58397  page reclaims
                   1  page faults
                   0  swaps
                   0  block input operations
                   0  block output operations
                  55  messages sent
               61163  messages received
                   0  signals received
                   4  voluntary context switches
               76289  involuntary context switches
         18456213498  instructions retired
          7609972278  cycles elapsed
           486163848  peak memory footprint
----------------------
Run 8:
S3 Test file path: bnl/ch330a.pc19790301-def.nc
Target Variable: UM_m01s16i202_vn1106
Dataset loaded from S3 with s3fs and Pyfive: bnl/ch330a.pc19790301-def.nc (0.15,3.7)
Loaded dataset <HDF5 dataset "UM_m01s16i202_vn1106": shape (40, 1920, 2560), type "float32">
Confirm slice is (slice(0, 14, None), slice(0, 707, None), slice(0, 942, None))
Result is [[[4823.984375]]]
        8.43 real         1.27 user         0.65 sys
           962592768  maximum resident set size
                   0  average shared memory size
                   0  average unshared data size
                   0  average unshared stack size
               67420  page reclaims
                   1  page faults
                   0  swaps
                   0  block input operations
                   0  block output operations
                  55  messages sent
               62450  messages received
                   0  signals received
                   4  voluntary context switches
               76881  involuntary context switches
         18600275898  instructions retired
          7601224175  cycles elapsed
           505447912  peak memory footprint
----------------------
Run 9:
S3 Test file path: bnl/ch330a.pc19790301-def.nc
Target Variable: UM_m01s16i202_vn1106
Dataset loaded from S3 with s3fs and Pyfive: bnl/ch330a.pc19790301-def.nc (0.15,4.1)
Loaded dataset <HDF5 dataset "UM_m01s16i202_vn1106": shape (40, 1920, 2560), type "float32">
Confirm slice is (slice(0, 14, None), slice(0, 707, None), slice(0, 942, None))
Result is [[[4823.984375]]]
        8.78 real         1.29 user         0.66 sys
           903102464  maximum resident set size
                   0  average shared memory size
                   0  average unshared data size
                   0  average unshared stack size
               65283  page reclaims
                  18  page faults
                   0  swaps
                   0  block input operations
                   0  block output operations
                  55  messages sent
               60654  messages received
                   0  signals received
                   4  voluntary context switches
               77672  involuntary context switches
         18474137843  instructions retired
          7579867536  cycles elapsed
           489080200  peak memory footprint
----------------------
Run 10:
S3 Test file path: bnl/ch330a.pc19790301-def.nc
Target Variable: UM_m01s16i202_vn1106
Dataset loaded from S3 with s3fs and Pyfive: bnl/ch330a.pc19790301-def.nc (0.14,3.9)
Loaded dataset <HDF5 dataset "UM_m01s16i202_vn1106": shape (40, 1920, 2560), type "float32">
Confirm slice is (slice(0, 14, None), slice(0, 707, None), slice(0, 942, None))
Result is [[[4823.984375]]]
        8.60 real         1.31 user         0.67 sys
           946929664  maximum resident set size
                   0  average shared memory size
                   0  average unshared data size
                   0  average unshared stack size
               66445  page reclaims
                   1  page faults
                   0  swaps
                   0  block input operations
                   0  block output operations
                  55  messages sent
               63682  messages received
                   0  signals received
                   4  voluntary context switches
               75954  involuntary context switches
         18682464120  instructions retired
          7627472418  cycles elapsed
           539772344  peak memory footprint
----------------------
Run 11:
S3 Test file path: bnl/ch330a.pc19790301-def.nc
Target Variable: UM_m01s16i202_vn1106
Dataset loaded from S3 with s3fs and Pyfive: bnl/ch330a.pc19790301-def.nc (0.14,4.0)
Loaded dataset <HDF5 dataset "UM_m01s16i202_vn1106": shape (40, 1920, 2560), type "float32">
Confirm slice is (slice(0, 14, None), slice(0, 707, None), slice(0, 942, None))
Result is [[[4823.984375]]]
        8.67 real         1.28 user         0.66 sys
           897400832  maximum resident set size
                   0  average shared memory size
                   0  average unshared data size
                   0  average unshared stack size
               63929  page reclaims
                   1  page faults
                   0  swaps
                   0  block input operations
                   0  block output operations
                  55  messages sent
               63497  messages received
                   0  signals received
                   4  voluntary context switches
               77365  involuntary context switches
         18685775491  instructions retired
          7579279846  cycles elapsed
           520504712  peak memory footprint
----------------------
Run 12:
S3 Test file path: bnl/ch330a.pc19790301-def.nc
Target Variable: UM_m01s16i202_vn1106
Dataset loaded from S3 with s3fs and Pyfive: bnl/ch330a.pc19790301-def.nc (0.15,3.8)
Loaded dataset <HDF5 dataset "UM_m01s16i202_vn1106": shape (40, 1920, 2560), type "float32">
Confirm slice is (slice(0, 14, None), slice(0, 707, None), slice(0, 942, None))
Result is [[[4823.984375]]]
        8.36 real         1.26 user         0.64 sys
           917700608  maximum resident set size
                   0  average shared memory size
                   0  average unshared data size
                   0  average unshared stack size
               65169  page reclaims
                   1  page faults
                   0  swaps
                   0  block input operations
                   0  block output operations
                  55  messages sent
               58705  messages received
                   0  signals received
                   4  voluntary context switches
               75543  involuntary context switches
         18265894700  instructions retired
          7433998597  cycles elapsed
           457868680  peak memory footprint
----------------------
Run 13:
S3 Test file path: bnl/ch330a.pc19790301-def.nc
Target Variable: UM_m01s16i202_vn1106
Dataset loaded from S3 with s3fs and Pyfive: bnl/ch330a.pc19790301-def.nc (0.14,3.6)
Loaded dataset <HDF5 dataset "UM_m01s16i202_vn1106": shape (40, 1920, 2560), type "float32">
Confirm slice is (slice(0, 14, None), slice(0, 707, None), slice(0, 942, None))
Result is [[[4823.984375]]]
        8.31 real         1.35 user         0.72 sys
           816431104  maximum resident set size
                   0  average shared memory size
                   0  average unshared data size
                   0  average unshared stack size
               60031  page reclaims
                   1  page faults
                   0  swaps
                   0  block input operations
                   0  block output operations
                  55  messages sent
               60450  messages received
                   0  signals received
                   4  voluntary context switches
               90851  involuntary context switches
         18686937184  instructions retired
          8104826080  cycles elapsed
           478070176  peak memory footprint
----------------------
Run 14:
S3 Test file path: bnl/ch330a.pc19790301-def.nc
Target Variable: UM_m01s16i202_vn1106
Dataset loaded from S3 with s3fs and Pyfive: bnl/ch330a.pc19790301-def.nc (0.14,4.1)
Loaded dataset <HDF5 dataset "UM_m01s16i202_vn1106": shape (40, 1920, 2560), type "float32">
Confirm slice is (slice(0, 14, None), slice(0, 707, None), slice(0, 942, None))
Result is [[[4823.984375]]]
        8.68 real         1.34 user         0.70 sys
           754040832  maximum resident set size
                   0  average shared memory size
                   0  average unshared data size
                   0  average unshared stack size
               62973  page reclaims
                   6  page faults
                   0  swaps
                   0  block input operations
                   0  block output operations
                  55  messages sent
               62097  messages received
                   0  signals received
                   4  voluntary context switches
               82640  involuntary context switches
         18695897430  instructions retired
          8005962242  cycles elapsed
           530335136  peak memory footprint
----------------------
Run 15:
S3 Test file path: bnl/ch330a.pc19790301-def.nc
Target Variable: UM_m01s16i202_vn1106
Dataset loaded from S3 with s3fs and Pyfive: bnl/ch330a.pc19790301-def.nc (0.15,3.7)
Loaded dataset <HDF5 dataset "UM_m01s16i202_vn1106": shape (40, 1920, 2560), type "float32">
Confirm slice is (slice(0, 14, None), slice(0, 707, None), slice(0, 942, None))
Result is [[[4823.984375]]]
        8.47 real         1.29 user         0.66 sys
           863272960  maximum resident set size
                   0  average shared memory size
                   0  average unshared data size
                   0  average unshared stack size
               64888  page reclaims
                  28  page faults
                   0  swaps
                   0  block input operations
                   0  block output operations
                  55  messages sent
               63166  messages received
                   0  signals received
                   4  voluntary context switches
               79230  involuntary context switches
         18768843055  instructions retired
          7708421209  cycles elapsed
           511640968  peak memory footprint
----------------------
Run 16:
S3 Test file path: bnl/ch330a.pc19790301-def.nc
Target Variable: UM_m01s16i202_vn1106
Dataset loaded from S3 with s3fs and Pyfive: bnl/ch330a.pc19790301-def.nc (0.14,3.7)
Loaded dataset <HDF5 dataset "UM_m01s16i202_vn1106": shape (40, 1920, 2560), type "float32">
Confirm slice is (slice(0, 14, None), slice(0, 707, None), slice(0, 942, None))
Result is [[[4823.984375]]]
        8.31 real         1.27 user         0.65 sys
           859045888  maximum resident set size
                   0  average shared memory size
                   0  average unshared data size
                   0  average unshared stack size
               62686  page reclaims
                  28  page faults
                   0  swaps
                   0  block input operations
                   0  block output operations
                  55  messages sent
               59941  messages received
                   0  signals received
                   4  voluntary context switches
               77719  involuntary context switches
         18454584519  instructions retired
          7556287095  cycles elapsed
           441320816  peak memory footprint
----------------------
Run 17:
S3 Test file path: bnl/ch330a.pc19790301-def.nc
Target Variable: UM_m01s16i202_vn1106
Dataset loaded from S3 with s3fs and Pyfive: bnl/ch330a.pc19790301-def.nc (0.14,3.7)
Loaded dataset <HDF5 dataset "UM_m01s16i202_vn1106": shape (40, 1920, 2560), type "float32">
Confirm slice is (slice(0, 14, None), slice(0, 707, None), slice(0, 942, None))
Result is [[[4823.984375]]]
        8.27 real         1.27 user         0.64 sys
           769949696  maximum resident set size
                   0  average shared memory size
                   0  average unshared data size
                   0  average unshared stack size
               56894  page reclaims
                  28  page faults
                   0  swaps
                   0  block input operations
                   0  block output operations
                  55  messages sent
               61804  messages received
                   0  signals received
                   4  voluntary context switches
               78195  involuntary context switches
         18518552744  instructions retired
          7520542278  cycles elapsed
           455132480  peak memory footprint
----------------------
Run 18:
S3 Test file path: bnl/ch330a.pc19790301-def.nc
Target Variable: UM_m01s16i202_vn1106
Dataset loaded from S3 with s3fs and Pyfive: bnl/ch330a.pc19790301-def.nc (0.15,3.7)
Loaded dataset <HDF5 dataset "UM_m01s16i202_vn1106": shape (40, 1920, 2560), type "float32">
Confirm slice is (slice(0, 14, None), slice(0, 707, None), slice(0, 942, None))
Result is [[[4823.984375]]]
        8.38 real         1.27 user         0.64 sys
           689127424  maximum resident set size
                   0  average shared memory size
                   0  average unshared data size
                   0  average unshared stack size
               50704  page reclaims
                   1  page faults
                   0  swaps
                   0  block input operations
                   0  block output operations
                  55  messages sent
               60286  messages received
                   0  signals received
                   4  voluntary context switches
               78383  involuntary context switches
         18403028193  instructions retired
          7486580046  cycles elapsed
           430720368  peak memory footprint
----------------------
Run 19:
S3 Test file path: bnl/ch330a.pc19790301-def.nc
Target Variable: UM_m01s16i202_vn1106
Dataset loaded from S3 with s3fs and Pyfive: bnl/ch330a.pc19790301-def.nc (0.14,3.8)
Loaded dataset <HDF5 dataset "UM_m01s16i202_vn1106": shape (40, 1920, 2560), type "float32">
Confirm slice is (slice(0, 14, None), slice(0, 707, None), slice(0, 942, None))
Result is [[[4823.984375]]]
        8.43 real         1.29 user         0.67 sys
           809222144  maximum resident set size
                   0  average shared memory size
                   0  average unshared data size
                   0  average unshared stack size
               59836  page reclaims
                   1  page faults
                   0  swaps
                   0  block input operations
                   0  block output operations
                  55  messages sent
               62469  messages received
                   0  signals received
                   4  voluntary context switches
               79185  involuntary context switches
         18574854126  instructions retired
          7627152543  cycles elapsed
           465651032  peak memory footprint
----------------------
Run 20:
S3 Test file path: bnl/ch330a.pc19790301-def.nc
Target Variable: UM_m01s16i202_vn1106
Dataset loaded from S3 with s3fs and Pyfive: bnl/ch330a.pc19790301-def.nc (0.15,3.8)
Loaded dataset <HDF5 dataset "UM_m01s16i202_vn1106": shape (40, 1920, 2560), type "float32">
Confirm slice is (slice(0, 14, None), slice(0, 707, None), slice(0, 942, None))
Result is [[[4823.984375]]]
        8.52 real         1.35 user         0.69 sys
           768688128  maximum resident set size
                   0  average shared memory size
                   0  average unshared data size
                   0  average unshared stack size
               56574  page reclaims
                  28  page faults
                   0  swaps
                   0  block input operations
                   0  block output operations
                  55  messages sent
               58719  messages received
                   0  signals received
                   4  voluntary context switches
               87186  involuntary context switches
         18431808204  instructions retired
          7974862768  cycles elapsed
           477316464  peak memory footprint
----------------------
