Run 1:
S3 Test file path: bnl/ch330a.pc19790301-def.nc
Target Variable: UM_m01s16i202_vn1106
Dataset loaded from S3 with s3fs and Pyfive: bnl/ch330a.pc19790301-def.nc (0.14,1.3e+01)
Loaded dataset <HDF5 dataset "UM_m01s16i202_vn1106": shape (40, 1920, 2560), type "float32">
Confirm slice is (slice(0, 25, None), slice(0, 1209, None), slice(0, 1612, None))
Result is [[[4708.3046875]]]
       14.14 real         2.09 user         0.98 sys
           315408384  maximum resident set size
                   0  average shared memory size
                   0  average unshared data size
                   0  average unshared stack size
               25895  page reclaims
                   1  page faults
                   0  swaps
                   0  block input operations
                   0  block output operations
                 295  messages sent
               27772  messages received
                   0  signals received
                 175  voluntary context switches
               36585  involuntary context switches
         11378998923  instructions retired
          5298146677  cycles elapsed
           225477664  peak memory footprint
----------------------
Run 2:
S3 Test file path: bnl/ch330a.pc19790301-def.nc
Target Variable: UM_m01s16i202_vn1106
Dataset loaded from S3 with s3fs and Pyfive: bnl/ch330a.pc19790301-def.nc (0.15,3.7)
Loaded dataset <HDF5 dataset "UM_m01s16i202_vn1106": shape (40, 1920, 2560), type "float32">
Confirm slice is (slice(0, 25, None), slice(0, 1209, None), slice(0, 1612, None))
Result is [[[4708.3046875]]]
        4.56 real         0.75 user         0.31 sys
           279363584  maximum resident set size
                   0  average shared memory size
                   0  average unshared data size
                   0  average unshared stack size
               26717  page reclaims
                  38  page faults
                   0  swaps
                   0  block input operations
                   0  block output operations
                 295  messages sent
               16532  messages received
                   0  signals received
                 175  voluntary context switches
               36090  involuntary context switches
         10428700771  instructions retired
          3968655877  cycles elapsed
           225281008  peak memory footprint
----------------------
Run 3:
S3 Test file path: bnl/ch330a.pc19790301-def.nc
Target Variable: UM_m01s16i202_vn1106
Dataset loaded from S3 with s3fs and Pyfive: bnl/ch330a.pc19790301-def.nc (0.14,1.3e+01)
Loaded dataset <HDF5 dataset "UM_m01s16i202_vn1106": shape (40, 1920, 2560), type "float32">
Confirm slice is (slice(0, 25, None), slice(0, 1209, None), slice(0, 1612, None))
Result is [[[4708.3046875]]]
       13.57 real         2.17 user         1.02 sys
           300122112  maximum resident set size
                   0  average shared memory size
                   0  average unshared data size
                   0  average unshared stack size
               24958  page reclaims
                   1  page faults
                   0  swaps
                   0  block input operations
                   0  block output operations
                 295  messages sent
               29056  messages received
                   0  signals received
                 181  voluntary context switches
               40627  involuntary context switches
         11440406640  instructions retired
          5796062581  cycles elapsed
           237585392  peak memory footprint
----------------------
Run 4:
S3 Test file path: bnl/ch330a.pc19790301-def.nc
Target Variable: UM_m01s16i202_vn1106
Dataset loaded from S3 with s3fs and Pyfive: bnl/ch330a.pc19790301-def.nc (0.14,7.2)
Loaded dataset <HDF5 dataset "UM_m01s16i202_vn1106": shape (40, 1920, 2560), type "float32">
Confirm slice is (slice(0, 25, None), slice(0, 1209, None), slice(0, 1612, None))
Result is [[[4708.3046875]]]
        8.08 real         1.76 user         0.86 sys
           320995328  maximum resident set size
                   0  average shared memory size
                   0  average unshared data size
                   0  average unshared stack size
               24661  page reclaims
                  34  page faults
                   0  swaps
                   0  block input operations
                   0  block output operations
                 295  messages sent
               24773  messages received
                   0  signals received
                 984  voluntary context switches
               38196  involuntary context switches
         11107451878  instructions retired
          5435073621  cycles elapsed
           248382472  peak memory footprint
----------------------
Run 5:
S3 Test file path: bnl/ch330a.pc19790301-def.nc
Target Variable: UM_m01s16i202_vn1106
Dataset loaded from S3 with s3fs and Pyfive: bnl/ch330a.pc19790301-def.nc (0.15,3.7)
Loaded dataset <HDF5 dataset "UM_m01s16i202_vn1106": shape (40, 1920, 2560), type "float32">
Confirm slice is (slice(0, 25, None), slice(0, 1209, None), slice(0, 1612, None))
Result is [[[4708.3046875]]]
        4.39 real         0.73 user         0.32 sys
           285474816  maximum resident set size
                   0  average shared memory size
                   0  average unshared data size
                   0  average unshared stack size
               26107  page reclaims
                   1  page faults
                   0  swaps
                   0  block input operations
                   0  block output operations
                 295  messages sent
               16858  messages received
                   0  signals received
                 181  voluntary context switches
               37567  involuntary context switches
         10555856380  instructions retired
          4054088372  cycles elapsed
           225330280  peak memory footprint
----------------------
Run 6:
S3 Test file path: bnl/ch330a.pc19790301-def.nc
Target Variable: UM_m01s16i202_vn1106
Dataset loaded from S3 with s3fs and Pyfive: bnl/ch330a.pc19790301-def.nc (0.15,3.7)
Loaded dataset <HDF5 dataset "UM_m01s16i202_vn1106": shape (40, 1920, 2560), type "float32">
Confirm slice is (slice(0, 25, None), slice(0, 1209, None), slice(0, 1612, None))
Result is [[[4708.3046875]]]
        4.38 real         0.72 user         0.32 sys
           274841600  maximum resident set size
                   0  average shared memory size
                   0  average unshared data size
                   0  average unshared stack size
               28483  page reclaims
                   1  page faults
                   0  swaps
                   0  block input operations
                   0  block output operations
                 295  messages sent
               16725  messages received
                   0  signals received
                 177  voluntary context switches
               37093  involuntary context switches
         10487181590  instructions retired
          4006295831  cycles elapsed
           218760224  peak memory footprint
----------------------
Run 7:
S3 Test file path: bnl/ch330a.pc19790301-def.nc
Target Variable: UM_m01s16i202_vn1106
Dataset loaded from S3 with s3fs and Pyfive: bnl/ch330a.pc19790301-def.nc (0.15,3.7)
Loaded dataset <HDF5 dataset "UM_m01s16i202_vn1106": shape (40, 1920, 2560), type "float32">
Confirm slice is (slice(0, 25, None), slice(0, 1209, None), slice(0, 1612, None))
Result is [[[4708.3046875]]]
        4.35 real         0.71 user         0.31 sys
           283148288  maximum resident set size
                   0  average shared memory size
                   0  average unshared data size
                   0  average unshared stack size
               24848  page reclaims
                  53  page faults
                   0  swaps
                   0  block input operations
                   0  block output operations
                 295  messages sent
               16966  messages received
                   0  signals received
                 179  voluntary context switches
               38024  involuntary context switches
         10472329756  instructions retired
          3997172427  cycles elapsed
           212583456  peak memory footprint
----------------------
Run 8:
S3 Test file path: bnl/ch330a.pc19790301-def.nc
Target Variable: UM_m01s16i202_vn1106
Dataset loaded from S3 with s3fs and Pyfive: bnl/ch330a.pc19790301-def.nc (0.15,4.3)
Loaded dataset <HDF5 dataset "UM_m01s16i202_vn1106": shape (40, 1920, 2560), type "float32">
Confirm slice is (slice(0, 25, None), slice(0, 1209, None), slice(0, 1612, None))
Result is [[[4708.3046875]]]
        4.99 real         0.74 user         0.33 sys
           284196864  maximum resident set size
                   0  average shared memory size
                   0  average unshared data size
                   0  average unshared stack size
               25990  page reclaims
                   1  page faults
                   0  swaps
                   0  block input operations
                   0  block output operations
                 295  messages sent
               18388  messages received
                   0  signals received
                 177  voluntary context switches
               38815  involuntary context switches
         10596604624  instructions retired
          4048429049  cycles elapsed
           220791768  peak memory footprint
----------------------
Run 9:
S3 Test file path: bnl/ch330a.pc19790301-def.nc
Target Variable: UM_m01s16i202_vn1106
Dataset loaded from S3 with s3fs and Pyfive: bnl/ch330a.pc19790301-def.nc (0.13,3.6)
Loaded dataset <HDF5 dataset "UM_m01s16i202_vn1106": shape (40, 1920, 2560), type "float32">
Confirm slice is (slice(0, 25, None), slice(0, 1209, None), slice(0, 1612, None))
Result is [[[4708.3046875]]]
        4.30 real         0.70 user         0.30 sys
           275087360  maximum resident set size
                   0  average shared memory size
                   0  average unshared data size
                   0  average unshared stack size
               26495  page reclaims
                   1  page faults
                   0  swaps
                   0  block input operations
                   0  block output operations
                 295  messages sent
               17100  messages received
                   0  signals received
                 173  voluntary context switches
               37104  involuntary context switches
         10499821268  instructions retired
          3934370102  cycles elapsed
           213025800  peak memory footprint
----------------------
Run 10:
S3 Test file path: bnl/ch330a.pc19790301-def.nc
Target Variable: UM_m01s16i202_vn1106
Dataset loaded from S3 with s3fs and Pyfive: bnl/ch330a.pc19790301-def.nc (0.14,3.7)
Loaded dataset <HDF5 dataset "UM_m01s16i202_vn1106": shape (40, 1920, 2560), type "float32">
Confirm slice is (slice(0, 25, None), slice(0, 1209, None), slice(0, 1612, None))
Result is [[[4708.3046875]]]
        4.31 real         0.71 user         0.30 sys
           276561920  maximum resident set size
                   0  average shared memory size
                   0  average unshared data size
                   0  average unshared stack size
               25557  page reclaims
                   1  page faults
                   0  swaps
                   0  block input operations
                   0  block output operations
                 295  messages sent
               16755  messages received
                   0  signals received
                 178  voluntary context switches
               36621  involuntary context switches
         10440768397  instructions retired
          3920695927  cycles elapsed
           217154592  peak memory footprint
----------------------
Run 11:
S3 Test file path: bnl/ch330a.pc19790301-def.nc
Target Variable: UM_m01s16i202_vn1106
Dataset loaded from S3 with s3fs and Pyfive: bnl/ch330a.pc19790301-def.nc (0.15,3.7)
Loaded dataset <HDF5 dataset "UM_m01s16i202_vn1106": shape (40, 1920, 2560), type "float32">
Confirm slice is (slice(0, 25, None), slice(0, 1209, None), slice(0, 1612, None))
Result is [[[4708.3046875]]]
        4.42 real         0.72 user         0.31 sys
           275349504  maximum resident set size
                   0  average shared memory size
                   0  average unshared data size
                   0  average unshared stack size
               28547  page reclaims
                   1  page faults
                   0  swaps
                   0  block input operations
                   0  block output operations
                 295  messages sent
               16884  messages received
                   0  signals received
                 177  voluntary context switches
               36628  involuntary context switches
         10471827437  instructions retired
          3956821273  cycles elapsed
           218563640  peak memory footprint
----------------------
Run 12:
S3 Test file path: bnl/ch330a.pc19790301-def.nc
Target Variable: UM_m01s16i202_vn1106
Dataset loaded from S3 with s3fs and Pyfive: bnl/ch330a.pc19790301-def.nc (0.14,3.7)
Loaded dataset <HDF5 dataset "UM_m01s16i202_vn1106": shape (40, 1920, 2560), type "float32">
Confirm slice is (slice(0, 25, None), slice(0, 1209, None), slice(0, 1612, None))
Result is [[[4708.3046875]]]
        4.28 real         0.70 user         0.30 sys
           272302080  maximum resident set size
                   0  average shared memory size
                   0  average unshared data size
                   0  average unshared stack size
               25695  page reclaims
                   1  page faults
                   0  swaps
                   0  block input operations
                   0  block output operations
                 295  messages sent
               17120  messages received
                   0  signals received
                 181  voluntary context switches
               36510  involuntary context switches
         10467534550  instructions retired
          3899814315  cycles elapsed
           214385576  peak memory footprint
----------------------
Run 13:
S3 Test file path: bnl/ch330a.pc19790301-def.nc
Target Variable: UM_m01s16i202_vn1106
Dataset loaded from S3 with s3fs and Pyfive: bnl/ch330a.pc19790301-def.nc (0.14,3.9)
Loaded dataset <HDF5 dataset "UM_m01s16i202_vn1106": shape (40, 1920, 2560), type "float32">
Confirm slice is (slice(0, 25, None), slice(0, 1209, None), slice(0, 1612, None))
Result is [[[4708.3046875]]]
        4.48 real         0.72 user         0.31 sys
           296058880  maximum resident set size
                   0  average shared memory size
                   0  average unshared data size
                   0  average unshared stack size
               26740  page reclaims
                   1  page faults
                   0  swaps
                   0  block input operations
                   0  block output operations
                 295  messages sent
               17595  messages received
                   0  signals received
                 177  voluntary context switches
               36961  involuntary context switches
         10497956186  instructions retired
          3969154413  cycles elapsed
           217334696  peak memory footprint
----------------------
Run 14:
S3 Test file path: bnl/ch330a.pc19790301-def.nc
Target Variable: UM_m01s16i202_vn1106
Dataset loaded from S3 with s3fs and Pyfive: bnl/ch330a.pc19790301-def.nc (0.15,3.9)
Loaded dataset <HDF5 dataset "UM_m01s16i202_vn1106": shape (40, 1920, 2560), type "float32">
Confirm slice is (slice(0, 25, None), slice(0, 1209, None), slice(0, 1612, None))
Result is [[[4708.3046875]]]
        4.50 real         0.71 user         0.31 sys
           288980992  maximum resident set size
                   0  average shared memory size
                   0  average unshared data size
                   0  average unshared stack size
               27344  page reclaims
                   1  page faults
                   0  swaps
                   0  block input operations
                   0  block output operations
                 295  messages sent
               17500  messages received
                   0  signals received
                 174  voluntary context switches
               37029  involuntary context switches
         10522116218  instructions retired
          3949404872  cycles elapsed
           214352904  peak memory footprint
----------------------
Run 15:
S3 Test file path: bnl/ch330a.pc19790301-def.nc
Target Variable: UM_m01s16i202_vn1106
Dataset loaded from S3 with s3fs and Pyfive: bnl/ch330a.pc19790301-def.nc (0.14,3.9)
Loaded dataset <HDF5 dataset "UM_m01s16i202_vn1106": shape (40, 1920, 2560), type "float32">
Confirm slice is (slice(0, 25, None), slice(0, 1209, None), slice(0, 1612, None))
Result is [[[4708.3046875]]]
        4.53 real         0.73 user         0.33 sys
           278740992  maximum resident set size
                   0  average shared memory size
                   0  average unshared data size
                   0  average unshared stack size
               26441  page reclaims
                   1  page faults
                   0  swaps
                   0  block input operations
                   0  block output operations
                 295  messages sent
               17693  messages received
                   0  signals received
                 178  voluntary context switches
               37006  involuntary context switches
         10510695176  instructions retired
          4018475295  cycles elapsed
           220398648  peak memory footprint
----------------------
Run 16:
S3 Test file path: bnl/ch330a.pc19790301-def.nc
Target Variable: UM_m01s16i202_vn1106
Dataset loaded from S3 with s3fs and Pyfive: bnl/ch330a.pc19790301-def.nc (0.15,4.0)
Loaded dataset <HDF5 dataset "UM_m01s16i202_vn1106": shape (40, 1920, 2560), type "float32">
Confirm slice is (slice(0, 25, None), slice(0, 1209, None), slice(0, 1612, None))
Result is [[[4708.3046875]]]
        4.69 real         0.73 user         0.31 sys
           304529408  maximum resident set size
                   0  average shared memory size
                   0  average unshared data size
                   0  average unshared stack size
               23687  page reclaims
                   1  page faults
                   0  swaps
                   0  block input operations
                   0  block output operations
                 295  messages sent
               17846  messages received
                   0  signals received
                 179  voluntary context switches
               37856  involuntary context switches
         10523401057  instructions retired
          3990793898  cycles elapsed
           227591176  peak memory footprint
----------------------
Run 17:
S3 Test file path: bnl/ch330a.pc19790301-def.nc
Target Variable: UM_m01s16i202_vn1106
Dataset loaded from S3 with s3fs and Pyfive: bnl/ch330a.pc19790301-def.nc (0.15,4.4)
Loaded dataset <HDF5 dataset "UM_m01s16i202_vn1106": shape (40, 1920, 2560), type "float32">
Confirm slice is (slice(0, 25, None), slice(0, 1209, None), slice(0, 1612, None))
Result is [[[4708.3046875]]]
        5.10 real         0.82 user         0.39 sys
           288014336  maximum resident set size
                   0  average shared memory size
                   0  average unshared data size
                   0  average unshared stack size
               25186  page reclaims
                   1  page faults
                   0  swaps
                   0  block input operations
                   0  block output operations
                 295  messages sent
               18116  messages received
                   0  signals received
                 178  voluntary context switches
               37960  involuntary context switches
         10564921887  instructions retired
          4183835567  cycles elapsed
           212026376  peak memory footprint
----------------------
Run 18:
S3 Test file path: bnl/ch330a.pc19790301-def.nc
Target Variable: UM_m01s16i202_vn1106
Dataset loaded from S3 with s3fs and Pyfive: bnl/ch330a.pc19790301-def.nc (0.15,4.2)
Loaded dataset <HDF5 dataset "UM_m01s16i202_vn1106": shape (40, 1920, 2560), type "float32">
Confirm slice is (slice(0, 25, None), slice(0, 1209, None), slice(0, 1612, None))
Result is [[[4708.3046875]]]
        4.80 real         0.75 user         0.33 sys
           285065216  maximum resident set size
                   0  average shared memory size
                   0  average unshared data size
                   0  average unshared stack size
               26585  page reclaims
                   1  page faults
                   0  swaps
                   0  block input operations
                   0  block output operations
                 295  messages sent
               17806  messages received
                   0  signals received
                 177  voluntary context switches
               37025  involuntary context switches
         10529866148  instructions retired
          4073606940  cycles elapsed
           215401456  peak memory footprint
----------------------
Run 19:
S3 Test file path: bnl/ch330a.pc19790301-def.nc
Target Variable: UM_m01s16i202_vn1106
Dataset loaded from S3 with s3fs and Pyfive: bnl/ch330a.pc19790301-def.nc (0.14,3.7)
Loaded dataset <HDF5 dataset "UM_m01s16i202_vn1106": shape (40, 1920, 2560), type "float32">
Confirm slice is (slice(0, 25, None), slice(0, 1209, None), slice(0, 1612, None))
Result is [[[4708.3046875]]]
        4.35 real         0.71 user         0.31 sys
           275464192  maximum resident set size
                   0  average shared memory size
                   0  average unshared data size
                   0  average unshared stack size
               28003  page reclaims
                   1  page faults
                   0  swaps
                   0  block input operations
                   0  block output operations
                 295  messages sent
               16649  messages received
                   0  signals received
                 177  voluntary context switches
               36179  involuntary context switches
         10420453170  instructions retired
          3946761785  cycles elapsed
           220513264  peak memory footprint
----------------------
Run 20:
S3 Test file path: bnl/ch330a.pc19790301-def.nc
Target Variable: UM_m01s16i202_vn1106
Dataset loaded from S3 with s3fs and Pyfive: bnl/ch330a.pc19790301-def.nc (0.25,3.6)
Loaded dataset <HDF5 dataset "UM_m01s16i202_vn1106": shape (40, 1920, 2560), type "float32">
Confirm slice is (slice(0, 25, None), slice(0, 1209, None), slice(0, 1612, None))
Result is [[[4708.3046875]]]
        4.35 real         0.71 user         0.31 sys
           280608768  maximum resident set size
                   0  average shared memory size
                   0  average unshared data size
                   0  average unshared stack size
               27341  page reclaims
                   1  page faults
                   0  swaps
                   0  block input operations
                   0  block output operations
                 295  messages sent
               16653  messages received
                   0  signals received
                 178  voluntary context switches
               36151  involuntary context switches
         10434064647  instructions retired
          3960316526  cycles elapsed
           218973168  peak memory footprint
----------------------
