Run 1:
S3 Test file path: bnl/ch330a.pc19790301-def.nc
Target Variable: UM_m01s16i202_vn1106
Dataset loaded from S3 with s3fs and Pyfive: bnl/ch330a.pc19790301-def.nc (0.15,4.3)
Loaded dataset <HDF5 dataset "UM_m01s16i202_vn1106": shape (40, 1920, 2560), type "float32">
Confirm slice is (slice(0, 18, None), slice(0, 891, None), slice(0, 1188, None))
Result is [[[4823.484375]]]
        9.49 real         1.37 user         0.74 sys
           722681856  maximum resident set size
                   0  average shared memory size
                   0  average unshared data size
                   0  average unshared stack size
               64800  page reclaims
                1233  page faults
                   0  swaps
                   0  block input operations
                   0  block output operations
                  55  messages sent
               62648  messages received
                   0  signals received
                1092  voluntary context switches
               82056  involuntary context switches
         19149320885  instructions retired
          8137948024  cycles elapsed
           522667424  peak memory footprint
----------------------
Run 2:
S3 Test file path: bnl/ch330a.pc19790301-def.nc
Target Variable: UM_m01s16i202_vn1106
Dataset loaded from S3 with s3fs and Pyfive: bnl/ch330a.pc19790301-def.nc (0.17,4.0)
Loaded dataset <HDF5 dataset "UM_m01s16i202_vn1106": shape (40, 1920, 2560), type "float32">
Confirm slice is (slice(0, 18, None), slice(0, 891, None), slice(0, 1188, None))
Result is [[[4823.484375]]]
        8.79 real         1.31 user         0.63 sys
           842186752  maximum resident set size
                   0  average shared memory size
                   0  average unshared data size
                   0  average unshared stack size
               57732  page reclaims
                  26  page faults
                   0  swaps
                   0  block input operations
                   0  block output operations
                  55  messages sent
               63581  messages received
                   0  signals received
                 774  voluntary context switches
               81075  involuntary context switches
         18859396494  instructions retired
          7651493501  cycles elapsed
           486081952  peak memory footprint
----------------------
Run 3:
S3 Test file path: bnl/ch330a.pc19790301-def.nc
Target Variable: UM_m01s16i202_vn1106
Dataset loaded from S3 with s3fs and Pyfive: bnl/ch330a.pc19790301-def.nc (0.14,4.3)
Loaded dataset <HDF5 dataset "UM_m01s16i202_vn1106": shape (40, 1920, 2560), type "float32">
Confirm slice is (slice(0, 18, None), slice(0, 891, None), slice(0, 1188, None))
Result is [[[4823.484375]]]
        9.09 real         1.36 user         0.70 sys
          1024901120  maximum resident set size
                   0  average shared memory size
                   0  average unshared data size
                   0  average unshared stack size
               71158  page reclaims
                  41  page faults
                   0  swaps
                   0  block input operations
                   0  block output operations
                  55  messages sent
               65882  messages received
                   0  signals received
                 773  voluntary context switches
               81951  involuntary context switches
         19268716592  instructions retired
          7804936311  cycles elapsed
           558908880  peak memory footprint
----------------------
Run 4:
S3 Test file path: bnl/ch330a.pc19790301-def.nc
Target Variable: UM_m01s16i202_vn1106
Dataset loaded from S3 with s3fs and Pyfive: bnl/ch330a.pc19790301-def.nc (0.14,3.8)
Loaded dataset <HDF5 dataset "UM_m01s16i202_vn1106": shape (40, 1920, 2560), type "float32">
Confirm slice is (slice(0, 18, None), slice(0, 891, None), slice(0, 1188, None))
Result is [[[4823.484375]]]
        8.56 real         1.29 user         0.63 sys
           849313792  maximum resident set size
                   0  average shared memory size
                   0  average unshared data size
                   0  average unshared stack size
               56876  page reclaims
                  51  page faults
                   0  swaps
                   0  block input operations
                   0  block output operations
                  55  messages sent
               60658  messages received
                   0  signals received
                 773  voluntary context switches
               77416  involuntary context switches
         18520066145  instructions retired
          7420269861  cycles elapsed
           414746016  peak memory footprint
----------------------
Run 5:
S3 Test file path: bnl/ch330a.pc19790301-def.nc
Target Variable: UM_m01s16i202_vn1106
Dataset loaded from S3 with s3fs and Pyfive: bnl/ch330a.pc19790301-def.nc (0.14,3.9)
Loaded dataset <HDF5 dataset "UM_m01s16i202_vn1106": shape (40, 1920, 2560), type "float32">
Confirm slice is (slice(0, 18, None), slice(0, 891, None), slice(0, 1188, None))
Result is [[[4823.484375]]]
        8.69 real         1.29 user         0.64 sys
           856702976  maximum resident set size
                   0  average shared memory size
                   0  average unshared data size
                   0  average unshared stack size
               60876  page reclaims
                   1  page faults
                   0  swaps
                   0  block input operations
                   0  block output operations
                  55  messages sent
               62601  messages received
                   0  signals received
                   4  voluntary context switches
               78039  involuntary context switches
         18722834835  instructions retired
          7530175020  cycles elapsed
           522012040  peak memory footprint
----------------------
Run 6:
S3 Test file path: bnl/ch330a.pc19790301-def.nc
Target Variable: UM_m01s16i202_vn1106
Dataset loaded from S3 with s3fs and Pyfive: bnl/ch330a.pc19790301-def.nc (0.3,3.9)
Loaded dataset <HDF5 dataset "UM_m01s16i202_vn1106": shape (40, 1920, 2560), type "float32">
Confirm slice is (slice(0, 18, None), slice(0, 891, None), slice(0, 1188, None))
Result is [[[4823.484375]]]
        8.75 real         1.29 user         0.61 sys
           778682368  maximum resident set size
                   0  average shared memory size
                   0  average unshared data size
                   0  average unshared stack size
               56652  page reclaims
                   1  page faults
                   0  swaps
                   0  block input operations
                   0  block output operations
                  55  messages sent
               60178  messages received
                   0  signals received
                   4  voluntary context switches
               77544  involuntary context switches
         18505665738  instructions retired
          7399710515  cycles elapsed
           487064944  peak memory footprint
----------------------
Run 7:
S3 Test file path: bnl/ch330a.pc19790301-def.nc
Target Variable: UM_m01s16i202_vn1106
Dataset loaded from S3 with s3fs and Pyfive: bnl/ch330a.pc19790301-def.nc (0.14,4.0)
Loaded dataset <HDF5 dataset "UM_m01s16i202_vn1106": shape (40, 1920, 2560), type "float32">
Confirm slice is (slice(0, 18, None), slice(0, 891, None), slice(0, 1188, None))
Result is [[[4823.484375]]]
        8.74 real         1.27 user         0.62 sys
           791298048  maximum resident set size
                   0  average shared memory size
                   0  average unshared data size
                   0  average unshared stack size
               57890  page reclaims
                   1  page faults
                   0  swaps
                   0  block input operations
                   0  block output operations
                  55  messages sent
               61888  messages received
                   0  signals received
                   4  voluntary context switches
               77277  involuntary context switches
         18597836056  instructions retired
          7413670067  cycles elapsed
           499369328  peak memory footprint
----------------------
Run 8:
S3 Test file path: bnl/ch330a.pc19790301-def.nc
Target Variable: UM_m01s16i202_vn1106
Dataset loaded from S3 with s3fs and Pyfive: bnl/ch330a.pc19790301-def.nc (0.14,3.8)
Loaded dataset <HDF5 dataset "UM_m01s16i202_vn1106": shape (40, 1920, 2560), type "float32">
Confirm slice is (slice(0, 18, None), slice(0, 891, None), slice(0, 1188, None))
Result is [[[4823.484375]]]
        8.60 real         1.30 user         0.61 sys
           844660736  maximum resident set size
                   0  average shared memory size
                   0  average unshared data size
                   0  average unshared stack size
               60464  page reclaims
                   1  page faults
                   0  swaps
                   0  block input operations
                   0  block output operations
                  55  messages sent
               63937  messages received
                   0  signals received
                   4  voluntary context switches
               80600  involuntary context switches
         18856608997  instructions retired
          7509699150  cycles elapsed
           489588152  peak memory footprint
----------------------
Run 9:
S3 Test file path: bnl/ch330a.pc19790301-def.nc
Target Variable: UM_m01s16i202_vn1106
Dataset loaded from S3 with s3fs and Pyfive: bnl/ch330a.pc19790301-def.nc (0.14,3.9)
Loaded dataset <HDF5 dataset "UM_m01s16i202_vn1106": shape (40, 1920, 2560), type "float32">
Confirm slice is (slice(0, 18, None), slice(0, 891, None), slice(0, 1188, None))
Result is [[[4823.484375]]]
        8.53 real         1.31 user         0.61 sys
           785891328  maximum resident set size
                   0  average shared memory size
                   0  average unshared data size
                   0  average unshared stack size
               56128  page reclaims
                   1  page faults
                   0  swaps
                   0  block input operations
                   0  block output operations
                  55  messages sent
               63822  messages received
                   0  signals received
                   4  voluntary context switches
               80676  involuntary context switches
         18826683263  instructions retired
          7704277193  cycles elapsed
           483771832  peak memory footprint
----------------------
Run 10:
S3 Test file path: bnl/ch330a.pc19790301-def.nc
Target Variable: UM_m01s16i202_vn1106
Dataset loaded from S3 with s3fs and Pyfive: bnl/ch330a.pc19790301-def.nc (0.15,3.7)
Loaded dataset <HDF5 dataset "UM_m01s16i202_vn1106": shape (40, 1920, 2560), type "float32">
Confirm slice is (slice(0, 18, None), slice(0, 891, None), slice(0, 1188, None))
Result is [[[4823.484375]]]
        8.43 real         1.24 user         0.57 sys
           792805376  maximum resident set size
                   0  average shared memory size
                   0  average unshared data size
                   0  average unshared stack size
               56521  page reclaims
                   1  page faults
                   0  swaps
                   0  block input operations
                   0  block output operations
                  55  messages sent
               62894  messages received
                   0  signals received
                   4  voluntary context switches
               80295  involuntary context switches
         18762164390  instructions retired
          7363706114  cycles elapsed
           492471712  peak memory footprint
----------------------
Run 11:
S3 Test file path: bnl/ch330a.pc19790301-def.nc
Target Variable: UM_m01s16i202_vn1106
Dataset loaded from S3 with s3fs and Pyfive: bnl/ch330a.pc19790301-def.nc (0.13,4.1)
Loaded dataset <HDF5 dataset "UM_m01s16i202_vn1106": shape (40, 1920, 2560), type "float32">
Confirm slice is (slice(0, 18, None), slice(0, 891, None), slice(0, 1188, None))
Result is [[[4823.484375]]]
        9.10 real         1.41 user         0.68 sys
           699416576  maximum resident set size
                   0  average shared memory size
                   0  average unshared data size
                   0  average unshared stack size
               70223  page reclaims
                   1  page faults
                   0  swaps
                   0  block input operations
                   0  block output operations
                  55  messages sent
               61088  messages received
                   0  signals received
                   4  voluntary context switches
               83465  involuntary context switches
         18749039475  instructions retired
          7749057184  cycles elapsed
           432620984  peak memory footprint
----------------------
Run 12:
S3 Test file path: bnl/ch330a.pc19790301-def.nc
Target Variable: UM_m01s16i202_vn1106
Dataset loaded from S3 with s3fs and Pyfive: bnl/ch330a.pc19790301-def.nc (0.19,4.2)
Loaded dataset <HDF5 dataset "UM_m01s16i202_vn1106": shape (40, 1920, 2560), type "float32">
Confirm slice is (slice(0, 18, None), slice(0, 891, None), slice(0, 1188, None))
Result is [[[4823.484375]]]
        8.89 real         1.30 user         0.66 sys
           973455360  maximum resident set size
                   0  average shared memory size
                   0  average unshared data size
                   0  average unshared stack size
               68039  page reclaims
                  35  page faults
                   0  swaps
                   0  block input operations
                   0  block output operations
                  55  messages sent
               63812  messages received
                   0  signals received
                   4  voluntary context switches
               78734  involuntary context switches
         18940736224  instructions retired
          7657005410  cycles elapsed
           501286328  peak memory footprint
----------------------
Run 13:
S3 Test file path: bnl/ch330a.pc19790301-def.nc
Target Variable: UM_m01s16i202_vn1106
Dataset loaded from S3 with s3fs and Pyfive: bnl/ch330a.pc19790301-def.nc (0.14,3.9)
Loaded dataset <HDF5 dataset "UM_m01s16i202_vn1106": shape (40, 1920, 2560), type "float32">
Confirm slice is (slice(0, 18, None), slice(0, 891, None), slice(0, 1188, None))
Result is [[[4823.484375]]]
        9.00 real         1.38 user         0.65 sys
          1000587264  maximum resident set size
                   0  average shared memory size
                   0  average unshared data size
                   0  average unshared stack size
               69164  page reclaims
                  51  page faults
                   0  swaps
                   0  block input operations
                   0  block output operations
                  55  messages sent
               63893  messages received
                   0  signals received
                   4  voluntary context switches
               79653  involuntary context switches
         18940403284  instructions retired
          7729261594  cycles elapsed
           481084760  peak memory footprint
----------------------
Run 14:
S3 Test file path: bnl/ch330a.pc19790301-def.nc
Target Variable: UM_m01s16i202_vn1106
Dataset loaded from S3 with s3fs and Pyfive: bnl/ch330a.pc19790301-def.nc (0.14,4.0)
Loaded dataset <HDF5 dataset "UM_m01s16i202_vn1106": shape (40, 1920, 2560), type "float32">
Confirm slice is (slice(0, 18, None), slice(0, 891, None), slice(0, 1188, None))
Result is [[[4823.484375]]]
        8.74 real         1.31 user         0.64 sys
           886751232  maximum resident set size
                   0  average shared memory size
                   0  average unshared data size
                   0  average unshared stack size
               61192  page reclaims
                  27  page faults
                   0  swaps
                   0  block input operations
                   0  block output operations
                  55  messages sent
               58887  messages received
                   0  signals received
                   4  voluntary context switches
               76805  involuntary context switches
         18502856593  instructions retired
          7448786648  cycles elapsed
           455919032  peak memory footprint
----------------------
Run 15:
S3 Test file path: bnl/ch330a.pc19790301-def.nc
Target Variable: UM_m01s16i202_vn1106
Dataset loaded from S3 with s3fs and Pyfive: bnl/ch330a.pc19790301-def.nc (0.14,4.0)
Loaded dataset <HDF5 dataset "UM_m01s16i202_vn1106": shape (40, 1920, 2560), type "float32">
Confirm slice is (slice(0, 18, None), slice(0, 891, None), slice(0, 1188, None))
Result is [[[4823.484375]]]
        9.06 real         1.37 user         0.68 sys
           946208768  maximum resident set size
                   0  average shared memory size
                   0  average unshared data size
                   0  average unshared stack size
               65366  page reclaims
                   1  page faults
                   0  swaps
                   0  block input operations
                   0  block output operations
                  55  messages sent
               61572  messages received
                   0  signals received
                   4  voluntary context switches
               76185  involuntary context switches
         18602512842  instructions retired
          7643815100  cycles elapsed
           496207288  peak memory footprint
----------------------
Run 16:
S3 Test file path: bnl/ch330a.pc19790301-def.nc
Target Variable: UM_m01s16i202_vn1106
Dataset loaded from S3 with s3fs and Pyfive: bnl/ch330a.pc19790301-def.nc (0.14,4.1)
Loaded dataset <HDF5 dataset "UM_m01s16i202_vn1106": shape (40, 1920, 2560), type "float32">
Confirm slice is (slice(0, 18, None), slice(0, 891, None), slice(0, 1188, None))
Result is [[[4823.484375]]]
        9.53 real         1.31 user         0.62 sys
           913342464  maximum resident set size
                   0  average shared memory size
                   0  average unshared data size
                   0  average unshared stack size
               62862  page reclaims
                   1  page faults
                   0  swaps
                   0  block input operations
                   0  block output operations
                  55  messages sent
               63214  messages received
                   0  signals received
                   4  voluntary context switches
               82243  involuntary context switches
         18864624374  instructions retired
          7555937368  cycles elapsed
           494388712  peak memory footprint
----------------------
Run 17:
S3 Test file path: bnl/ch330a.pc19790301-def.nc
Target Variable: UM_m01s16i202_vn1106
Dataset loaded from S3 with s3fs and Pyfive: bnl/ch330a.pc19790301-def.nc (0.14,3.8)
Loaded dataset <HDF5 dataset "UM_m01s16i202_vn1106": shape (40, 1920, 2560), type "float32">
Confirm slice is (slice(0, 18, None), slice(0, 891, None), slice(0, 1188, None))
Result is [[[4823.484375]]]
        8.97 real         1.35 user         0.71 sys
           981647360  maximum resident set size
                   0  average shared memory size
                   0  average unshared data size
                   0  average unshared stack size
               70236  page reclaims
                  51  page faults
                   0  swaps
                   0  block input operations
                   0  block output operations
                  55  messages sent
               62863  messages received
                   0  signals received
                  64  voluntary context switches
               75948  involuntary context switches
         18754785540  instructions retired
          7722854905  cycles elapsed
           527173024  peak memory footprint
----------------------
Run 18:
S3 Test file path: bnl/ch330a.pc19790301-def.nc
Target Variable: UM_m01s16i202_vn1106
Dataset loaded from S3 with s3fs and Pyfive: bnl/ch330a.pc19790301-def.nc (0.15,4.1)
Loaded dataset <HDF5 dataset "UM_m01s16i202_vn1106": shape (40, 1920, 2560), type "float32">
Confirm slice is (slice(0, 18, None), slice(0, 891, None), slice(0, 1188, None))
Result is [[[4823.484375]]]
        8.88 real         1.38 user         0.68 sys
           775028736  maximum resident set size
                   0  average shared memory size
                   0  average unshared data size
                   0  average unshared stack size
               52832  page reclaims
                  48  page faults
                   0  swaps
                   0  block input operations
                   0  block output operations
                  55  messages sent
               64343  messages received
                   0  signals received
                  52  voluntary context switches
               78652  involuntary context switches
         18769629118  instructions retired
          7654586284  cycles elapsed
           462030144  peak memory footprint
----------------------
Run 19:
S3 Test file path: bnl/ch330a.pc19790301-def.nc
Target Variable: UM_m01s16i202_vn1106
Dataset loaded from S3 with s3fs and Pyfive: bnl/ch330a.pc19790301-def.nc (0.14,4.1)
Loaded dataset <HDF5 dataset "UM_m01s16i202_vn1106": shape (40, 1920, 2560), type "float32">
Confirm slice is (slice(0, 18, None), slice(0, 891, None), slice(0, 1188, None))
Result is [[[4823.484375]]]
        8.98 real         1.33 user         0.69 sys
           874250240  maximum resident set size
                   0  average shared memory size
                   0  average unshared data size
                   0  average unshared stack size
               62268  page reclaims
                   1  page faults
                   0  swaps
                   0  block input operations
                   0  block output operations
                  55  messages sent
               62154  messages received
                   0  signals received
                   4  voluntary context switches
               77061  involuntary context switches
         18778879861  instructions retired
          7675605870  cycles elapsed
           529155464  peak memory footprint
----------------------
Run 20:
S3 Test file path: bnl/ch330a.pc19790301-def.nc
Target Variable: UM_m01s16i202_vn1106
Dataset loaded from S3 with s3fs and Pyfive: bnl/ch330a.pc19790301-def.nc (0.14,4.0)
Loaded dataset <HDF5 dataset "UM_m01s16i202_vn1106": shape (40, 1920, 2560), type "float32">
Confirm slice is (slice(0, 18, None), slice(0, 891, None), slice(0, 1188, None))
Result is [[[4823.484375]]]
        9.17 real         1.34 user         0.69 sys
           933756928  maximum resident set size
                   0  average shared memory size
                   0  average unshared data size
                   0  average unshared stack size
               67177  page reclaims
                   1  page faults
                   0  swaps
                   0  block input operations
                   0  block output operations
                  55  messages sent
               61527  messages received
                   0  signals received
                   4  voluntary context switches
               76154  involuntary context switches
         18661141854  instructions retired
          7680925853  cycles elapsed
           520750544  peak memory footprint
----------------------
