Run 1:
S3 Test file path: bnl/ch330a.pc19790301-def.nc
Target Variable: UM_m01s16i202_vn1106
Dataset loaded from S3 with s3fs and Pyfive: bnl/ch330a.pc19790301-def.nc (0.16,3.7)
Loaded dataset <HDF5 dataset "UM_m01s16i202_vn1106": shape (40, 1920, 2560), type "float32">
Confirm slice is (slice(0, 14, None), slice(0, 707, None), slice(0, 942, None))
Result is [[[4823.984375]]]
        4.75 real         0.65 user         0.32 sys
           277905408  maximum resident set size
                   0  average shared memory size
                   0  average unshared data size
                   0  average unshared stack size
               23452  page reclaims
                 586  page faults
                   0  swaps
                   0  block input operations
                   0  block output operations
                 105  messages sent
               16706  messages received
                   0  signals received
                 871  voluntary context switches
               38216  involuntary context switches
          9062474669  instructions retired
          3662915535  cycles elapsed
           220611616  peak memory footprint
----------------------
Run 2:
S3 Test file path: bnl/ch330a.pc19790301-def.nc
Target Variable: UM_m01s16i202_vn1106
Dataset loaded from S3 with s3fs and Pyfive: bnl/ch330a.pc19790301-def.nc (0.14,3.6)
Loaded dataset <HDF5 dataset "UM_m01s16i202_vn1106": shape (40, 1920, 2560), type "float32">
Confirm slice is (slice(0, 14, None), slice(0, 707, None), slice(0, 942, None))
Result is [[[4823.984375]]]
        4.54 real         0.64 user         0.29 sys
           284721152  maximum resident set size
                   0  average shared memory size
                   0  average unshared data size
                   0  average unshared stack size
               23891  page reclaims
                   1  page faults
                   0  swaps
                   0  block input operations
                   0  block output operations
                 105  messages sent
               16382  messages received
                   0  signals received
                  57  voluntary context switches
               37506  involuntary context switches
          8859354247  instructions retired
          3630019841  cycles elapsed
           217908256  peak memory footprint
----------------------
Run 3:
S3 Test file path: bnl/ch330a.pc19790301-def.nc
Target Variable: UM_m01s16i202_vn1106
Dataset loaded from S3 with s3fs and Pyfive: bnl/ch330a.pc19790301-def.nc (0.15,3.7)
Loaded dataset <HDF5 dataset "UM_m01s16i202_vn1106": shape (40, 1920, 2560), type "float32">
Confirm slice is (slice(0, 14, None), slice(0, 707, None), slice(0, 942, None))
Result is [[[4823.984375]]]
        4.56 real         0.64 user         0.30 sys
           278462464  maximum resident set size
                   0  average shared memory size
                   0  average unshared data size
                   0  average unshared stack size
               25536  page reclaims
                  38  page faults
                   0  swaps
                   0  block input operations
                   0  block output operations
                 105  messages sent
               16714  messages received
                   0  signals received
                  59  voluntary context switches
               38025  involuntary context switches
          8926539235  instructions retired
          3634094576  cycles elapsed
           215057416  peak memory footprint
----------------------
Run 4:
S3 Test file path: bnl/ch330a.pc19790301-def.nc
Target Variable: UM_m01s16i202_vn1106
Dataset loaded from S3 with s3fs and Pyfive: bnl/ch330a.pc19790301-def.nc (0.15,3.6)
Loaded dataset <HDF5 dataset "UM_m01s16i202_vn1106": shape (40, 1920, 2560), type "float32">
Confirm slice is (slice(0, 14, None), slice(0, 707, None), slice(0, 942, None))
Result is [[[4823.984375]]]
        4.52 real         0.64 user         0.30 sys
           278052864  maximum resident set size
                   0  average shared memory size
                   0  average unshared data size
                   0  average unshared stack size
               26065  page reclaims
                   1  page faults
                   0  swaps
                   0  block input operations
                   0  block output operations
                 105  messages sent
               16031  messages received
                   0  signals received
                  55  voluntary context switches
               35208  involuntary context switches
          8785468243  instructions retired
          3531417963  cycles elapsed
           216875944  peak memory footprint
----------------------
Run 5:
S3 Test file path: bnl/ch330a.pc19790301-def.nc
Target Variable: UM_m01s16i202_vn1106
Dataset loaded from S3 with s3fs and Pyfive: bnl/ch330a.pc19790301-def.nc (0.14,3.6)
Loaded dataset <HDF5 dataset "UM_m01s16i202_vn1106": shape (40, 1920, 2560), type "float32">
Confirm slice is (slice(0, 14, None), slice(0, 707, None), slice(0, 942, None))
Result is [[[4823.984375]]]
        4.26 real         0.59 user         0.29 sys
           274104320  maximum resident set size
                   0  average shared memory size
                   0  average unshared data size
                   0  average unshared stack size
               24640  page reclaims
                   1  page faults
                   0  swaps
                   0  block input operations
                   0  block output operations
                 105  messages sent
               15851  messages received
                   0  signals received
                  55  voluntary context switches
               34878  involuntary context switches
          8757845314  instructions retired
          3427555041  cycles elapsed
           215581704  peak memory footprint
----------------------
Run 6:
S3 Test file path: bnl/ch330a.pc19790301-def.nc
Target Variable: UM_m01s16i202_vn1106
Dataset loaded from S3 with s3fs and Pyfive: bnl/ch330a.pc19790301-def.nc (0.15,3.8)
Loaded dataset <HDF5 dataset "UM_m01s16i202_vn1106": shape (40, 1920, 2560), type "float32">
Confirm slice is (slice(0, 14, None), slice(0, 707, None), slice(0, 942, None))
Result is [[[4823.984375]]]
        4.41 real         0.59 user         0.29 sys
           293732352  maximum resident set size
                   0  average shared memory size
                   0  average unshared data size
                   0  average unshared stack size
               25479  page reclaims
                   1  page faults
                   0  swaps
                   0  block input operations
                   0  block output operations
                 105  messages sent
               16689  messages received
                   0  signals received
                  59  voluntary context switches
               35283  involuntary context switches
          8836176067  instructions retired
          3454006042  cycles elapsed
           210486064  peak memory footprint
----------------------
Run 7:
S3 Test file path: bnl/ch330a.pc19790301-def.nc
Target Variable: UM_m01s16i202_vn1106
Dataset loaded from S3 with s3fs and Pyfive: bnl/ch330a.pc19790301-def.nc (0.14,3.7)
Loaded dataset <HDF5 dataset "UM_m01s16i202_vn1106": shape (40, 1920, 2560), type "float32">
Confirm slice is (slice(0, 14, None), slice(0, 707, None), slice(0, 942, None))
Result is [[[4823.984375]]]
        4.36 real         0.59 user         0.29 sys
           270680064  maximum resident set size
                   0  average shared memory size
                   0  average unshared data size
                   0  average unshared stack size
               24940  page reclaims
                   1  page faults
                   0  swaps
                   0  block input operations
                   0  block output operations
                 105  messages sent
               16537  messages received
                   0  signals received
                  57  voluntary context switches
               35293  involuntary context switches
          8815585270  instructions retired
          3447388935  cycles elapsed
           215515952  peak memory footprint
----------------------
Run 8:
S3 Test file path: bnl/ch330a.pc19790301-def.nc
Target Variable: UM_m01s16i202_vn1106
Dataset loaded from S3 with s3fs and Pyfive: bnl/ch330a.pc19790301-def.nc (0.15,3.7)
Loaded dataset <HDF5 dataset "UM_m01s16i202_vn1106": shape (40, 1920, 2560), type "float32">
Confirm slice is (slice(0, 14, None), slice(0, 707, None), slice(0, 942, None))
Result is [[[4823.984375]]]
        4.30 real         0.59 user         0.29 sys
           277872640  maximum resident set size
                   0  average shared memory size
                   0  average unshared data size
                   0  average unshared stack size
               26571  page reclaims
                   1  page faults
                   0  swaps
                   0  block input operations
                   0  block output operations
                 105  messages sent
               16239  messages received
                   0  signals received
                  58  voluntary context switches
               34683  involuntary context switches
          8819419254  instructions retired
          3424495767  cycles elapsed
           218235936  peak memory footprint
----------------------
Run 9:
S3 Test file path: bnl/ch330a.pc19790301-def.nc
Target Variable: UM_m01s16i202_vn1106
Dataset loaded from S3 with s3fs and Pyfive: bnl/ch330a.pc19790301-def.nc (0.15,3.9)
Loaded dataset <HDF5 dataset "UM_m01s16i202_vn1106": shape (40, 1920, 2560), type "float32">
Confirm slice is (slice(0, 14, None), slice(0, 707, None), slice(0, 942, None))
Result is [[[4823.984375]]]
        4.49 real         0.60 user         0.31 sys
           271925248  maximum resident set size
                   0  average shared memory size
                   0  average unshared data size
                   0  average unshared stack size
               26029  page reclaims
                   1  page faults
                   0  swaps
                   0  block input operations
                   0  block output operations
                 105  messages sent
               17106  messages received
                   0  signals received
                  53  voluntary context switches
               35590  involuntary context switches
          8903110110  instructions retired
          3484495804  cycles elapsed
           217252896  peak memory footprint
----------------------
Run 10:
S3 Test file path: bnl/ch330a.pc19790301-def.nc
Target Variable: UM_m01s16i202_vn1106
Dataset loaded from S3 with s3fs and Pyfive: bnl/ch330a.pc19790301-def.nc (0.14,3.8)
Loaded dataset <HDF5 dataset "UM_m01s16i202_vn1106": shape (40, 1920, 2560), type "float32">
Confirm slice is (slice(0, 14, None), slice(0, 707, None), slice(0, 942, None))
Result is [[[4823.984375]]]
        4.39 real         0.60 user         0.29 sys
           279412736  maximum resident set size
                   0  average shared memory size
                   0  average unshared data size
                   0  average unshared stack size
               23605  page reclaims
                   1  page faults
                   0  swaps
                   0  block input operations
                   0  block output operations
                 105  messages sent
               16373  messages received
                   0  signals received
                  57  voluntary context switches
               34891  involuntary context switches
          8792891608  instructions retired
          3458454588  cycles elapsed
           215696344  peak memory footprint
----------------------
Run 11:
S3 Test file path: bnl/ch330a.pc19790301-def.nc
Target Variable: UM_m01s16i202_vn1106
Dataset loaded from S3 with s3fs and Pyfive: bnl/ch330a.pc19790301-def.nc (0.14,3.6)
Loaded dataset <HDF5 dataset "UM_m01s16i202_vn1106": shape (40, 1920, 2560), type "float32">
Confirm slice is (slice(0, 14, None), slice(0, 707, None), slice(0, 942, None))
Result is [[[4823.984375]]]
        4.21 real         0.57 user         0.28 sys
           277823488  maximum resident set size
                   0  average shared memory size
                   0  average unshared data size
                   0  average unshared stack size
               26052  page reclaims
                   1  page faults
                   0  swaps
                   0  block input operations
                   0  block output operations
                 105  messages sent
               16028  messages received
                   0  signals received
                  54  voluntary context switches
               34615  involuntary context switches
          8774569798  instructions retired
          3415140844  cycles elapsed
           221496376  peak memory footprint
----------------------
Run 12:
S3 Test file path: bnl/ch330a.pc19790301-def.nc
Target Variable: UM_m01s16i202_vn1106
Dataset loaded from S3 with s3fs and Pyfive: bnl/ch330a.pc19790301-def.nc (0.14,3.8)
Loaded dataset <HDF5 dataset "UM_m01s16i202_vn1106": shape (40, 1920, 2560), type "float32">
Confirm slice is (slice(0, 14, None), slice(0, 707, None), slice(0, 942, None))
Result is [[[4823.984375]]]
        4.64 real         0.62 user         0.30 sys
           278560768  maximum resident set size
                   0  average shared memory size
                   0  average unshared data size
                   0  average unshared stack size
               26490  page reclaims
                   1  page faults
                   0  swaps
                   0  block input operations
                   0  block output operations
                 105  messages sent
               16525  messages received
                   0  signals received
                  58  voluntary context switches
               35144  involuntary context switches
          8840410018  instructions retired
          3473112335  cycles elapsed
           219726856  peak memory footprint
----------------------
Run 13:
S3 Test file path: bnl/ch330a.pc19790301-def.nc
Target Variable: UM_m01s16i202_vn1106
Dataset loaded from S3 with s3fs and Pyfive: bnl/ch330a.pc19790301-def.nc (0.14,3.7)
Loaded dataset <HDF5 dataset "UM_m01s16i202_vn1106": shape (40, 1920, 2560), type "float32">
Confirm slice is (slice(0, 14, None), slice(0, 707, None), slice(0, 942, None))
Result is [[[4823.984375]]]
        4.37 real         0.59 user         0.30 sys
           277594112  maximum resident set size
                   0  average shared memory size
                   0  average unshared data size
                   0  average unshared stack size
               25253  page reclaims
                   1  page faults
                   0  swaps
                   0  block input operations
                   0  block output operations
                 105  messages sent
               16658  messages received
                   0  signals received
                  55  voluntary context switches
               35125  involuntary context switches
          8843154031  instructions retired
          3420184447  cycles elapsed
           222004208  peak memory footprint
----------------------
Run 14:
S3 Test file path: bnl/ch330a.pc19790301-def.nc
Target Variable: UM_m01s16i202_vn1106
Dataset loaded from S3 with s3fs and Pyfive: bnl/ch330a.pc19790301-def.nc (0.15,3.7)
Loaded dataset <HDF5 dataset "UM_m01s16i202_vn1106": shape (40, 1920, 2560), type "float32">
Confirm slice is (slice(0, 14, None), slice(0, 707, None), slice(0, 942, None))
Result is [[[4823.984375]]]
        4.30 real         0.58 user         0.29 sys
           274710528  maximum resident set size
                   0  average shared memory size
                   0  average unshared data size
                   0  average unshared stack size
               26105  page reclaims
                   1  page faults
                   0  swaps
                   0  block input operations
                   0  block output operations
                 105  messages sent
               16502  messages received
                   0  signals received
                  54  voluntary context switches
               34994  involuntary context switches
          8840193151  instructions retired
          3439232285  cycles elapsed
           217154568  peak memory footprint
----------------------
Run 15:
S3 Test file path: bnl/ch330a.pc19790301-def.nc
Target Variable: UM_m01s16i202_vn1106
Dataset loaded from S3 with s3fs and Pyfive: bnl/ch330a.pc19790301-def.nc (0.14,3.7)
Loaded dataset <HDF5 dataset "UM_m01s16i202_vn1106": shape (40, 1920, 2560), type "float32">
Confirm slice is (slice(0, 14, None), slice(0, 707, None), slice(0, 942, None))
Result is [[[4823.984375]]]
        4.30 real         0.59 user         0.30 sys
           277348352  maximum resident set size
                   0  average shared memory size
                   0  average unshared data size
                   0  average unshared stack size
               26021  page reclaims
                   1  page faults
                   0  swaps
                   0  block input operations
                   0  block output operations
                 105  messages sent
               16500  messages received
                   0  signals received
                  54  voluntary context switches
               35300  involuntary context switches
          8858415725  instructions retired
          3499670437  cycles elapsed
           217269304  peak memory footprint
----------------------
Run 16:
S3 Test file path: bnl/ch330a.pc19790301-def.nc
Target Variable: UM_m01s16i202_vn1106
Dataset loaded from S3 with s3fs and Pyfive: bnl/ch330a.pc19790301-def.nc (0.15,3.6)
Loaded dataset <HDF5 dataset "UM_m01s16i202_vn1106": shape (40, 1920, 2560), type "float32">
Confirm slice is (slice(0, 14, None), slice(0, 707, None), slice(0, 942, None))
Result is [[[4823.984375]]]
        4.23 real         0.58 user         0.29 sys
           284573696  maximum resident set size
                   0  average shared memory size
                   0  average unshared data size
                   0  average unshared stack size
               26213  page reclaims
                   1  page faults
                   0  swaps
                   0  block input operations
                   0  block output operations
                 105  messages sent
               16184  messages received
                   0  signals received
                  56  voluntary context switches
               35130  involuntary context switches
          8918121100  instructions retired
          3464708619  cycles elapsed
           226526072  peak memory footprint
----------------------
Run 17:
S3 Test file path: bnl/ch330a.pc19790301-def.nc
Target Variable: UM_m01s16i202_vn1106
Dataset loaded from S3 with s3fs and Pyfive: bnl/ch330a.pc19790301-def.nc (0.15,4.0)
Loaded dataset <HDF5 dataset "UM_m01s16i202_vn1106": shape (40, 1920, 2560), type "float32">
Confirm slice is (slice(0, 14, None), slice(0, 707, None), slice(0, 942, None))
Result is [[[4823.984375]]]
        4.68 real         0.61 user         0.30 sys
           285491200  maximum resident set size
                   0  average shared memory size
                   0  average unshared data size
                   0  average unshared stack size
               24532  page reclaims
                   1  page faults
                   0  swaps
                   0  block input operations
                   0  block output operations
                 105  messages sent
               17434  messages received
                   0  signals received
                  55  voluntary context switches
               37100  involuntary context switches
          8927002485  instructions retired
          3577610905  cycles elapsed
           214090736  peak memory footprint
----------------------
Run 18:
S3 Test file path: bnl/ch330a.pc19790301-def.nc
Target Variable: UM_m01s16i202_vn1106
Dataset loaded from S3 with s3fs and Pyfive: bnl/ch330a.pc19790301-def.nc (0.14,3.7)
Loaded dataset <HDF5 dataset "UM_m01s16i202_vn1106": shape (40, 1920, 2560), type "float32">
Confirm slice is (slice(0, 14, None), slice(0, 707, None), slice(0, 942, None))
Result is [[[4823.984375]]]
        4.31 real         0.60 user         0.30 sys
           281706496  maximum resident set size
                   0  average shared memory size
                   0  average unshared data size
                   0  average unshared stack size
               25691  page reclaims
                   1  page faults
                   0  swaps
                   0  block input operations
                   0  block output operations
                 105  messages sent
               16431  messages received
                   0  signals received
                  58  voluntary context switches
               36980  involuntary context switches
          8854429533  instructions retired
          3545729845  cycles elapsed
           217007112  peak memory footprint
----------------------
Run 19:
S3 Test file path: bnl/ch330a.pc19790301-def.nc
Target Variable: UM_m01s16i202_vn1106
Dataset loaded from S3 with s3fs and Pyfive: bnl/ch330a.pc19790301-def.nc (0.18,3.8)
Loaded dataset <HDF5 dataset "UM_m01s16i202_vn1106": shape (40, 1920, 2560), type "float32">
Confirm slice is (slice(0, 14, None), slice(0, 707, None), slice(0, 942, None))
Result is [[[4823.984375]]]
        4.51 real         0.60 user         0.30 sys
           276250624  maximum resident set size
                   0  average shared memory size
                   0  average unshared data size
                   0  average unshared stack size
               25733  page reclaims
                  22  page faults
                   0  swaps
                   0  block input operations
                   0  block output operations
                 105  messages sent
               16780  messages received
                   0  signals received
                  55  voluntary context switches
               36646  involuntary context switches
          9006700977  instructions retired
          3529764100  cycles elapsed
           218399728  peak memory footprint
----------------------
Run 20:
S3 Test file path: bnl/ch330a.pc19790301-def.nc
Target Variable: UM_m01s16i202_vn1106
Dataset loaded from S3 with s3fs and Pyfive: bnl/ch330a.pc19790301-def.nc (0.15,3.6)
Loaded dataset <HDF5 dataset "UM_m01s16i202_vn1106": shape (40, 1920, 2560), type "float32">
Confirm slice is (slice(0, 14, None), slice(0, 707, None), slice(0, 942, None))
Result is [[[4823.984375]]]
        4.27 real         0.59 user         0.30 sys
           275382272  maximum resident set size
                   0  average shared memory size
                   0  average unshared data size
                   0  average unshared stack size
               26907  page reclaims
                   1  page faults
                   0  swaps
                   0  block input operations
                   0  block output operations
                 105  messages sent
               16309  messages received
                   0  signals received
                  55  voluntary context switches
               35803  involuntary context switches
          8855446869  instructions retired
          3507271375  cycles elapsed
           218579952  peak memory footprint
----------------------
