Run 1:
S3 Test file path: bnl/ch330a.pc19790301-bnl.nc
Target Variable: UM_m01s16i202_vn1106
Dataset loaded from S3 with s3fs and Pyfive: bnl/ch330a.pc19790301-bnl.nc (0.15,3.9)
Loaded dataset <HDF5 dataset "UM_m01s16i202_vn1106": shape (40, 1920, 2560), type "float32">
Confirm slice is (slice(0, 8, None), slice(0, 413, None), slice(0, 551, None))
Result is [[[5002.91015625]]]
       14.03 real         1.70 user         0.86 sys
           308969472  maximum resident set size
                   0  average shared memory size
                   0  average unshared data size
                   0  average unshared stack size
               45437  page reclaims
                   1  page faults
                   0  swaps
                   0  block input operations
                   0  block output operations
                 455  messages sent
               58909  messages received
                   0  signals received
                 244  voluntary context switches
              124737  involuntary context switches
         23261947146  instructions retired
          9442410828  cycles elapsed
           211305432  peak memory footprint
----------------------
Run 2:
S3 Test file path: bnl/ch330a.pc19790301-bnl.nc
Target Variable: UM_m01s16i202_vn1106
Dataset loaded from S3 with s3fs and Pyfive: bnl/ch330a.pc19790301-bnl.nc (0.15,3.8)
Loaded dataset <HDF5 dataset "UM_m01s16i202_vn1106": shape (40, 1920, 2560), type "float32">
Confirm slice is (slice(0, 8, None), slice(0, 413, None), slice(0, 551, None))
Result is [[[5002.91015625]]]
       14.03 real         1.65 user         0.84 sys
           319569920  maximum resident set size
                   0  average shared memory size
                   0  average unshared data size
                   0  average unshared stack size
               44026  page reclaims
                  13  page faults
                   0  swaps
                   0  block input operations
                   0  block output operations
                 455  messages sent
               58604  messages received
                   0  signals received
                 247  voluntary context switches
              124057  involuntary context switches
         23142080051  instructions retired
          9367139713  cycles elapsed
           232096728  peak memory footprint
----------------------
Run 3:
S3 Test file path: bnl/ch330a.pc19790301-bnl.nc
Target Variable: UM_m01s16i202_vn1106
Dataset loaded from S3 with s3fs and Pyfive: bnl/ch330a.pc19790301-bnl.nc (0.15,4.2)
Loaded dataset <HDF5 dataset "UM_m01s16i202_vn1106": shape (40, 1920, 2560), type "float32">
Confirm slice is (slice(0, 8, None), slice(0, 413, None), slice(0, 551, None))
Result is [[[5002.91015625]]]
       15.72 real         1.76 user         0.93 sys
           319242240  maximum resident set size
                   0  average shared memory size
                   0  average unshared data size
                   0  average unshared stack size
               40952  page reclaims
                  11  page faults
                   0  swaps
                   0  block input operations
                   0  block output operations
                 455  messages sent
               62661  messages received
                   0  signals received
                 242  voluntary context switches
              124677  involuntary context switches
         23570691748  instructions retired
          9652731156  cycles elapsed
           208585544  peak memory footprint
----------------------
Run 4:
S3 Test file path: bnl/ch330a.pc19790301-bnl.nc
Target Variable: UM_m01s16i202_vn1106
Dataset loaded from S3 with s3fs and Pyfive: bnl/ch330a.pc19790301-bnl.nc (0.14,3.8)
Loaded dataset <HDF5 dataset "UM_m01s16i202_vn1106": shape (40, 1920, 2560), type "float32">
Confirm slice is (slice(0, 8, None), slice(0, 413, None), slice(0, 551, None))
Result is [[[5002.91015625]]]
       14.04 real         1.65 user         0.84 sys
           309624832  maximum resident set size
                   0  average shared memory size
                   0  average unshared data size
                   0  average unshared stack size
               37281  page reclaims
                   1  page faults
                   0  swaps
                   0  block input operations
                   0  block output operations
                 455  messages sent
               58623  messages received
                   0  signals received
                 237  voluntary context switches
              119806  involuntary context switches
         23004169374  instructions retired
          9265355410  cycles elapsed
           215598112  peak memory footprint
----------------------
Run 5:
S3 Test file path: bnl/ch330a.pc19790301-bnl.nc
Target Variable: UM_m01s16i202_vn1106
Dataset loaded from S3 with s3fs and Pyfive: bnl/ch330a.pc19790301-bnl.nc (0.14,3.8)
Loaded dataset <HDF5 dataset "UM_m01s16i202_vn1106": shape (40, 1920, 2560), type "float32">
Confirm slice is (slice(0, 8, None), slice(0, 413, None), slice(0, 551, None))
Result is [[[5002.91015625]]]
       14.06 real         1.69 user         0.86 sys
           311754752  maximum resident set size
                   0  average shared memory size
                   0  average unshared data size
                   0  average unshared stack size
               50737  page reclaims
                   1  page faults
                   0  swaps
                   0  block input operations
                   0  block output operations
                 455  messages sent
               58729  messages received
                   0  signals received
                 245  voluntary context switches
              115635  involuntary context switches
         23005565109  instructions retired
          9201182226  cycles elapsed
           208028608  peak memory footprint
----------------------
Run 6:
S3 Test file path: bnl/ch330a.pc19790301-bnl.nc
Target Variable: UM_m01s16i202_vn1106
Dataset loaded from S3 with s3fs and Pyfive: bnl/ch330a.pc19790301-bnl.nc (0.15,3.7)
Loaded dataset <HDF5 dataset "UM_m01s16i202_vn1106": shape (40, 1920, 2560), type "float32">
Confirm slice is (slice(0, 8, None), slice(0, 413, None), slice(0, 551, None))
Result is [[[5002.91015625]]]
       13.53 real         1.64 user         0.82 sys
           298876928  maximum resident set size
                   0  average shared memory size
                   0  average unshared data size
                   0  average unshared stack size
               48407  page reclaims
                   1  page faults
                   0  swaps
                   0  block input operations
                   0  block output operations
                 455  messages sent
               56633  messages received
                   0  signals received
                 251  voluntary context switches
              113242  involuntary context switches
         22776604232  instructions retired
          9015227011  cycles elapsed
           215122928  peak memory footprint
----------------------
Run 7:
S3 Test file path: bnl/ch330a.pc19790301-bnl.nc
Target Variable: UM_m01s16i202_vn1106
Dataset loaded from S3 with s3fs and Pyfive: bnl/ch330a.pc19790301-bnl.nc (0.15,3.9)
Loaded dataset <HDF5 dataset "UM_m01s16i202_vn1106": shape (40, 1920, 2560), type "float32">
Confirm slice is (slice(0, 8, None), slice(0, 413, None), slice(0, 551, None))
Result is [[[5002.91015625]]]
       15.02 real         1.99 user         1.02 sys
           329023488  maximum resident set size
                   0  average shared memory size
                   0  average unshared data size
                   0  average unshared stack size
               47183  page reclaims
                   1  page faults
                   0  swaps
                   0  block input operations
                   0  block output operations
                 455  messages sent
               61570  messages received
                   0  signals received
                 238  voluntary context switches
              115263  involuntary context switches
         23330722919  instructions retired
          9647341480  cycles elapsed
           212124608  peak memory footprint
----------------------
Run 8:
S3 Test file path: bnl/ch330a.pc19790301-bnl.nc
Target Variable: UM_m01s16i202_vn1106
Dataset loaded from S3 with s3fs and Pyfive: bnl/ch330a.pc19790301-bnl.nc (0.14,3.7)
Loaded dataset <HDF5 dataset "UM_m01s16i202_vn1106": shape (40, 1920, 2560), type "float32">
Confirm slice is (slice(0, 8, None), slice(0, 413, None), slice(0, 551, None))
Result is [[[5002.91015625]]]
       13.68 real         1.68 user         0.84 sys
           307412992  maximum resident set size
                   0  average shared memory size
                   0  average unshared data size
                   0  average unshared stack size
               51487  page reclaims
                   1  page faults
                   0  swaps
                   0  block input operations
                   0  block output operations
                 455  messages sent
               57282  messages received
                   0  signals received
                 256  voluntary context switches
              112998  involuntary context switches
         22891023697  instructions retired
          9189726764  cycles elapsed
           233063384  peak memory footprint
----------------------
Run 9:
S3 Test file path: bnl/ch330a.pc19790301-bnl.nc
Target Variable: UM_m01s16i202_vn1106
Dataset loaded from S3 with s3fs and Pyfive: bnl/ch330a.pc19790301-bnl.nc (0.14,3.9)
Loaded dataset <HDF5 dataset "UM_m01s16i202_vn1106": shape (40, 1920, 2560), type "float32">
Confirm slice is (slice(0, 8, None), slice(0, 413, None), slice(0, 551, None))
Result is [[[5002.91015625]]]
       13.80 real         1.69 user         0.85 sys
           311181312  maximum resident set size
                   0  average shared memory size
                   0  average unshared data size
                   0  average unshared stack size
               43012  page reclaims
                   1  page faults
                   0  swaps
                   0  block input operations
                   0  block output operations
                 455  messages sent
               57870  messages received
                   0  signals received
                 241  voluntary context switches
              114727  involuntary context switches
         22904227702  instructions retired
          9166967668  cycles elapsed
           217580528  peak memory footprint
----------------------
Run 10:
S3 Test file path: bnl/ch330a.pc19790301-bnl.nc
Target Variable: UM_m01s16i202_vn1106
Dataset loaded from S3 with s3fs and Pyfive: bnl/ch330a.pc19790301-bnl.nc (0.15,3.7)
Loaded dataset <HDF5 dataset "UM_m01s16i202_vn1106": shape (40, 1920, 2560), type "float32">
Confirm slice is (slice(0, 8, None), slice(0, 413, None), slice(0, 551, None))
Result is [[[5002.91015625]]]
       14.08 real         1.68 user         0.85 sys
           335396864  maximum resident set size
                   0  average shared memory size
                   0  average unshared data size
                   0  average unshared stack size
               47565  page reclaims
                   1  page faults
                   0  swaps
                   0  block input operations
                   0  block output operations
                 455  messages sent
               58536  messages received
                   0  signals received
                 233  voluntary context switches
              115250  involuntary context switches
         23069456286  instructions retired
          9223450811  cycles elapsed
           211092440  peak memory footprint
----------------------
Run 11:
S3 Test file path: bnl/ch330a.pc19790301-bnl.nc
Target Variable: UM_m01s16i202_vn1106
Dataset loaded from S3 with s3fs and Pyfive: bnl/ch330a.pc19790301-bnl.nc (0.14,3.7)
Loaded dataset <HDF5 dataset "UM_m01s16i202_vn1106": shape (40, 1920, 2560), type "float32">
Confirm slice is (slice(0, 8, None), slice(0, 413, None), slice(0, 551, None))
Result is [[[5002.91015625]]]
       13.61 real         1.67 user         0.83 sys
           306839552  maximum resident set size
                   0  average shared memory size
                   0  average unshared data size
                   0  average unshared stack size
               44282  page reclaims
                   1  page faults
                   0  swaps
                   0  block input operations
                   0  block output operations
                 455  messages sent
               56663  messages received
                   0  signals received
                 250  voluntary context switches
              112900  involuntary context switches
         22742369136  instructions retired
          9090381457  cycles elapsed
           216056840  peak memory footprint
----------------------
Run 12:
S3 Test file path: bnl/ch330a.pc19790301-bnl.nc
Target Variable: UM_m01s16i202_vn1106
Dataset loaded from S3 with s3fs and Pyfive: bnl/ch330a.pc19790301-bnl.nc (0.15,3.8)
Loaded dataset <HDF5 dataset "UM_m01s16i202_vn1106": shape (40, 1920, 2560), type "float32">
Confirm slice is (slice(0, 8, None), slice(0, 413, None), slice(0, 551, None))
Result is [[[5002.91015625]]]
       13.47 real         1.63 user         0.83 sys
           294223872  maximum resident set size
                   0  average shared memory size
                   0  average unshared data size
                   0  average unshared stack size
               46587  page reclaims
                   1  page faults
                   0  swaps
                   0  block input operations
                   0  block output operations
                 455  messages sent
               56683  messages received
                   0  signals received
                 245  voluntary context switches
              113271  involuntary context switches
         22914803320  instructions retired
          9035226338  cycles elapsed
           225412104  peak memory footprint
----------------------
Run 13:
S3 Test file path: bnl/ch330a.pc19790301-bnl.nc
Target Variable: UM_m01s16i202_vn1106
Dataset loaded from S3 with s3fs and Pyfive: bnl/ch330a.pc19790301-bnl.nc (0.14,4.2)
Loaded dataset <HDF5 dataset "UM_m01s16i202_vn1106": shape (40, 1920, 2560), type "float32">
Confirm slice is (slice(0, 8, None), slice(0, 413, None), slice(0, 551, None))
Result is [[[5002.91015625]]]
       14.22 real         1.74 user         0.86 sys
           310067200  maximum resident set size
                   0  average shared memory size
                   0  average unshared data size
                   0  average unshared stack size
               41929  page reclaims
                   1  page faults
                   0  swaps
                   0  block input operations
                   0  block output operations
                 455  messages sent
               58844  messages received
                   0  signals received
                 237  voluntary context switches
              115085  involuntary context switches
         22939634427  instructions retired
          9345422156  cycles elapsed
           211698672  peak memory footprint
----------------------
Run 14:
S3 Test file path: bnl/ch330a.pc19790301-bnl.nc
Target Variable: UM_m01s16i202_vn1106
Dataset loaded from S3 with s3fs and Pyfive: bnl/ch330a.pc19790301-bnl.nc (0.14,3.8)
Loaded dataset <HDF5 dataset "UM_m01s16i202_vn1106": shape (40, 1920, 2560), type "float32">
Confirm slice is (slice(0, 8, None), slice(0, 413, None), slice(0, 551, None))
Result is [[[5002.91015625]]]
       13.71 real         1.64 user         0.82 sys
           314228736  maximum resident set size
                   0  average shared memory size
                   0  average unshared data size
                   0  average unshared stack size
               42689  page reclaims
                   1  page faults
                   0  swaps
                   0  block input operations
                   0  block output operations
                 455  messages sent
               58326  messages received
                   0  signals received
                 251  voluntary context switches
              115541  involuntary context switches
         22909979698  instructions retired
          9107384761  cycles elapsed
           210273192  peak memory footprint
----------------------
Run 15:
S3 Test file path: bnl/ch330a.pc19790301-bnl.nc
Target Variable: UM_m01s16i202_vn1106
Dataset loaded from S3 with s3fs and Pyfive: bnl/ch330a.pc19790301-bnl.nc (0.14,4.0)
Loaded dataset <HDF5 dataset "UM_m01s16i202_vn1106": shape (40, 1920, 2560), type "float32">
Confirm slice is (slice(0, 8, None), slice(0, 413, None), slice(0, 551, None))
Result is [[[5002.91015625]]]
       14.09 real         1.68 user         0.85 sys
           313229312  maximum resident set size
                   0  average shared memory size
                   0  average unshared data size
                   0  average unshared stack size
               50825  page reclaims
                   1  page faults
                   0  swaps
                   0  block input operations
                   0  block output operations
                 455  messages sent
               59432  messages received
                   0  signals received
                 254  voluntary context switches
              117137  involuntary context switches
         23122710569  instructions retired
          9193245114  cycles elapsed
           214664152  peak memory footprint
----------------------
Run 16:
S3 Test file path: bnl/ch330a.pc19790301-bnl.nc
Target Variable: UM_m01s16i202_vn1106
Dataset loaded from S3 with s3fs and Pyfive: bnl/ch330a.pc19790301-bnl.nc (0.15,3.7)
Loaded dataset <HDF5 dataset "UM_m01s16i202_vn1106": shape (40, 1920, 2560), type "float32">
Confirm slice is (slice(0, 8, None), slice(0, 413, None), slice(0, 551, None))
Result is [[[5002.91015625]]]
       13.63 real         1.65 user         0.83 sys
           310214656  maximum resident set size
                   0  average shared memory size
                   0  average unshared data size
                   0  average unshared stack size
               43468  page reclaims
                   1  page faults
                   0  swaps
                   0  block input operations
                   0  block output operations
                 455  messages sent
               56728  messages received
                   0  signals received
                 258  voluntary context switches
              113430  involuntary context switches
         22888456141  instructions retired
          9122368548  cycles elapsed
           219792416  peak memory footprint
----------------------
Run 17:
S3 Test file path: bnl/ch330a.pc19790301-bnl.nc
Target Variable: UM_m01s16i202_vn1106
Dataset loaded from S3 with s3fs and Pyfive: bnl/ch330a.pc19790301-bnl.nc (0.18,3.7)
Loaded dataset <HDF5 dataset "UM_m01s16i202_vn1106": shape (40, 1920, 2560), type "float32">
Confirm slice is (slice(0, 8, None), slice(0, 413, None), slice(0, 551, None))
Result is [[[5002.91015625]]]
       13.51 real         1.62 user         0.83 sys
           295370752  maximum resident set size
                   0  average shared memory size
                   0  average unshared data size
                   0  average unshared stack size
               43072  page reclaims
                   1  page faults
                   0  swaps
                   0  block input operations
                   0  block output operations
                 455  messages sent
               56738  messages received
                   0  signals received
                 243  voluntary context switches
              115637  involuntary context switches
         22803216064  instructions retired
          9127959432  cycles elapsed
           216581200  peak memory footprint
----------------------
Run 18:
S3 Test file path: bnl/ch330a.pc19790301-bnl.nc
Target Variable: UM_m01s16i202_vn1106
Dataset loaded from S3 with s3fs and Pyfive: bnl/ch330a.pc19790301-bnl.nc (0.14,3.8)
Loaded dataset <HDF5 dataset "UM_m01s16i202_vn1106": shape (40, 1920, 2560), type "float32">
Confirm slice is (slice(0, 8, None), slice(0, 413, None), slice(0, 551, None))
Result is [[[5002.91015625]]]
       14.46 real         1.76 user         0.88 sys
           308740096  maximum resident set size
                   0  average shared memory size
                   0  average unshared data size
                   0  average unshared stack size
               37238  page reclaims
                   1  page faults
                   0  swaps
                   0  block input operations
                   0  block output operations
                 455  messages sent
               59179  messages received
                   0  signals received
                 247  voluntary context switches
              119452  involuntary context switches
         22994538309  instructions retired
          9445138623  cycles elapsed
           216105992  peak memory footprint
----------------------
Run 19:
S3 Test file path: bnl/ch330a.pc19790301-bnl.nc
Target Variable: UM_m01s16i202_vn1106
Dataset loaded from S3 with s3fs and Pyfive: bnl/ch330a.pc19790301-bnl.nc (0.14,3.7)
Loaded dataset <HDF5 dataset "UM_m01s16i202_vn1106": shape (40, 1920, 2560), type "float32">
Confirm slice is (slice(0, 8, None), slice(0, 413, None), slice(0, 551, None))
Result is [[[5002.91015625]]]
       13.61 real         1.63 user         0.82 sys
           315080704  maximum resident set size
                   0  average shared memory size
                   0  average unshared data size
                   0  average unshared stack size
               36568  page reclaims
                  25  page faults
                   0  swaps
                   0  block input operations
                   0  block output operations
                 455  messages sent
               56622  messages received
                   0  signals received
                 243  voluntary context switches
              116642  involuntary context switches
         22748343180  instructions retired
          9089547698  cycles elapsed
           213222408  peak memory footprint
----------------------
Run 20:
S3 Test file path: bnl/ch330a.pc19790301-bnl.nc
Target Variable: UM_m01s16i202_vn1106
Dataset loaded from S3 with s3fs and Pyfive: bnl/ch330a.pc19790301-bnl.nc (0.14,4.0)
Loaded dataset <HDF5 dataset "UM_m01s16i202_vn1106": shape (40, 1920, 2560), type "float32">
Confirm slice is (slice(0, 8, None), slice(0, 413, None), slice(0, 551, None))
Result is [[[5002.91015625]]]
       13.93 real         1.69 user         0.86 sys
           317456384  maximum resident set size
                   0  average shared memory size
                   0  average unshared data size
                   0  average unshared stack size
               44937  page reclaims
                   1  page faults
                   0  swaps
                   0  block input operations
                   0  block output operations
                 455  messages sent
               57607  messages received
                   0  signals received
                 241  voluntary context switches
              114843  involuntary context switches
         22977703730  instructions retired
          9257299219  cycles elapsed
           227509256  peak memory footprint
----------------------
Run 21:
S3 Test file path: bnl/ch330a.pc19790301-bnl.nc
Target Variable: UM_m01s16i202_vn1106
Dataset loaded from S3 with s3fs and Pyfive: bnl/ch330a.pc19790301-bnl.nc (0.14,3.7)
Loaded dataset <HDF5 dataset "UM_m01s16i202_vn1106": shape (40, 1920, 2560), type "float32">
Confirm slice is (slice(0, 8, None), slice(0, 413, None), slice(0, 551, None))
Result is [[[5002.91015625]]]
       13.40 real         1.62 user         0.83 sys
           308019200  maximum resident set size
                   0  average shared memory size
                   0  average unshared data size
                   0  average unshared stack size
               42310  page reclaims
                   1  page faults
                   0  swaps
                   0  block input operations
                   0  block output operations
                 455  messages sent
               56840  messages received
                   0  signals received
                 241  voluntary context switches
              114680  involuntary context switches
         22929938211  instructions retired
          9139413479  cycles elapsed
           215499760  peak memory footprint
----------------------
Run 22:
S3 Test file path: bnl/ch330a.pc19790301-bnl.nc
Target Variable: UM_m01s16i202_vn1106
Dataset loaded from S3 with s3fs and Pyfive: bnl/ch330a.pc19790301-bnl.nc (0.14,3.6)
Loaded dataset <HDF5 dataset "UM_m01s16i202_vn1106": shape (40, 1920, 2560), type "float32">
Confirm slice is (slice(0, 8, None), slice(0, 413, None), slice(0, 551, None))
Result is [[[5002.91015625]]]
       13.47 real         1.64 user         0.83 sys
           304824320  maximum resident set size
                   0  average shared memory size
                   0  average unshared data size
                   0  average unshared stack size
               41608  page reclaims
                   1  page faults
                   0  swaps
                   0  block input operations
                   0  block output operations
                 455  messages sent
               56962  messages received
                   0  signals received
                 252  voluntary context switches
              114209  involuntary context switches
         22901099274  instructions retired
          9186989907  cycles elapsed
           217367584  peak memory footprint
----------------------
Run 23:
S3 Test file path: bnl/ch330a.pc19790301-bnl.nc
Target Variable: UM_m01s16i202_vn1106
Dataset loaded from S3 with s3fs and Pyfive: bnl/ch330a.pc19790301-bnl.nc (0.14,3.9)
Loaded dataset <HDF5 dataset "UM_m01s16i202_vn1106": shape (40, 1920, 2560), type "float32">
Confirm slice is (slice(0, 8, None), slice(0, 413, None), slice(0, 551, None))
Result is [[[5002.91015625]]]
       14.64 real         1.83 user         0.93 sys
           327778304  maximum resident set size
                   0  average shared memory size
                   0  average unshared data size
                   0  average unshared stack size
               43515  page reclaims
                   1  page faults
                   0  swaps
                   0  block input operations
                   0  block output operations
                 455  messages sent
               60634  messages received
                   0  signals received
                 248  voluntary context switches
              115865  involuntary context switches
         23097380122  instructions retired
          9468298508  cycles elapsed
           214401984  peak memory footprint
----------------------
Run 24:
S3 Test file path: bnl/ch330a.pc19790301-bnl.nc
Target Variable: UM_m01s16i202_vn1106
Dataset loaded from S3 with s3fs and Pyfive: bnl/ch330a.pc19790301-bnl.nc (0.14,3.7)
Loaded dataset <HDF5 dataset "UM_m01s16i202_vn1106": shape (40, 1920, 2560), type "float32">
Confirm slice is (slice(0, 8, None), slice(0, 413, None), slice(0, 551, None))
Result is [[[5002.91015625]]]
       14.19 real         1.72 user         0.85 sys
           313999360  maximum resident set size
                   0  average shared memory size
                   0  average unshared data size
                   0  average unshared stack size
               45740  page reclaims
                   1  page faults
                   0  swaps
                   0  block input operations
                   0  block output operations
                 455  messages sent
               57403  messages received
                   0  signals received
                 258  voluntary context switches
              114221  involuntary context switches
         22931878930  instructions retired
          9240079511  cycles elapsed
           216974272  peak memory footprint
----------------------
Run 25:
S3 Test file path: bnl/ch330a.pc19790301-bnl.nc
Target Variable: UM_m01s16i202_vn1106
Dataset loaded from S3 with s3fs and Pyfive: bnl/ch330a.pc19790301-bnl.nc (0.14,3.8)
Loaded dataset <HDF5 dataset "UM_m01s16i202_vn1106": shape (40, 1920, 2560), type "float32">
Confirm slice is (slice(0, 8, None), slice(0, 413, None), slice(0, 551, None))
Result is [[[5002.91015625]]]
       13.75 real         1.68 user         0.84 sys
           329940992  maximum resident set size
                   0  average shared memory size
                   0  average unshared data size
                   0  average unshared stack size
               48766  page reclaims
                   1  page faults
                   0  swaps
                   0  block input operations
                   0  block output operations
                 455  messages sent
               57313  messages received
                   0  signals received
                 256  voluntary context switches
              114186  involuntary context switches
         22893435168  instructions retired
          9144469969  cycles elapsed
           234488888  peak memory footprint
----------------------
Run 26:
S3 Test file path: bnl/ch330a.pc19790301-bnl.nc
Target Variable: UM_m01s16i202_vn1106
Dataset loaded from S3 with s3fs and Pyfive: bnl/ch330a.pc19790301-bnl.nc (0.14,3.7)
Loaded dataset <HDF5 dataset "UM_m01s16i202_vn1106": shape (40, 1920, 2560), type "float32">
Confirm slice is (slice(0, 8, None), slice(0, 413, None), slice(0, 551, None))
Result is [[[5002.91015625]]]
       13.93 real         1.68 user         0.85 sys
           298811392  maximum resident set size
                   0  average shared memory size
                   0  average unshared data size
                   0  average unshared stack size
               40208  page reclaims
                   1  page faults
                   0  swaps
                   0  block input operations
                   0  block output operations
                 455  messages sent
               58380  messages received
                   0  signals received
                 243  voluntary context switches
              115450  involuntary context switches
         22920341184  instructions retired
          9222281531  cycles elapsed
           217056288  peak memory footprint
----------------------
Run 27:
S3 Test file path: bnl/ch330a.pc19790301-bnl.nc
Target Variable: UM_m01s16i202_vn1106
Dataset loaded from S3 with s3fs and Pyfive: bnl/ch330a.pc19790301-bnl.nc (0.14,3.9)
Loaded dataset <HDF5 dataset "UM_m01s16i202_vn1106": shape (40, 1920, 2560), type "float32">
Confirm slice is (slice(0, 8, None), slice(0, 413, None), slice(0, 551, None))
Result is [[[5002.91015625]]]
       13.58 real         1.65 user         0.84 sys
           297254912  maximum resident set size
                   0  average shared memory size
                   0  average unshared data size
                   0  average unshared stack size
               42680  page reclaims
                   1  page faults
                   0  swaps
                   0  block input operations
                   0  block output operations
                 455  messages sent
               57374  messages received
                   0  signals received
                 232  voluntary context switches
              114715  involuntary context switches
         22834790181  instructions retired
          9125800051  cycles elapsed
           218006512  peak memory footprint
----------------------
Run 28:
S3 Test file path: bnl/ch330a.pc19790301-bnl.nc
Target Variable: UM_m01s16i202_vn1106
Dataset loaded from S3 with s3fs and Pyfive: bnl/ch330a.pc19790301-bnl.nc (0.14,3.8)
Loaded dataset <HDF5 dataset "UM_m01s16i202_vn1106": shape (40, 1920, 2560), type "float32">
Confirm slice is (slice(0, 8, None), slice(0, 413, None), slice(0, 551, None))
Result is [[[5002.91015625]]]
       14.45 real         1.84 user         0.96 sys
           333496320  maximum resident set size
                   0  average shared memory size
                   0  average unshared data size
                   0  average unshared stack size
               43861  page reclaims
                   1  page faults
                   0  swaps
                   0  block input operations
                   0  block output operations
                 455  messages sent
               60682  messages received
                   0  signals received
                 251  voluntary context switches
              115736  involuntary context switches
         23109982908  instructions retired
          9452517319  cycles elapsed
           215598064  peak memory footprint
----------------------
Run 29:
S3 Test file path: bnl/ch330a.pc19790301-bnl.nc
Target Variable: UM_m01s16i202_vn1106
Dataset loaded from S3 with s3fs and Pyfive: bnl/ch330a.pc19790301-bnl.nc (0.14,3.7)
Loaded dataset <HDF5 dataset "UM_m01s16i202_vn1106": shape (40, 1920, 2560), type "float32">
Confirm slice is (slice(0, 8, None), slice(0, 413, None), slice(0, 551, None))
Result is [[[5002.91015625]]]
       13.58 real         1.64 user         0.83 sys
           305676288  maximum resident set size
                   0  average shared memory size
                   0  average unshared data size
                   0  average unshared stack size
               42685  page reclaims
                   1  page faults
                   0  swaps
                   0  block input operations
                   0  block output operations
                 455  messages sent
               56918  messages received
                   0  signals received
                 255  voluntary context switches
              115900  involuntary context switches
         22944787759  instructions retired
          9147250525  cycles elapsed
           217678856  peak memory footprint
----------------------
Run 30:
S3 Test file path: bnl/ch330a.pc19790301-bnl.nc
Target Variable: UM_m01s16i202_vn1106
Dataset loaded from S3 with s3fs and Pyfive: bnl/ch330a.pc19790301-bnl.nc (0.15,3.9)
Loaded dataset <HDF5 dataset "UM_m01s16i202_vn1106": shape (40, 1920, 2560), type "float32">
Confirm slice is (slice(0, 8, None), slice(0, 413, None), slice(0, 551, None))
Result is [[[5002.91015625]]]
       13.86 real         1.67 user         0.86 sys
           295976960  maximum resident set size
                   0  average shared memory size
                   0  average unshared data size
                   0  average unshared stack size
               40546  page reclaims
                   1  page faults
                   0  swaps
                   0  block input operations
                   0  block output operations
                 455  messages sent
               59022  messages received
                   0  signals received
                 235  voluntary context switches
              117229  involuntary context switches
         22990835752  instructions retired
          9302448864  cycles elapsed
           217433072  peak memory footprint
----------------------
