Run 1:
S3 Test file path: bnl/ch330a.pc19790301-bnl.nc
Target Variable: UM_m01s16i202_vn1106
Dataset loaded from S3 with s3fs and Pyfive: bnl/ch330a.pc19790301-bnl.nc (0.14,3.7)
Loaded dataset <HDF5 dataset "UM_m01s16i202_vn1106": shape (40, 1920, 2560), type "float32">
Confirm slice is (slice(0, 8, None), slice(0, 413, None), slice(0, 551, None))
Result is [[[5002.91015625]]]
       31.84 real         3.86 user         2.44 sys
           844906496  maximum resident set size
                   0  average shared memory size
                   0  average unshared data size
                   0  average unshared stack size
               75695  page reclaims
                   3  page faults
                   0  swaps
                   0  block input operations
                   0  block output operations
                 160  messages sent
              278996  messages received
                   0  signals received
                   6  voluntary context switches
              304616  involuntary context switches
         56529484020  instructions retired
         23606296215  cycles elapsed
           443123392  peak memory footprint
----------------------
Run 2:
S3 Test file path: bnl/ch330a.pc19790301-bnl.nc
Target Variable: UM_m01s16i202_vn1106
Dataset loaded from S3 with s3fs and Pyfive: bnl/ch330a.pc19790301-bnl.nc (0.15,4.1)
Loaded dataset <HDF5 dataset "UM_m01s16i202_vn1106": shape (40, 1920, 2560), type "float32">
Confirm slice is (slice(0, 8, None), slice(0, 413, None), slice(0, 551, None))
Result is [[[5002.91015625]]]
       32.35 real         3.84 user         2.49 sys
           849133568  maximum resident set size
                   0  average shared memory size
                   0  average unshared data size
                   0  average unshared stack size
               78018  page reclaims
                  29  page faults
                   0  swaps
                   0  block input operations
                   0  block output operations
                 160  messages sent
              283863  messages received
                   0  signals received
                 815  voluntary context switches
              307197  involuntary context switches
         57130300830  instructions retired
         23672712783  cycles elapsed
           520308464  peak memory footprint
----------------------
Run 3:
S3 Test file path: bnl/ch330a.pc19790301-bnl.nc
Target Variable: UM_m01s16i202_vn1106
Dataset loaded from S3 with s3fs and Pyfive: bnl/ch330a.pc19790301-bnl.nc (0.14,4.0)
Loaded dataset <HDF5 dataset "UM_m01s16i202_vn1106": shape (40, 1920, 2560), type "float32">
Confirm slice is (slice(0, 8, None), slice(0, 413, None), slice(0, 551, None))
Result is [[[5002.91015625]]]
       32.11 real         3.95 user         2.48 sys
           869482496  maximum resident set size
                   0  average shared memory size
                   0  average unshared data size
                   0  average unshared stack size
               90900  page reclaims
                  27  page faults
                   0  swaps
                   0  block input operations
                   0  block output operations
                 160  messages sent
              276924  messages received
                   0  signals received
                 815  voluntary context switches
              313800  involuntary context switches
         57101705847  instructions retired
         24054614593  cycles elapsed
           516982512  peak memory footprint
----------------------
Run 4:
S3 Test file path: bnl/ch330a.pc19790301-bnl.nc
Target Variable: UM_m01s16i202_vn1106
Dataset loaded from S3 with s3fs and Pyfive: bnl/ch330a.pc19790301-bnl.nc (0.15,3.8)
Loaded dataset <HDF5 dataset "UM_m01s16i202_vn1106": shape (40, 1920, 2560), type "float32">
Confirm slice is (slice(0, 8, None), slice(0, 413, None), slice(0, 551, None))
Result is [[[5002.91015625]]]
       32.29 real         3.90 user         2.47 sys
           831815680  maximum resident set size
                   0  average shared memory size
                   0  average unshared data size
                   0  average unshared stack size
               75478  page reclaims
                  41  page faults
                   0  swaps
                   0  block input operations
                   0  block output operations
                 160  messages sent
              285009  messages received
                   0  signals received
                 816  voluntary context switches
              319757  involuntary context switches
         57370126640  instructions retired
         23997114812  cycles elapsed
           470845192  peak memory footprint
----------------------
Run 5:
S3 Test file path: bnl/ch330a.pc19790301-bnl.nc
Target Variable: UM_m01s16i202_vn1106
Dataset loaded from S3 with s3fs and Pyfive: bnl/ch330a.pc19790301-bnl.nc (0.15,4.1)
Loaded dataset <HDF5 dataset "UM_m01s16i202_vn1106": shape (40, 1920, 2560), type "float32">
Confirm slice is (slice(0, 8, None), slice(0, 413, None), slice(0, 551, None))
Result is [[[5002.91015625]]]
       33.28 real         4.04 user         2.52 sys
           850903040  maximum resident set size
                   0  average shared memory size
                   0  average unshared data size
                   0  average unshared stack size
               79671  page reclaims
                  13  page faults
                   0  swaps
                   0  block input operations
                   0  block output operations
                 160  messages sent
              276812  messages received
                   0  signals received
                 765  voluntary context switches
              307287  involuntary context switches
         56636803959  instructions retired
         23939017113  cycles elapsed
           465979096  peak memory footprint
----------------------
Run 6:
S3 Test file path: bnl/ch330a.pc19790301-bnl.nc
Target Variable: UM_m01s16i202_vn1106
Dataset loaded from S3 with s3fs and Pyfive: bnl/ch330a.pc19790301-bnl.nc (0.16,3.8)
Loaded dataset <HDF5 dataset "UM_m01s16i202_vn1106": shape (40, 1920, 2560), type "float32">
Confirm slice is (slice(0, 8, None), slice(0, 413, None), slice(0, 551, None))
Result is [[[5002.91015625]]]
       31.99 real         3.96 user         2.48 sys
           832143360  maximum resident set size
                   0  average shared memory size
                   0  average unshared data size
                   0  average unshared stack size
               77644  page reclaims
                   1  page faults
                   0  swaps
                   0  block input operations
                   0  block output operations
                 160  messages sent
              282182  messages received
                   0  signals received
                   6  voluntary context switches
              316175  involuntary context switches
         57223555343  instructions retired
         24063460612  cycles elapsed
           517342960  peak memory footprint
----------------------
Run 7:
S3 Test file path: bnl/ch330a.pc19790301-bnl.nc
Target Variable: UM_m01s16i202_vn1106
Dataset loaded from S3 with s3fs and Pyfive: bnl/ch330a.pc19790301-bnl.nc (0.17,4.1)
Loaded dataset <HDF5 dataset "UM_m01s16i202_vn1106": shape (40, 1920, 2560), type "float32">
Confirm slice is (slice(0, 8, None), slice(0, 413, None), slice(0, 551, None))
Result is [[[5002.91015625]]]
       33.11 real         4.02 user         2.51 sys
           815497216  maximum resident set size
                   0  average shared memory size
                   0  average unshared data size
                   0  average unshared stack size
               74655  page reclaims
                  25  page faults
                   0  swaps
                   0  block input operations
                   0  block output operations
                 160  messages sent
              280642  messages received
                   0  signals received
                 814  voluntary context switches
              308664  involuntary context switches
         56841289590  instructions retired
         23972830981  cycles elapsed
           474744536  peak memory footprint
----------------------
Run 8:
S3 Test file path: bnl/ch330a.pc19790301-bnl.nc
Target Variable: UM_m01s16i202_vn1106
Dataset loaded from S3 with s3fs and Pyfive: bnl/ch330a.pc19790301-bnl.nc (0.14,3.9)
Loaded dataset <HDF5 dataset "UM_m01s16i202_vn1106": shape (40, 1920, 2560), type "float32">
Confirm slice is (slice(0, 8, None), slice(0, 413, None), slice(0, 551, None))
Result is [[[5002.91015625]]]
       31.76 real         3.90 user         2.45 sys
           851116032  maximum resident set size
                   0  average shared memory size
                   0  average unshared data size
                   0  average unshared stack size
               78204  page reclaims
                   1  page faults
                   0  swaps
                   0  block input operations
                   0  block output operations
                 160  messages sent
              274223  messages received
                   0  signals received
                   6  voluntary context switches
              313688  involuntary context switches
         56209163691  instructions retired
         23702780364  cycles elapsed
           498599664  peak memory footprint
----------------------
Run 9:
S3 Test file path: bnl/ch330a.pc19790301-bnl.nc
Target Variable: UM_m01s16i202_vn1106
Dataset loaded from S3 with s3fs and Pyfive: bnl/ch330a.pc19790301-bnl.nc (0.15,3.9)
Loaded dataset <HDF5 dataset "UM_m01s16i202_vn1106": shape (40, 1920, 2560), type "float32">
Confirm slice is (slice(0, 8, None), slice(0, 413, None), slice(0, 551, None))
Result is [[[5002.91015625]]]
       32.06 real         3.89 user         2.39 sys
           836878336  maximum resident set size
                   0  average shared memory size
                   0  average unshared data size
                   0  average unshared stack size
               79773  page reclaims
                  33  page faults
                   0  swaps
                   0  block input operations
                   0  block output operations
                 160  messages sent
              263956  messages received
                   0  signals received
                 814  voluntary context switches
              315812  involuntary context switches
         55811384734  instructions retired
         23689990967  cycles elapsed
           467601112  peak memory footprint
----------------------
Run 10:
S3 Test file path: bnl/ch330a.pc19790301-bnl.nc
Target Variable: UM_m01s16i202_vn1106
Dataset loaded from S3 with s3fs and Pyfive: bnl/ch330a.pc19790301-bnl.nc (0.16,3.8)
Loaded dataset <HDF5 dataset "UM_m01s16i202_vn1106": shape (40, 1920, 2560), type "float32">
Confirm slice is (slice(0, 8, None), slice(0, 413, None), slice(0, 551, None))
Result is [[[5002.91015625]]]
       32.05 real         3.92 user         2.46 sys
           769949696  maximum resident set size
                   0  average shared memory size
                   0  average unshared data size
                   0  average unshared stack size
               79858  page reclaims
                   1  page faults
                   0  swaps
                   0  block input operations
                   0  block output operations
                 160  messages sent
              276848  messages received
                   0  signals received
                   6  voluntary context switches
              306085  involuntary context switches
         56426673492  instructions retired
         23662871904  cycles elapsed
           498435872  peak memory footprint
----------------------
Run 11:
S3 Test file path: bnl/ch330a.pc19790301-bnl.nc
Target Variable: UM_m01s16i202_vn1106
Dataset loaded from S3 with s3fs and Pyfive: bnl/ch330a.pc19790301-bnl.nc (0.15,3.8)
Loaded dataset <HDF5 dataset "UM_m01s16i202_vn1106": shape (40, 1920, 2560), type "float32">
Confirm slice is (slice(0, 8, None), slice(0, 413, None), slice(0, 551, None))
Result is [[[5002.91015625]]]
       32.04 real         3.97 user         2.45 sys
           774799360  maximum resident set size
                   0  average shared memory size
                   0  average unshared data size
                   0  average unshared stack size
               78248  page reclaims
                   1  page faults
                   0  swaps
                   0  block input operations
                   0  block output operations
                 160  messages sent
              279598  messages received
                   0  signals received
                   7  voluntary context switches
              309425  involuntary context switches
         56726633018  instructions retired
         23751188408  cycles elapsed
           531793672  peak memory footprint
----------------------
Run 12:
S3 Test file path: bnl/ch330a.pc19790301-bnl.nc
Target Variable: UM_m01s16i202_vn1106
Dataset loaded from S3 with s3fs and Pyfive: bnl/ch330a.pc19790301-bnl.nc (0.15,3.8)
Loaded dataset <HDF5 dataset "UM_m01s16i202_vn1106": shape (40, 1920, 2560), type "float32">
Confirm slice is (slice(0, 8, None), slice(0, 413, None), slice(0, 551, None))
Result is [[[5002.91015625]]]
       32.04 real         3.91 user         2.47 sys
           853262336  maximum resident set size
                   0  average shared memory size
                   0  average unshared data size
                   0  average unshared stack size
               81907  page reclaims
                  29  page faults
                   0  swaps
                   0  block input operations
                   0  block output operations
                 160  messages sent
              280444  messages received
                   0  signals received
                   8  voluntary context switches
              304740  involuntary context switches
         56818147182  instructions retired
         23711618992  cycles elapsed
           469026568  peak memory footprint
----------------------
Run 13:
S3 Test file path: bnl/ch330a.pc19790301-bnl.nc
Target Variable: UM_m01s16i202_vn1106
Dataset loaded from S3 with s3fs and Pyfive: bnl/ch330a.pc19790301-bnl.nc (0.15,3.9)
Loaded dataset <HDF5 dataset "UM_m01s16i202_vn1106": shape (40, 1920, 2560), type "float32">
Confirm slice is (slice(0, 8, None), slice(0, 413, None), slice(0, 551, None))
Result is [[[5002.91015625]]]
       32.27 real         3.88 user         2.47 sys
           836780032  maximum resident set size
                   0  average shared memory size
                   0  average unshared data size
                   0  average unshared stack size
               89517  page reclaims
                   1  page faults
                   0  swaps
                   0  block input operations
                   0  block output operations
                 160  messages sent
              278746  messages received
                   0  signals received
                   6  voluntary context switches
              306082  involuntary context switches
         56689005543  instructions retired
         23675296876  cycles elapsed
           499189512  peak memory footprint
----------------------
Run 14:
S3 Test file path: bnl/ch330a.pc19790301-bnl.nc
Target Variable: UM_m01s16i202_vn1106
Dataset loaded from S3 with s3fs and Pyfive: bnl/ch330a.pc19790301-bnl.nc (0.15,3.8)
Loaded dataset <HDF5 dataset "UM_m01s16i202_vn1106": shape (40, 1920, 2560), type "float32">
Confirm slice is (slice(0, 8, None), slice(0, 413, None), slice(0, 551, None))
Result is [[[5002.91015625]]]
       31.92 real         3.96 user         2.48 sys
           810270720  maximum resident set size
                   0  average shared memory size
                   0  average unshared data size
                   0  average unshared stack size
               81677  page reclaims
                   1  page faults
                   0  swaps
                   0  block input operations
                   0  block output operations
                 160  messages sent
              278282  messages received
                   0  signals received
                   6  voluntary context switches
              310302  involuntary context switches
         56835924249  instructions retired
         23896710991  cycles elapsed
           494552888  peak memory footprint
----------------------
Run 15:
S3 Test file path: bnl/ch330a.pc19790301-bnl.nc
Target Variable: UM_m01s16i202_vn1106
Dataset loaded from S3 with s3fs and Pyfive: bnl/ch330a.pc19790301-bnl.nc (0.15,3.8)
Loaded dataset <HDF5 dataset "UM_m01s16i202_vn1106": shape (40, 1920, 2560), type "float32">
Confirm slice is (slice(0, 8, None), slice(0, 413, None), slice(0, 551, None))
Result is [[[5002.91015625]]]
       31.87 real         3.89 user         2.46 sys
           889454592  maximum resident set size
                   0  average shared memory size
                   0  average unshared data size
                   0  average unshared stack size
               88022  page reclaims
                  41  page faults
                   0  swaps
                   0  block input operations
                   0  block output operations
                 160  messages sent
              281082  messages received
                   0  signals received
                 175  voluntary context switches
              312926  involuntary context switches
         56999852057  instructions retired
         23769952676  cycles elapsed
           532105064  peak memory footprint
----------------------
Run 16:
S3 Test file path: bnl/ch330a.pc19790301-bnl.nc
Target Variable: UM_m01s16i202_vn1106
Dataset loaded from S3 with s3fs and Pyfive: bnl/ch330a.pc19790301-bnl.nc (0.15,3.9)
Loaded dataset <HDF5 dataset "UM_m01s16i202_vn1106": shape (40, 1920, 2560), type "float32">
Confirm slice is (slice(0, 8, None), slice(0, 413, None), slice(0, 551, None))
Result is [[[5002.91015625]]]
       32.20 real         3.86 user         2.48 sys
           835387392  maximum resident set size
                   0  average shared memory size
                   0  average unshared data size
                   0  average unshared stack size
               86383  page reclaims
                  14  page faults
                   0  swaps
                   0  block input operations
                   0  block output operations
                 160  messages sent
              279571  messages received
                   0  signals received
                1080  voluntary context switches
              309057  involuntary context switches
         56984428080  instructions retired
         23779362126  cycles elapsed
           491767512  peak memory footprint
----------------------
Run 17:
S3 Test file path: bnl/ch330a.pc19790301-bnl.nc
Target Variable: UM_m01s16i202_vn1106
Dataset loaded from S3 with s3fs and Pyfive: bnl/ch330a.pc19790301-bnl.nc (0.17,4.5)
Loaded dataset <HDF5 dataset "UM_m01s16i202_vn1106": shape (40, 1920, 2560), type "float32">
Confirm slice is (slice(0, 8, None), slice(0, 413, None), slice(0, 551, None))
Result is [[[5002.91015625]]]
       32.64 real         3.89 user         2.44 sys
           785825792  maximum resident set size
                   0  average shared memory size
                   0  average unshared data size
                   0  average unshared stack size
               68108  page reclaims
                   1  page faults
                   0  swaps
                   0  block input operations
                   0  block output operations
                 160  messages sent
              272970  messages received
                   0  signals received
                   6  voluntary context switches
              314428  involuntary context switches
         56443270007  instructions retired
         23671942328  cycles elapsed
           497485552  peak memory footprint
----------------------
Run 18:
S3 Test file path: bnl/ch330a.pc19790301-bnl.nc
Target Variable: UM_m01s16i202_vn1106
Dataset loaded from S3 with s3fs and Pyfive: bnl/ch330a.pc19790301-bnl.nc (0.14,3.7)
Loaded dataset <HDF5 dataset "UM_m01s16i202_vn1106": shape (40, 1920, 2560), type "float32">
Confirm slice is (slice(0, 8, None), slice(0, 413, None), slice(0, 551, None))
Result is [[[5002.91015625]]]
       31.57 real         3.88 user         2.46 sys
           787087360  maximum resident set size
                   0  average shared memory size
                   0  average unshared data size
                   0  average unshared stack size
               75753  page reclaims
                   1  page faults
                   0  swaps
                   0  block input operations
                   0  block output operations
                 160  messages sent
              277076  messages received
                   0  signals received
                   6  voluntary context switches
              317110  involuntary context switches
         56575225407  instructions retired
         23840028681  cycles elapsed
           452265736  peak memory footprint
----------------------
Run 19:
S3 Test file path: bnl/ch330a.pc19790301-bnl.nc
Target Variable: UM_m01s16i202_vn1106
Dataset loaded from S3 with s3fs and Pyfive: bnl/ch330a.pc19790301-bnl.nc (0.14,3.7)
Loaded dataset <HDF5 dataset "UM_m01s16i202_vn1106": shape (40, 1920, 2560), type "float32">
Confirm slice is (slice(0, 8, None), slice(0, 413, None), slice(0, 551, None))
Result is [[[5002.91015625]]]
       31.87 real         4.02 user         2.51 sys
           720584704  maximum resident set size
                   0  average shared memory size
                   0  average unshared data size
                   0  average unshared stack size
               81613  page reclaims
                   1  page faults
                   0  swaps
                   0  block input operations
                   0  block output operations
                 160  messages sent
              281198  messages received
                   0  signals received
                   6  voluntary context switches
              321201  involuntary context switches
         57183859371  instructions retired
         24431972913  cycles elapsed
           542770952  peak memory footprint
----------------------
Run 20:
S3 Test file path: bnl/ch330a.pc19790301-bnl.nc
Target Variable: UM_m01s16i202_vn1106
Dataset loaded from S3 with s3fs and Pyfive: bnl/ch330a.pc19790301-bnl.nc (0.14,3.6)
Loaded dataset <HDF5 dataset "UM_m01s16i202_vn1106": shape (40, 1920, 2560), type "float32">
Confirm slice is (slice(0, 8, None), slice(0, 413, None), slice(0, 551, None))
Result is [[[5002.91015625]]]
       31.63 real         3.90 user         2.48 sys
           849592320  maximum resident set size
                   0  average shared memory size
                   0  average unshared data size
                   0  average unshared stack size
               87236  page reclaims
                   1  page faults
                   0  swaps
                   0  block input operations
                   0  block output operations
                 160  messages sent
              278538  messages received
                   0  signals received
                   6  voluntary context switches
              320679  involuntary context switches
         57297748095  instructions retired
         24122762794  cycles elapsed
           531171128  peak memory footprint
----------------------
Run 21:
S3 Test file path: bnl/ch330a.pc19790301-bnl.nc
Target Variable: UM_m01s16i202_vn1106
Dataset loaded from S3 with s3fs and Pyfive: bnl/ch330a.pc19790301-bnl.nc (0.15,3.8)
Loaded dataset <HDF5 dataset "UM_m01s16i202_vn1106": shape (40, 1920, 2560), type "float32">
Confirm slice is (slice(0, 8, None), slice(0, 413, None), slice(0, 551, None))
Result is [[[5002.91015625]]]
       32.75 real         4.00 user         2.54 sys
           767311872  maximum resident set size
                   0  average shared memory size
                   0  average unshared data size
                   0  average unshared stack size
               76031  page reclaims
                  25  page faults
                   0  swaps
                   0  block input operations
                   0  block output operations
                 160  messages sent
              284969  messages received
                   0  signals received
                 815  voluntary context switches
              317603  involuntary context switches
         57296334216  instructions retired
         24165161956  cycles elapsed
           490669760  peak memory footprint
----------------------
Run 22:
S3 Test file path: bnl/ch330a.pc19790301-bnl.nc
Target Variable: UM_m01s16i202_vn1106
Dataset loaded from S3 with s3fs and Pyfive: bnl/ch330a.pc19790301-bnl.nc (0.14,3.9)
Loaded dataset <HDF5 dataset "UM_m01s16i202_vn1106": shape (40, 1920, 2560), type "float32">
Confirm slice is (slice(0, 8, None), slice(0, 413, None), slice(0, 551, None))
Result is [[[5002.91015625]]]
       32.35 real         3.97 user         2.50 sys
           845512704  maximum resident set size
                   0  average shared memory size
                   0  average unshared data size
                   0  average unshared stack size
               76428  page reclaims
                  23  page faults
                   0  swaps
                   0  block input operations
                   0  block output operations
                 160  messages sent
              274638  messages received
                   0  signals received
                 814  voluntary context switches
              335641  involuntary context switches
         56980660541  instructions retired
         24483510758  cycles elapsed
           465798920  peak memory footprint
----------------------
Run 23:
S3 Test file path: bnl/ch330a.pc19790301-bnl.nc
Target Variable: UM_m01s16i202_vn1106
Dataset loaded from S3 with s3fs and Pyfive: bnl/ch330a.pc19790301-bnl.nc (0.14,4.0)
Loaded dataset <HDF5 dataset "UM_m01s16i202_vn1106": shape (40, 1920, 2560), type "float32">
Confirm slice is (slice(0, 8, None), slice(0, 413, None), slice(0, 551, None))
Result is [[[5002.91015625]]]
       32.33 real         3.93 user         2.46 sys
           821952512  maximum resident set size
                   0  average shared memory size
                   0  average unshared data size
                   0  average unshared stack size
               77914  page reclaims
                  25  page faults
                   0  swaps
                   0  block input operations
                   0  block output operations
                 160  messages sent
              279877  messages received
                   0  signals received
                 814  voluntary context switches
              302813  involuntary context switches
         56587086704  instructions retired
         23526139005  cycles elapsed
           503695112  peak memory footprint
----------------------
Run 24:
S3 Test file path: bnl/ch330a.pc19790301-bnl.nc
Target Variable: UM_m01s16i202_vn1106
Dataset loaded from S3 with s3fs and Pyfive: bnl/ch330a.pc19790301-bnl.nc (0.15,3.6)
Loaded dataset <HDF5 dataset "UM_m01s16i202_vn1106": shape (40, 1920, 2560), type "float32">
Confirm slice is (slice(0, 8, None), slice(0, 413, None), slice(0, 551, None))
Result is [[[5002.91015625]]]
       32.00 real         3.87 user         2.41 sys
           833470464  maximum resident set size
                   0  average shared memory size
                   0  average unshared data size
                   0  average unshared stack size
               81082  page reclaims
                   1  page faults
                   0  swaps
                   0  block input operations
                   0  block output operations
                 160  messages sent
              271313  messages received
                   0  signals received
                   6  voluntary context switches
              304077  involuntary context switches
         56057680981  instructions retired
         23254789227  cycles elapsed
           483346184  peak memory footprint
----------------------
Run 25:
S3 Test file path: bnl/ch330a.pc19790301-bnl.nc
Target Variable: UM_m01s16i202_vn1106
Dataset loaded from S3 with s3fs and Pyfive: bnl/ch330a.pc19790301-bnl.nc (0.15,4.0)
Loaded dataset <HDF5 dataset "UM_m01s16i202_vn1106": shape (40, 1920, 2560), type "float32">
Confirm slice is (slice(0, 8, None), slice(0, 413, None), slice(0, 551, None))
Result is [[[5002.91015625]]]
       32.15 real         3.89 user         2.45 sys
           826408960  maximum resident set size
                   0  average shared memory size
                   0  average unshared data size
                   0  average unshared stack size
               74473  page reclaims
                   1  page faults
                   0  swaps
                   0  block input operations
                   0  block output operations
                 160  messages sent
              277953  messages received
                   0  signals received
                   6  voluntary context switches
              304544  involuntary context switches
         56577960074  instructions retired
         23537475918  cycles elapsed
           549160760  peak memory footprint
----------------------
Run 26:
S3 Test file path: bnl/ch330a.pc19790301-bnl.nc
Target Variable: UM_m01s16i202_vn1106
Dataset loaded from S3 with s3fs and Pyfive: bnl/ch330a.pc19790301-bnl.nc (0.15,3.8)
Loaded dataset <HDF5 dataset "UM_m01s16i202_vn1106": shape (40, 1920, 2560), type "float32">
Confirm slice is (slice(0, 8, None), slice(0, 413, None), slice(0, 551, None))
Result is [[[5002.91015625]]]
       32.14 real         3.91 user         2.49 sys
           884932608  maximum resident set size
                   0  average shared memory size
                   0  average unshared data size
                   0  average unshared stack size
               99691  page reclaims
                   1  page faults
                   0  swaps
                   0  block input operations
                   0  block output operations
                 160  messages sent
              276600  messages received
                   0  signals received
                   6  voluntary context switches
              304692  involuntary context switches
         56753405829  instructions retired
         23650380891  cycles elapsed
           583092000  peak memory footprint
----------------------
Run 27:
S3 Test file path: bnl/ch330a.pc19790301-bnl.nc
Target Variable: UM_m01s16i202_vn1106
Dataset loaded from S3 with s3fs and Pyfive: bnl/ch330a.pc19790301-bnl.nc (0.14,3.7)
Loaded dataset <HDF5 dataset "UM_m01s16i202_vn1106": shape (40, 1920, 2560), type "float32">
Confirm slice is (slice(0, 8, None), slice(0, 413, None), slice(0, 551, None))
Result is [[[5002.91015625]]]
       32.22 real         4.04 user         2.45 sys
           828162048  maximum resident set size
                   0  average shared memory size
                   0  average unshared data size
                   0  average unshared stack size
               83410  page reclaims
                   1  page faults
                   0  swaps
                   0  block input operations
                   0  block output operations
                 160  messages sent
              280381  messages received
                   0  signals received
                   6  voluntary context switches
              324094  involuntary context switches
         56979413855  instructions retired
         24813156639  cycles elapsed
           453134040  peak memory footprint
----------------------
Run 28:
S3 Test file path: bnl/ch330a.pc19790301-bnl.nc
Target Variable: UM_m01s16i202_vn1106
Dataset loaded from S3 with s3fs and Pyfive: bnl/ch330a.pc19790301-bnl.nc (0.15,4.0)
Loaded dataset <HDF5 dataset "UM_m01s16i202_vn1106": shape (40, 1920, 2560), type "float32">
Confirm slice is (slice(0, 8, None), slice(0, 413, None), slice(0, 551, None))
Result is [[[5002.91015625]]]
       32.24 real         3.93 user         2.52 sys
           862502912  maximum resident set size
                   0  average shared memory size
                   0  average unshared data size
                   0  average unshared stack size
               77935  page reclaims
                   1  page faults
                   0  swaps
                   0  block input operations
                   0  block output operations
                 160  messages sent
              277655  messages received
                   0  signals received
                   6  voluntary context switches
              305384  involuntary context switches
         56586582233  instructions retired
         23576837663  cycles elapsed
           499042104  peak memory footprint
----------------------
Run 29:
S3 Test file path: bnl/ch330a.pc19790301-bnl.nc
Target Variable: UM_m01s16i202_vn1106
Dataset loaded from S3 with s3fs and Pyfive: bnl/ch330a.pc19790301-bnl.nc (0.14,3.7)
Loaded dataset <HDF5 dataset "UM_m01s16i202_vn1106": shape (40, 1920, 2560), type "float32">
Confirm slice is (slice(0, 8, None), slice(0, 413, None), slice(0, 551, None))
Result is [[[5002.91015625]]]
       32.24 real         4.02 user         2.51 sys
           792903680  maximum resident set size
                   0  average shared memory size
                   0  average unshared data size
                   0  average unshared stack size
               69749  page reclaims
                   1  page faults
                   0  swaps
                   0  block input operations
                   0  block output operations
                 160  messages sent
              281205  messages received
                   0  signals received
                   6  voluntary context switches
              311061  involuntary context switches
         56935117930  instructions retired
         24038279018  cycles elapsed
           516507424  peak memory footprint
----------------------
Run 30:
S3 Test file path: bnl/ch330a.pc19790301-bnl.nc
Target Variable: UM_m01s16i202_vn1106
Dataset loaded from S3 with s3fs and Pyfive: bnl/ch330a.pc19790301-bnl.nc (0.15,3.8)
Loaded dataset <HDF5 dataset "UM_m01s16i202_vn1106": shape (40, 1920, 2560), type "float32">
Confirm slice is (slice(0, 8, None), slice(0, 413, None), slice(0, 551, None))
Result is [[[5002.91015625]]]
       32.57 real         3.99 user         2.47 sys
           835043328  maximum resident set size
                   0  average shared memory size
                   0  average unshared data size
                   0  average unshared stack size
               70362  page reclaims
                   1  page faults
                   0  swaps
                   0  block input operations
                   0  block output operations
                 160  messages sent
              282454  messages received
                   0  signals received
                   7  voluntary context switches
              316735  involuntary context switches
         57101787794  instructions retired
         24223492739  cycles elapsed
           454117080  peak memory footprint
----------------------
